==========================================
  Multi-seed training
  Seeds: 1 | Epochs: 1
  Env: Ant-v5 | Parallel envs: 1
  Log base: logs/Ant_v5
==========================================

>>> Phase 1: Training vanilla (nominal) policies...
  [vanilla] seed=0
Device is: cuda
[DDPGAgent] device=cuda  num_envs=1  pi_params=94984  q_params=95233

[DDPGAgent] Epoch 1/1  elapsed=2s  buf=4000
  return      -45.4  (episodes=24  mean_len=141)
  [perf] device=GPU (NVIDIA GeForce RTX 3080)  epoch_time=1.7s  steps/s=2355  updates/s=0
         env_step=1.41s (0.35ms/call x4000)  buf_sample=0.00s (0.00ms/call x0)  update=0.00s (0.00ms/call x0)
         GPU mem: alloc=1MB  reserved=2MB
  [saved] logs/Ant_v5/vanilla/seed_0/checkpoints
Done.

>>> Phase 2: Training RARL policies...
  [rarl] seed=0
[AdversarialDDPG] Loaded pi_opt from logs/Ant_v5/vanilla/seed_0/checkpoints
[AdversarialDDPG] device=cuda  num_envs=1  pi_rob=94984  pi_adv=94984  q=97281

[AdversarialDDPG] Epoch 1/1  elapsed=1s  buf=4000
  return     -112.1  (episodes=14  dist=3  mean_len=283)
  [perf] device=GPU (NVIDIA GeForce RTX 3080)  epoch_time=1.3s  steps/s=3138  updates/s=0
         env_step=1.04s (0.26ms/call x4000)  buf_sample=0.00s (0.00ms/call x0)  update=0.00s (0.00ms/call x0)
         GPU mem: alloc=3MB  reserved=4MB
  [saved] logs/Ant_v5/rarl/seed_0/checkpoints
Done.

>>> Phase 3: Training SA-MDP policies...
  [sa_mdp] seed=0
<frozen runpy>:128: RuntimeWarning: 'src.baselines.sa_mdp' found in sys.modules after import of package 'src.baselines', but prior to execution of 'src.baselines.sa_mdp'; this may result in unpredictable behaviour
Device is: cuda
[DDPGAgent] device=cuda  num_envs=1  pi_params=94984  q_params=95233
[SA-MDP] eps=0.05
  step=84  ret=-17.6  len=85
  step=107  ret=-28.4  len=23
  step=1108  ret=-323.2  len=1001
  step=1237  ret=-37.4  len=129
  step=1274  ret=-46.1  len=37
  step=1381  ret=-80.3  len=107
  step=1466  ret=-7.0  len=85
  step=1527  ret=-34.4  len=61
  step=1693  ret=-106.6  len=166
  step=2026  ret=-133.5  len=333
  step=2153  ret=-38.7  len=127
  step=2248  ret=-60.2  len=95
  step=2323  ret=-20.5  len=75
  step=2461  ret=-0.6  len=138
  step=2486  ret=-21.4  len=25
  step=2553  ret=-29.2  len=67
  step=2637  ret=-25.6  len=84
  step=2675  ret=3.0  len=38
  step=2734  ret=-23.5  len=59
  step=2762  ret=-23.0  len=28
  step=2805  ret=-20.5  len=43
  step=2823  ret=-6.6  len=18
  step=2863  ret=-24.0  len=40
  step=2989  ret=-45.3  len=126
  step=3161  ret=-61.2  len=172
  step=3255  ret=-41.3  len=94
  step=3543  ret=-44.3  len=288
  step=3641  ret=-38.5  len=98
  step=3656  ret=-5.9  len=15
  step=3857  ret=-36.0  len=201
  step=3887  ret=-23.0  len=30
  step=3924  ret=-46.1  len=37
[SA-MDP] Epoch 1/1  elapsed=1s
  [saved] logs/Ant_v5/sa_mdp/seed_0/checkpoints
Done.

>>> Phase 4: Training Domain Randomization policies...
  [dr] seed=0
<frozen runpy>:128: RuntimeWarning: 'src.baselines.domain_randomization' found in sys.modules after import of package 'src.baselines', but prior to execution of 'src.baselines.domain_randomization'; this may result in unpredictable behaviour
Device is: cuda
[DDPGAgent] device=cuda  num_envs=1  pi_params=94984  q_params=95233

[DDPGAgent] Epoch 1/1  elapsed=2s  buf=4000
  return      -44.9  (episodes=22  mean_len=141)
  [perf] device=GPU (NVIDIA GeForce RTX 3080)  epoch_time=1.7s  steps/s=2361  updates/s=0
         env_step=1.39s (0.35ms/call x4000)  buf_sample=0.00s (0.00ms/call x0)  update=0.00s (0.00ms/call x0)
         GPU mem: alloc=1MB  reserved=2MB
  [saved] logs/Ant_v5/dr/seed_0/checkpoints
Done.

>>> Phase 5: Training RZSM policies...
  [rzsm] seed=0
[AdversarialDDPG] Loaded pi_opt from logs/Ant_v5/vanilla/seed_0/checkpoints
[AdversarialDDPG] device=cuda  num_envs=1  pi_rob=94984  pi_adv=94984  q=97281

[AdversarialDDPG] Epoch 1/1  elapsed=2s  buf=4000
  return      -51.3  (episodes=27  dist=9  mean_len=137)
  [perf] device=GPU (NVIDIA GeForce RTX 3080)  epoch_time=2.4s  steps/s=1634  updates/s=0
         env_step=1.90s (0.48ms/call x4000)  buf_sample=0.00s (0.00ms/call x0)  update=0.00s (0.00ms/call x0)
         GPU mem: alloc=4MB  reserved=6MB
  [saved] logs/Ant_v5/rzsm/seed_0/checkpoints
Done.

==========================================
  Training complete!
  Checkpoints: logs/Ant_v5/{vanilla,rarl,sa_mdp,dr,rzsm}/seed_*/
==========================================

>>> Phase 6: Running evaluation...
Traceback (most recent call last):
  File "<frozen runpy>", line 198, in _run_module_as_main
  File "<frozen runpy>", line 88, in _run_code
  File "/home/ali/Documents/me/robust-zero-sum-marl/src/eval.py", line 636, in <module>
    main()
    ~~~~^^
  File "/home/ali/Documents/me/robust-zero-sum-marl/src/eval.py", line 631, in main
    run_evaluation(args)
    ~~~~~~~~~~~~~~^^^^^^
  File "/home/ali/Documents/me/robust-zero-sum-marl/src/eval.py", line 487, in run_evaluation
    result = evaluate_policy(
        policy_fn, env, n_episodes=args.episodes,
        rzsm_state=rzsm_state,
    )
  File "/home/ali/Documents/me/robust-zero-sum-marl/src/eval.py", line 242, in evaluate_policy
    action = policy_fn(obs)
  File "/home/ali/Documents/me/robust-zero-sum-marl/.env/lib/python3.13/site-packages/torch/utils/_contextlib.py", line 124, in decorate_context
    return func(*args, **kwargs)
  File "/home/ali/Documents/me/robust-zero-sum-marl/src/eval.py", line 132, in policy_fn
    obs_t = torch.as_tensor(obs, dtype=torch.float32, device=device).unsqueeze(0)
            ~~~~~~~~~~~~~~~^^^^^^^^^^^^^^^^^^^^^^^^^^^^^^^^^^^^^^^^^
KeyboardInterrupt

============================================================
  Method: vanilla
============================================================
  Found 5 seed(s): ['seed_0', 'seed_1', 'seed_2', 'seed_3', 'seed_4']

  Scenario: nominal  (50 episodes/seed)
    seed_0: J = 975.4 +/- 8.9  len = 1000  (79.1s)
    seed_1: J = 377.6 +/- 343.9  len = 378  (31.5s)
    seed_2: J = 902.5 +/- 766.4  len = 540  (37.1s)
    seed_3: J = 585.7 +/- 469.0  len = 486  (27.7s)
    seed_4: J = 982.4 +/- 684.5  len = 651  (34.3s)
    >> Aggregated (5 seeds): J = 764.7 +/- 241.9

  Scenario: force  (50 episodes/seed)
    seed_0: J = 964.0 +/- 105.0  len = 983  (51.1s)
    seed_1: J = 324.9 +/- 382.9  len = 309  (15.2s)
    seed_2: J = 679.9 +/- 550.7  len = 584  (27.5s)
    seed_3: J = 414.4 +/- 350.3  len = 398  (18.3s)
    seed_4: J = 804.3 +/- 583.8  len = 568  (25.7s)
    >> Aggregated (5 seeds): J = 637.5 +/- 238.2

  Scenario: params  (50 episodes/seed)
    seed_0: J = 975.8 +/- 15.4  len = 1000  (46.0s)
    seed_1: J = 396.7 +/- 324.6  len = 460  (20.2s)
    seed_2: J = 720.4 +/- 719.0  len = 511  (23.1s)
    seed_3: J = 363.4 +/- 350.1  len = 406  (17.9s)
    seed_4: J = 739.6 +/- 683.7  len = 580  (25.7s)
    >> Aggregated (5 seeds): J = 639.2 +/- 230.2

  Scenario: noise  (50 episodes/seed)
    seed_0: J = 973.3 +/- 12.8  len = 1000  (48.8s)
    seed_1: J = 385.5 +/- 339.9  len = 323  (16.4s)
    seed_2: J = 820.7 +/- 635.3  len = 620  (31.1s)
    seed_3: J = 406.8 +/- 345.1  len = 443  (22.8s)
    seed_4: J = 766.9 +/- 638.2  len = 548  (28.1s)
    >> Aggregated (5 seeds): J = 670.7 +/- 234.2

  Scenario: combined  (50 episodes/seed)
    seed_0: J = 973.9 +/- 24.1  len = 1000  (52.0s)
    seed_1: J = 313.6 +/- 317.1  len = 411  (20.8s)
    seed_2: J = 605.3 +/- 549.6  len = 521  (26.1s)
    seed_3: J = 307.9 +/- 259.1  len = 429  (21.2s)
    seed_4: J = 579.1 +/- 655.8  len = 443  (22.1s)
    >> Aggregated (5 seeds): J = 555.9 +/- 244.1

============================================================
  Method: rarl
============================================================
  Found 5 seed(s): ['seed_0', 'seed_1', 'seed_2', 'seed_3', 'seed_4']

  Scenario: nominal  (50 episodes/seed)
    seed_0: J = 974.4 +/- 14.1  len = 1000  (52.4s)
    seed_1: J = 1945.4 +/- 639.2  len = 915  (46.3s)
    seed_2: J = 879.1 +/- 629.5  len = 629  (32.6s)
    seed_3: J = 1312.5 +/- 827.6  len = 694  (36.9s)
    seed_4: J = 1482.0 +/- 910.5  len = 790  (41.6s)
    >> Aggregated (5 seeds): J = 1318.7 +/- 382.4

  Scenario: force  (50 episodes/seed)
    seed_0: J = 973.3 +/- 22.6  len = 1000  (46.8s)
    seed_1: J = 1163.2 +/- 790.5  len = 608  (26.0s)
    seed_2: J = 704.1 +/- 488.6  len = 527  (21.9s)
    seed_3: J = 1034.3 +/- 763.8  len = 620  (27.1s)
    seed_4: J = 926.4 +/- 665.3  len = 556  (24.5s)
    >> Aggregated (5 seeds): J = 960.3 +/- 150.7

  Scenario: params  (50 episodes/seed)
    seed_0: J = 975.6 +/- 10.0  len = 1000  (45.0s)
    seed_1: J = 1718.6 +/- 717.8  len = 879  (38.3s)
    seed_2: J = 748.9 +/- 592.2  len = 621  (27.0s)
    seed_3: J = 875.1 +/- 730.3  len = 613  (25.7s)
    seed_4: J = 1156.1 +/- 716.9  len = 666  (28.8s)
    >> Aggregated (5 seeds): J = 1094.9 +/- 339.1

  Scenario: noise  (50 episodes/seed)
    seed_0: J = 973.7 +/- 11.9  len = 1000  (43.8s)
    seed_1: J = 1518.8 +/- 799.5  len = 740  (32.4s)
    seed_2: J = 1006.4 +/- 691.2  len = 681  (27.8s)
    seed_3: J = 951.4 +/- 729.7  len = 631  (18.6s)
    seed_4: J = 1313.3 +/- 882.0  len = 704  (21.7s)
    >> Aggregated (5 seeds): J = 1152.7 +/- 225.3

  Scenario: combined  (50 episodes/seed)
    seed_0: J = 980.4 +/- 29.0  len = 997  (32.3s)
    seed_1: J = 1032.5 +/- 721.9  len = 631  (20.1s)
    seed_2: J = 575.1 +/- 461.4  len = 434  (13.8s)
    seed_3: J = 649.0 +/- 561.5  len = 548  (17.9s)
    seed_4: J = 791.2 +/- 656.6  len = 614  (19.7s)
    >> Aggregated (5 seeds): J = 805.6 +/- 178.8

============================================================
  Method: sa_mdp
============================================================
  Found 5 seed(s): ['seed_0', 'seed_1', 'seed_2', 'seed_3', 'seed_4']

  Scenario: nominal  (50 episodes/seed)
    seed_0: J = 976.9 +/- 8.4  len = 1000  (28.5s)
    seed_1: J = 345.9 +/- 399.5  len = 482  (13.9s)
    seed_2: J = 481.3 +/- 428.2  len = 400  (11.3s)
    seed_3: J = 357.8 +/- 315.1  len = 480  (15.2s)
    seed_4: J = 523.3 +/- 495.1  len = 438  (13.2s)
    >> Aggregated (5 seeds): J = 537.0 +/- 230.4

  Scenario: force  (50 episodes/seed)
    seed_0: J = 978.2 +/- 22.0  len = 1000  (31.8s)
    seed_1: J = 245.7 +/- 220.7  len = 467  (15.3s)
    seed_2: J = 378.3 +/- 268.3  len = 434  (13.8s)
    seed_3: J = 284.8 +/- 215.9  len = 341  (11.0s)
    seed_4: J = 475.7 +/- 390.7  len = 535  (16.2s)
    >> Aggregated (5 seeds): J = 472.6 +/- 265.1

  Scenario: params  (50 episodes/seed)
    seed_0: J = 976.0 +/- 16.1  len = 1000  (29.2s)
    seed_1: J = 257.0 +/- 353.7  len = 410  (12.5s)
    seed_2: J = 370.8 +/- 353.5  len = 357  (10.8s)
    seed_3: J = 293.5 +/- 277.5  len = 452  (14.3s)
    seed_4: J = 501.4 +/- 467.9  len = 456  (13.1s)
    >> Aggregated (5 seeds): J = 479.7 +/- 261.9

  Scenario: noise  (50 episodes/seed)
    seed_0: J = 975.4 +/- 11.7  len = 1000  (29.8s)
    seed_1: J = 294.8 +/- 295.7  len = 374  (10.8s)
    seed_2: J = 467.3 +/- 398.7  len = 433  (12.1s)
    seed_3: J = 377.0 +/- 365.3  len = 514  (14.6s)
    seed_4: J = 667.7 +/- 523.2  len = 570  (16.0s)
    >> Aggregated (5 seeds): J = 556.4 +/- 243.5

  Scenario: combined  (50 episodes/seed)
    seed_0: J = 973.5 +/- 52.4  len = 993  (31.2s)
    seed_1: J = 170.8 +/- 224.4  len = 329  (9.9s)
    seed_2: J = 292.3 +/- 246.3  len = 305  (8.9s)
    seed_3: J = 233.6 +/- 227.0  len = 353  (10.7s)
    seed_4: J = 334.3 +/- 276.7  len = 434  (13.1s)
    >> Aggregated (5 seeds): J = 400.9 +/- 291.6

============================================================
  Method: dr
============================================================
  Found 5 seed(s): ['seed_0', 'seed_1', 'seed_2', 'seed_3', 'seed_4']

  Scenario: nominal  (50 episodes/seed)
    seed_0: J = 973.7 +/- 11.1  len = 1000  (30.5s)
