==========================================
  Multi-seed training
  Seeds: 1 | Epochs: 1
  Env: HalfCheetah-v5 | Parallel envs: 1
  Log base: logs/HalfCheetah_v5
==========================================

>>> Phase 1: Training vanilla (nominal) policies...
  [vanilla] seed=0
Device is: cuda
[DDPGAgent] device=cuda  num_envs=1  pi_params=71942  q_params=72193

[DDPGAgent] Epoch 1/1  elapsed=1s  buf=4000
  return     -387.4  (episodes=3  mean_len=1001)
  [perf] device=GPU (NVIDIA GeForce RTX 3080)  epoch_time=0.7s  steps/s=5703  updates/s=0
         env_step=0.41s (0.10ms/call x4000)  buf_sample=0.00s (0.00ms/call x0)  update=0.00s (0.00ms/call x0)
         GPU mem: alloc=1MB  reserved=2MB
  [saved] logs/HalfCheetah_v5/vanilla/seed_0/checkpoints
Done.

>>> Phase 2: Training RARL policies...
  [rarl] seed=0
[AdversarialDDPG] Loaded pi_opt from logs/HalfCheetah_v5/vanilla/seed_0/checkpoints
[AdversarialDDPG] device=cuda  num_envs=1  pi_rob=71942  pi_adv=71942  q=73729

[AdversarialDDPG] Epoch 1/1  elapsed=1s  buf=4000
  return     -326.4  (episodes=3  dist=0  mean_len=1001)
  [perf] device=GPU (NVIDIA GeForce RTX 3080)  epoch_time=0.6s  steps/s=7191  updates/s=0
         env_step=0.31s (0.08ms/call x4000)  buf_sample=0.00s (0.00ms/call x0)  update=0.00s (0.00ms/call x0)
         GPU mem: alloc=2MB  reserved=4MB
  [saved] logs/HalfCheetah_v5/rarl/seed_0/checkpoints
Done.

>>> Phase 3: Training SA-MDP policies...
  [sa_mdp] seed=0
<frozen runpy>:128: RuntimeWarning: 'src.baselines.sa_mdp' found in sys.modules after import of package 'src.baselines', but prior to execution of 'src.baselines.sa_mdp'; this may result in unpredictable behaviour
Device is: cuda
[DDPGAgent] device=cuda  num_envs=1  pi_params=71942  q_params=72193
[SA-MDP] eps=0.05
  step=999  ret=-263.0  len=1000
  step=2000  ret=-175.9  len=1001
  step=3001  ret=-332.7  len=1001
[SA-MDP] Epoch 1/1  elapsed=0s
  [saved] logs/HalfCheetah_v5/sa_mdp/seed_0/checkpoints
Done.

>>> Phase 4: Training Domain Randomization policies...
  [dr] seed=0
<frozen runpy>:128: RuntimeWarning: 'src.baselines.domain_randomization' found in sys.modules after import of package 'src.baselines', but prior to execution of 'src.baselines.domain_randomization'; this may result in unpredictable behaviour
Device is: cuda
[DDPGAgent] device=cuda  num_envs=1  pi_params=71942  q_params=72193

[DDPGAgent] Epoch 1/1  elapsed=1s  buf=4000
  return     -266.7  (episodes=3  mean_len=1001)
  [perf] device=GPU (NVIDIA GeForce RTX 3080)  epoch_time=0.7s  steps/s=5960  updates/s=0
         env_step=0.40s (0.10ms/call x4000)  buf_sample=0.00s (0.00ms/call x0)  update=0.00s (0.00ms/call x0)
         GPU mem: alloc=1MB  reserved=2MB
  [saved] logs/HalfCheetah_v5/dr/seed_0/checkpoints
Done.

>>> Phase 5: Training RZSM policies...
  [rzsm] seed=0
[AdversarialDDPG] Loaded pi_opt from logs/HalfCheetah_v5/vanilla/seed_0/checkpoints
[AdversarialDDPG] device=cuda  num_envs=1  pi_rob=71942  pi_adv=71942  q=73729

[AdversarialDDPG] Epoch 1/1  elapsed=0s  buf=4000
  return     -295.3  (episodes=3  dist=0  mean_len=1001)
  [perf] device=GPU (NVIDIA GeForce RTX 3080)  epoch_time=0.5s  steps/s=8483  updates/s=0
         env_step=0.27s (0.07ms/call x4000)  buf_sample=0.00s (0.00ms/call x0)  update=0.00s (0.00ms/call x0)
         GPU mem: alloc=4MB  reserved=4MB
  [saved] logs/HalfCheetah_v5/rzsm/seed_0/checkpoints
Done.

==========================================
  Training complete!
  Checkpoints: logs/HalfCheetah_v5/{vanilla,rarl,sa_mdp,dr,rzsm}/seed_*/
==========================================

>>> Phase 6: Running evaluation...
Traceback (most recent call last):
  File "<frozen runpy>", line 198, in _run_module_as_main
  File "<frozen runpy>", line 88, in _run_code
  File "/home/ali/Documents/me/robust-zero-sum-marl/src/eval.py", line 636, in <module>
    main()
    ~~~~^^
  File "/home/ali/Documents/me/robust-zero-sum-marl/src/eval.py", line 631, in main
    run_evaluation(args)
    ~~~~~~~~~~~~~~^^^^^^
  File "/home/ali/Documents/me/robust-zero-sum-marl/src/eval.py", line 487, in run_evaluation
    result = evaluate_policy(
        policy_fn, env, n_episodes=args.episodes,
        rzsm_state=rzsm_state,
    )
  File "/home/ali/Documents/me/robust-zero-sum-marl/src/eval.py", line 242, in evaluate_policy
    action = policy_fn(obs)
  File "/home/ali/Documents/me/robust-zero-sum-marl/.env/lib/python3.13/site-packages/torch/utils/_contextlib.py", line 124, in decorate_context
    return func(*args, **kwargs)
  File "/home/ali/Documents/me/robust-zero-sum-marl/src/eval.py", line 133, in policy_fn
    return pi(obs_t).cpu().numpy().squeeze(0)
           ~~~~~~~~~~~~~^^
KeyboardInterrupt

============================================================
  Method: vanilla
============================================================
  Found 5 seed(s): ['seed_0', 'seed_1', 'seed_2', 'seed_3', 'seed_4']

  Scenario: nominal  (50 episodes/seed)
    seed_0: J = -43.6 +/- 5.9  len = 1000  (76.4s)
    seed_1: J = 2496.8 +/- 39.6  len = 1000  (75.0s)
    seed_2: J = 2712.0 +/- 33.7  len = 1000  (54.7s)
    seed_3: J = 2880.4 +/- 33.8  len = 1000  (40.9s)
    seed_4: J = 2710.9 +/- 392.3  len = 1000  (38.4s)
    >> Aggregated (5 seeds): J = 2151.3 +/- 1104.2

  Scenario: force  (50 episodes/seed)
    seed_0: J = -43.6 +/- 5.0  len = 1000  (38.6s)
    seed_1: J = 2487.2 +/- 40.6  len = 1000  (37.2s)
    seed_2: J = 2712.0 +/- 32.3  len = 1000  (37.2s)
    seed_3: J = 2862.6 +/- 50.6  len = 1000  (38.5s)
    seed_4: J = 2747.0 +/- 298.0  len = 1000  (38.1s)
    >> Aggregated (5 seeds): J = 2153.1 +/- 1105.1

  Scenario: params  (50 episodes/seed)
    seed_0: J = -27.6 +/- 32.7  len = 1000  (38.0s)
    seed_1: J = 2452.2 +/- 77.2  len = 1000  (39.7s)
    seed_2: J = 2595.0 +/- 151.6  len = 1000  (40.4s)
    seed_3: J = 2727.9 +/- 364.3  len = 1000  (44.5s)
    seed_4: J = 2770.2 +/- 61.6  len = 1000  (41.9s)
    >> Aggregated (5 seeds): J = 2103.5 +/- 1071.4

  Scenario: noise  (50 episodes/seed)
    seed_0: J = -43.9 +/- 1.2  len = 1000  (41.2s)
    seed_1: J = 2431.0 +/- 47.3  len = 1000  (40.9s)
    seed_2: J = 2675.3 +/- 57.3  len = 1000  (45.3s)
    seed_3: J = 2769.3 +/- 48.7  len = 1000  (46.0s)
    seed_4: J = 2753.7 +/- 45.6  len = 1000  (46.3s)
    >> Aggregated (5 seeds): J = 2117.1 +/- 1087.3

  Scenario: combined  (50 episodes/seed)
    seed_0: J = -21.5 +/- 25.1  len = 1000  (50.1s)
    seed_1: J = 2366.1 +/- 228.5  len = 1000  (48.6s)
    seed_2: J = 2561.8 +/- 109.1  len = 1000  (32.7s)
    seed_3: J = 2622.1 +/- 351.5  len = 1000  (32.2s)
    seed_4: J = 2695.9 +/- 91.8  len = 1000  (31.9s)
    >> Aggregated (5 seeds): J = 2044.9 +/- 1039.0

============================================================
  Method: rarl
============================================================
  Found 5 seed(s): ['seed_0', 'seed_1', 'seed_2', 'seed_3', 'seed_4']

  Scenario: nominal  (50 episodes/seed)
    seed_0: J = -44.5 +/- 0.9  len = 1000  (32.9s)
    seed_1: J = 2986.6 +/- 24.1  len = 1000  (32.8s)
    seed_2: J = 3331.0 +/- 42.1  len = 1000  (32.9s)
    seed_3: J = 3529.5 +/- 43.9  len = 1000  (33.2s)
    seed_4: J = 2868.5 +/- 19.7  len = 1000  (33.4s)
    >> Aggregated (5 seeds): J = 2534.2 +/- 1310.8

  Scenario: force  (50 episodes/seed)
    seed_0: J = -44.3 +/- 1.4  len = 1000  (33.3s)
    seed_1: J = 2980.7 +/- 21.8  len = 1000  (31.4s)
    seed_2: J = 3330.7 +/- 50.8  len = 1000  (32.2s)
    seed_3: J = 3535.8 +/- 44.3  len = 1000  (32.2s)
    seed_4: J = 2866.8 +/- 23.2  len = 1000  (20.9s)
    >> Aggregated (5 seeds): J = 2534.0 +/- 1311.2

  Scenario: params  (50 episodes/seed)
    seed_0: J = -25.3 +/- 21.3  len = 1000  (18.3s)
    seed_1: J = 2957.6 +/- 107.8  len = 1000  (18.0s)
    seed_2: J = 3263.6 +/- 93.8  len = 1000  (18.1s)
    seed_3: J = 3473.9 +/- 185.8  len = 1000  (19.2s)
    seed_4: J = 2824.5 +/- 115.6  len = 1000  (19.0s)
    >> Aggregated (5 seeds): J = 2498.9 +/- 1282.5

  Scenario: noise  (50 episodes/seed)
    seed_0: J = -44.2 +/- 0.9  len = 1000  (20.4s)
    seed_1: J = 2840.9 +/- 105.8  len = 1000  (20.1s)
    seed_2: J = 3220.2 +/- 61.1  len = 1000  (17.1s)
    seed_3: J = 3398.4 +/- 46.2  len = 1000  (17.1s)
    seed_4: J = 2813.1 +/- 28.6  len = 1000  (18.0s)
    >> Aggregated (5 seeds): J = 2445.7 +/- 1264.8

  Scenario: combined  (50 episodes/seed)
    seed_0: J = -31.1 +/- 27.1  len = 1000  (20.3s)
    seed_1: J = 2614.4 +/- 422.6  len = 1000  (19.3s)
    seed_2: J = 3131.3 +/- 135.9  len = 1000  (18.3s)
    seed_3: J = 3313.9 +/- 185.4  len = 1000  (20.8s)
    seed_4: J = 2766.7 +/- 103.0  len = 1000  (20.3s)
    >> Aggregated (5 seeds): J = 2359.1 +/- 1220.8

============================================================
  Method: sa_mdp
============================================================
  Found 5 seed(s): ['seed_0', 'seed_1', 'seed_2', 'seed_3', 'seed_4']

  Scenario: nominal  (50 episodes/seed)
    seed_0: J = -42.0 +/- 9.8  len = 1000  (18.4s)
    seed_1: J = 2664.2 +/- 30.0  len = 1000  (16.9s)
    seed_2: J = 2873.2 +/- 20.9  len = 1000  (17.3s)
    seed_3: J = 2861.4 +/- 34.6  len = 1000  (18.7s)
    seed_4: J = 3361.8 +/- 726.1  len = 1000  (18.9s)
    >> Aggregated (5 seeds): J = 2343.7 +/- 1214.8

  Scenario: force  (50 episodes/seed)
    seed_0: J = -43.9 +/- 1.5  len = 1000  (17.5s)
    seed_1: J = 2654.4 +/- 35.0  len = 1000  (17.3s)
    seed_2: J = 2874.4 +/- 19.5  len = 1000  (17.1s)
    seed_3: J = 2857.0 +/- 34.3  len = 1000  (16.7s)
    seed_4: J = 3537.4 +/- 52.3  len = 1000  (16.4s)
    >> Aggregated (5 seeds): J = 2375.9 +/- 1246.0

  Scenario: params  (50 episodes/seed)
    seed_0: J = -23.6 +/- 24.8  len = 1000  (17.1s)
    seed_1: J = 2548.5 +/- 364.4  len = 1000  (18.4s)
    seed_2: J = 2829.1 +/- 124.4  len = 1000  (17.4s)
    seed_3: J = 2861.4 +/- 107.3  len = 1000  (17.7s)
    seed_4: J = 3323.4 +/- 291.6  len = 1000  (17.1s)
    >> Aggregated (5 seeds): J = 2307.8 +/- 1191.9

  Scenario: noise  (50 episodes/seed)
    seed_0: J = -43.6 +/- 1.3  len = 1000  (18.7s)
