==========================================
  Multi-seed training
  Seeds: 1 | Epochs: 1
  Env: Hopper-v5 | Parallel envs: 1
  Log base: logs/Hopper_v5
==========================================

>>> Phase 1: Training vanilla (nominal) policies...
  [vanilla] seed=0
Device is: cuda
[DDPGAgent] device=cuda  num_envs=1  pi_params=69635  q_params=69889

[DDPGAgent] Epoch 1/1  elapsed=1s  buf=4000
  return       16.7  (episodes=174  mean_len=23)
  [perf] device=GPU (NVIDIA GeForce RTX 3080)  epoch_time=1.1s  steps/s=3791  updates/s=0
         env_step=0.75s (0.19ms/call x4000)  buf_sample=0.00s (0.00ms/call x0)  update=0.00s (0.00ms/call x0)
         GPU mem: alloc=1MB  reserved=2MB
  [saved] logs/Hopper_v5/vanilla/seed_0/checkpoints
Done.

>>> Phase 2: Training RARL policies...
  [rarl] seed=0
[AdversarialDDPG] Loaded pi_opt from logs/Hopper_v5/vanilla/seed_0/checkpoints
[AdversarialDDPG] device=cuda  num_envs=1  pi_rob=69635  pi_adv=69635  q=70657

[AdversarialDDPG] Epoch 1/1  elapsed=1s  buf=4000
  return       20.0  (episodes=156  dist=71  mean_len=25)
  [perf] device=GPU (NVIDIA GeForce RTX 3080)  epoch_time=0.8s  steps/s=5300  updates/s=0
         env_step=0.50s (0.12ms/call x4000)  buf_sample=0.00s (0.00ms/call x0)  update=0.00s (0.00ms/call x0)
         GPU mem: alloc=2MB  reserved=4MB
  [saved] logs/Hopper_v5/rarl/seed_0/checkpoints
Done.

>>> Phase 3: Training SA-MDP policies...
  [sa_mdp] seed=0
<frozen runpy>:128: RuntimeWarning: 'src.baselines.sa_mdp' found in sys.modules after import of package 'src.baselines', but prior to execution of 'src.baselines.sa_mdp'; this may result in unpredictable behaviour
Device is: cuda
[DDPGAgent] device=cuda  num_envs=1  pi_params=69635  q_params=69889
[SA-MDP] eps=0.05
  step=17  ret=11.2  len=18
  step=31  ret=8.7  len=14
  step=50  ret=8.2  len=19
  step=80  ret=37.2  len=30
  step=103  ret=6.8  len=23
  step=139  ret=25.5  len=36
  step=162  ret=9.0  len=23
  step=184  ret=14.5  len=22
  step=204  ret=14.4  len=20
  step=223  ret=16.8  len=19
  step=233  ret=5.9  len=10
  step=250  ret=12.4  len=17
  step=263  ret=7.1  len=13
  step=281  ret=11.6  len=18
  step=309  ret=9.1  len=28
  step=341  ret=15.0  len=32
  step=356  ret=8.5  len=15
  step=402  ret=44.0  len=46
  step=411  ret=4.9  len=9
  step=423  ret=8.6  len=12
  step=441  ret=9.4  len=18
  step=458  ret=9.8  len=17
  step=469  ret=5.5  len=11
  step=486  ret=7.1  len=17
  step=501  ret=11.8  len=15
  step=515  ret=11.8  len=14
  step=532  ret=12.0  len=17
  step=551  ret=15.0  len=19
  step=568  ret=11.3  len=17
  step=584  ret=11.9  len=16
  step=607  ret=15.6  len=23
  step=626  ret=12.3  len=19
  step=643  ret=10.6  len=17
  step=659  ret=9.3  len=16
  step=673  ret=7.1  len=14
  step=693  ret=9.8  len=20
  step=724  ret=10.7  len=31
  step=737  ret=9.6  len=13
  step=751  ret=10.5  len=14
  step=799  ret=57.9  len=48
  step=819  ret=9.3  len=20
  step=841  ret=19.8  len=22
  step=863  ret=20.9  len=22
  step=877  ret=8.1  len=14
  step=910  ret=28.7  len=33
  step=927  ret=6.9  len=17
  step=957  ret=27.9  len=30
  step=969  ret=7.8  len=12
  step=993  ret=10.5  len=24
  step=1010  ret=5.5  len=17
  step=1039  ret=13.2  len=29
  step=1070  ret=21.7  len=31
  step=1085  ret=9.3  len=15
  step=1111  ret=13.6  len=26
  step=1140  ret=12.1  len=29
  step=1163  ret=9.8  len=23
  step=1187  ret=12.9  len=24
  step=1207  ret=13.0  len=20
  step=1225  ret=9.3  len=18
  step=1240  ret=10.3  len=15
  step=1269  ret=36.6  len=29
  step=1292  ret=12.9  len=23
  step=1303  ret=4.7  len=11
  step=1332  ret=18.2  len=29
  step=1349  ret=8.3  len=17
  step=1382  ret=10.5  len=33
  step=1401  ret=9.6  len=19
  step=1457  ret=56.5  len=56
  step=1502  ret=27.1  len=45
  step=1519  ret=12.5  len=17
  step=1540  ret=21.3  len=21
  step=1573  ret=22.3  len=33
  step=1589  ret=9.9  len=16
  step=1598  ret=5.4  len=9
  step=1611  ret=7.3  len=13
  step=1630  ret=12.7  len=19
  step=1656  ret=22.5  len=26
  step=1676  ret=14.9  len=20
  step=1701  ret=13.1  len=25
  step=1731  ret=22.4  len=30
  step=1746  ret=12.8  len=15
  step=1758  ret=8.5  len=12
  step=1791  ret=17.1  len=33
  step=1804  ret=8.3  len=13
  step=1818  ret=10.8  len=14
  step=1836  ret=13.0  len=18
  step=1853  ret=7.3  len=17
  step=1873  ret=20.2  len=20
  step=1945  ret=137.2  len=72
  step=1974  ret=25.4  len=29
  step=1994  ret=13.5  len=20
  step=2017  ret=14.6  len=23
  step=2035  ret=9.0  len=18
  step=2096  ret=48.5  len=61
  step=2121  ret=15.7  len=25
  step=2137  ret=9.7  len=16
  step=2170  ret=27.6  len=33
  step=2189  ret=10.8  len=19
  step=2199  ret=5.7  len=10
  step=2238  ret=43.6  len=39
  step=2258  ret=13.5  len=20
  step=2270  ret=7.8  len=12
  step=2287  ret=11.7  len=17
  step=2301  ret=10.0  len=14
  step=2332  ret=16.1  len=31
  step=2350  ret=18.3  len=18
  step=2386  ret=41.3  len=36
  step=2411  ret=25.6  len=25
  step=2448  ret=47.7  len=37
  step=2467  ret=13.5  len=19
  step=2482  ret=10.7  len=15
  step=2499  ret=6.8  len=17
  step=2515  ret=11.5  len=16
  step=2530  ret=10.2  len=15
  step=2547  ret=16.0  len=17
  step=2567  ret=10.5  len=20
  step=2653  ret=186.0  len=86
  step=2671  ret=10.4  len=18
  step=2705  ret=31.3  len=34
  step=2720  ret=12.1  len=15
  step=2736  ret=7.1  len=16
  step=2749  ret=7.0  len=13
  step=2779  ret=9.8  len=30
  step=2805  ret=12.5  len=26
  step=2842  ret=41.6  len=37
  step=2873  ret=19.8  len=31
  step=2889  ret=12.6  len=16
  step=2911  ret=18.4  len=22
  step=2932  ret=19.1  len=21
  step=2950  ret=9.9  len=18
  step=2974  ret=12.5  len=24
  step=2988  ret=9.3  len=14
  step=3007  ret=8.2  len=19
  step=3022  ret=9.6  len=15
  step=3045  ret=10.9  len=23
  step=3079  ret=25.8  len=34
  step=3103  ret=24.1  len=24
  step=3117  ret=8.8  len=14
  step=3133  ret=10.3  len=16
  step=3242  ret=134.6  len=109
  step=3268  ret=29.9  len=26
  step=3279  ret=4.9  len=11
  step=3294  ret=4.3  len=15
  step=3309  ret=9.5  len=15
  step=3351  ret=66.6  len=42
  step=3369  ret=7.2  len=18
  step=3414  ret=31.5  len=45
  step=3459  ret=18.0  len=45
  step=3485  ret=6.4  len=26
  step=3504  ret=12.4  len=19
  step=3517  ret=10.2  len=13
  step=3538  ret=11.8  len=21
  step=3568  ret=27.0  len=30
  step=3583  ret=5.1  len=15
  step=3612  ret=10.8  len=29
  step=3628  ret=7.7  len=16
  step=3644  ret=8.3  len=16
  step=3671  ret=25.2  len=27
  step=3685  ret=8.0  len=14
  step=3719  ret=14.0  len=34
  step=3739  ret=18.8  len=20
  step=3756  ret=7.4  len=17
  step=3776  ret=16.4  len=20
  step=3790  ret=9.8  len=14
  step=3806  ret=7.0  len=16
  step=3842  ret=16.9  len=36
  step=3854  ret=6.3  len=12
  step=3869  ret=11.6  len=15
  step=3948  ret=132.6  len=79
  step=3966  ret=11.3  len=18
[SA-MDP] Epoch 1/1  elapsed=1s
  [saved] logs/Hopper_v5/sa_mdp/seed_0/checkpoints
Done.

>>> Phase 4: Training Domain Randomization policies...
  [dr] seed=0
<frozen runpy>:128: RuntimeWarning: 'src.baselines.domain_randomization' found in sys.modules after import of package 'src.baselines', but prior to execution of 'src.baselines.domain_randomization'; this may result in unpredictable behaviour
Device is: cuda
[DDPGAgent] device=cuda  num_envs=1  pi_params=69635  q_params=69889

[DDPGAgent] Epoch 1/1  elapsed=1s  buf=4000
  return       17.0  (episodes=171  mean_len=23)
  [perf] device=GPU (NVIDIA GeForce RTX 3080)  epoch_time=0.8s  steps/s=5269  updates/s=0
         env_step=0.55s (0.14ms/call x4000)  buf_sample=0.00s (0.00ms/call x0)  update=0.00s (0.00ms/call x0)
         GPU mem: alloc=1MB  reserved=2MB
  [saved] logs/Hopper_v5/dr/seed_0/checkpoints
Done.

>>> Phase 5: Training RZSM policies...
  [rzsm] seed=0
[AdversarialDDPG] Loaded pi_opt from logs/Hopper_v5/vanilla/seed_0/checkpoints
[AdversarialDDPG] device=cuda  num_envs=1  pi_rob=69635  pi_adv=69635  q=70657

[AdversarialDDPG] Epoch 1/1  elapsed=1s  buf=4000
  return       17.8  (episodes=181  dist=84  mean_len=22)
  [perf] device=GPU (NVIDIA GeForce RTX 3080)  epoch_time=0.7s  steps/s=5588  updates/s=0
         env_step=0.47s (0.12ms/call x4000)  buf_sample=0.00s (0.00ms/call x0)  update=0.00s (0.00ms/call x0)
         GPU mem: alloc=3MB  reserved=4MB
  [saved] logs/Hopper_v5/rzsm/seed_0/checkpoints
Done.

==========================================
  Training complete!
  Checkpoints: logs/Hopper_v5/{vanilla,rarl,sa_mdp,dr,rzsm}/seed_*/
==========================================

>>> Phase 6: Running evaluation...

============================================================
  Method: vanilla
============================================================
  Found 5 seed(s): ['seed_0', 'seed_1', 'seed_2', 'seed_3', 'seed_4']

  Scenario: nominal  (50 episodes/seed)
    seed_0: J = 28.6 +/- 1.2  len = 59  (4.5s)
    seed_1: J = 231.4 +/- 18.9  len = 112  (10.2s)
    seed_2: J = 315.2 +/- 8.7  len = 129  (9.6s)
    seed_3: J = 353.0 +/- 10.2  len = 126  (9.3s)
    seed_4: J = 479.4 +/- 159.7  len = 270  (20.3s)
    >> Aggregated (5 seeds): J = 281.5 +/- 149.6

  Scenario: force  (50 episodes/seed)
    seed_0: J = 28.6 +/- 1.2  len = 59  (4.6s)
    seed_1: J = 239.5 +/- 20.5  len = 114  (8.7s)
    seed_2: J = 315.0 +/- 9.3  len = 129  (10.2s)
    seed_3: J = 354.8 +/- 10.9  len = 127  (10.6s)
    seed_4: J = 496.7 +/- 130.9  len = 269  (22.4s)
    >> Aggregated (5 seeds): J = 286.9 +/- 153.9

  Scenario: params  (50 episodes/seed)
    seed_0: J = 29.1 +/- 2.9  len = 59  (5.0s)
    seed_1: J = 236.6 +/- 79.9  len = 117  (9.2s)
    seed_2: J = 266.8 +/- 66.3  len = 116  (8.4s)
    seed_3: J = 325.8 +/- 75.1  len = 122  (7.3s)
    seed_4: J = 468.5 +/- 152.5  len = 243  (15.1s)
    >> Aggregated (5 seeds): J = 265.4 +/- 142.5

  Scenario: noise  (50 episodes/seed)
    seed_0: J = 28.2 +/- 1.0  len = 58  (3.7s)
    seed_1: J = 223.9 +/- 52.4  len = 109  (6.4s)
    seed_2: J = 309.6 +/- 14.5  len = 127  (6.6s)
    seed_3: J = 341.3 +/- 60.3  len = 131  (6.9s)
    seed_4: J = 266.8 +/- 144.9  len = 130  (6.8s)
    >> Aggregated (5 seeds): J = 234.0 +/- 110.2

  Scenario: combined  (50 episodes/seed)
    seed_0: J = 29.0 +/- 2.8  len = 59  (3.1s)
    seed_1: J = 216.8 +/- 69.0  len = 108  (5.6s)
    seed_2: J = 249.8 +/- 81.1  len = 110  (5.7s)
    seed_3: J = 309.9 +/- 93.0  len = 122  (6.4s)
    seed_4: J = 256.1 +/- 147.7  len = 126  (6.8s)
    >> Aggregated (5 seeds): J = 212.3 +/- 96.4

============================================================
  Method: rarl
============================================================
  Found 5 seed(s): ['seed_0', 'seed_1', 'seed_2', 'seed_3', 'seed_4']

  Scenario: nominal  (50 episodes/seed)
    seed_0: J = 28.2 +/- 1.1  len = 58  (3.1s)
    seed_1: J = 591.8 +/- 71.6  len = 176  (6.7s)
    seed_2: J = 304.9 +/- 26.4  len = 132  (4.9s)
    seed_3: J = 396.5 +/- 33.7  len = 143  (5.3s)
    seed_4: J = 483.4 +/- 46.1  len = 186  (6.9s)
    >> Aggregated (5 seeds): J = 360.9 +/- 191.5

  Scenario: force  (50 episodes/seed)
    seed_0: J = 28.4 +/- 1.1  len = 58  (2.2s)
    seed_1: J = 582.7 +/- 78.7  len = 174  (6.5s)
    seed_2: J = 299.3 +/- 29.2  len = 131  (4.8s)
    seed_3: J = 395.5 +/- 29.8  len = 142  (5.3s)
    seed_4: J = 479.6 +/- 39.6  len = 186  (7.4s)
    >> Aggregated (5 seeds): J = 357.1 +/- 189.1

  Scenario: params  (50 episodes/seed)
    seed_0: J = 28.7 +/- 3.0  len = 59  (2.5s)
    seed_1: J = 512.1 +/- 95.7  len = 165  (6.5s)
    seed_2: J = 307.7 +/- 30.5  len = 131  (4.9s)
    seed_3: J = 377.3 +/- 51.5  len = 138  (5.3s)
    seed_4: J = 482.7 +/- 46.2  len = 184  (7.4s)
    >> Aggregated (5 seeds): J = 341.7 +/- 172.8

  Scenario: noise  (50 episodes/seed)
    seed_0: J = 28.6 +/- 1.1  len = 59  (2.3s)
    seed_1: J = 572.0 +/- 121.6  len = 180  (6.9s)
    seed_2: J = 299.4 +/- 29.9  len = 131  (5.0s)
    seed_3: J = 377.5 +/- 26.8  len = 139  (5.4s)
    seed_4: J = 445.0 +/- 78.1  len = 169  (6.5s)
    >> Aggregated (5 seeds): J = 344.5 +/- 181.5

  Scenario: combined  (50 episodes/seed)
    seed_0: J = 28.0 +/- 3.4  len = 58  (2.2s)
    seed_1: J = 502.6 +/- 122.8  len = 164  (6.1s)
    seed_2: J = 301.8 +/- 36.3  len = 131  (4.9s)
    seed_3: J = 380.9 +/- 29.9  len = 140  (5.3s)
    seed_4: J = 425.4 +/- 61.3  len = 166  (6.2s)
    >> Aggregated (5 seeds): J = 327.8 +/- 163.4

============================================================
  Method: sa_mdp
============================================================
  Found 5 seed(s): ['seed_0', 'seed_1', 'seed_2', 'seed_3', 'seed_4']

  Scenario: nominal  (50 episodes/seed)
    seed_0: J = 28.5 +/- 0.9  len = 59  (2.2s)
    seed_1: J = 251.7 +/- 56.0  len = 115  (4.2s)
    seed_2: J = 572.8 +/- 117.6  len = 199  (7.3s)
    seed_3: J = 377.6 +/- 71.9  len = 145  (5.3s)
    seed_4: J = 335.9 +/- 55.2  len = 128  (4.7s)
    >> Aggregated (5 seeds): J = 313.3 +/- 177.1

  Scenario: force  (50 episodes/seed)
    seed_0: J = 28.3 +/- 1.4  len = 58  (2.1s)
    seed_1: J = 252.4 +/- 59.2  len = 112  (4.1s)
    seed_2: J = 572.4 +/- 118.4  len = 199  (7.5s)
    seed_3: J = 372.3 +/- 66.8  len = 144  (5.5s)
    seed_4: J = 346.7 +/- 40.9  len = 131  (4.9s)
    >> Aggregated (5 seeds): J = 314.4 +/- 177.0

  Scenario: params  (50 episodes/seed)
    seed_0: J = 28.6 +/- 3.4  len = 59  (2.2s)
    seed_1: J = 255.6 +/- 56.4  len = 119  (4.5s)
    seed_2: J = 475.5 +/- 151.4  len = 175  (6.7s)
    seed_3: J = 384.8 +/- 180.1  len = 148  (5.6s)
    seed_4: J = 342.9 +/- 45.3  len = 134  (5.1s)
    >> Aggregated (5 seeds): J = 297.5 +/- 151.9

  Scenario: noise  (50 episodes/seed)
    seed_0: J = 28.6 +/- 1.4  len = 59  (2.3s)
    seed_1: J = 271.5 +/- 110.9  len = 108  (4.2s)
    seed_2: J = 473.8 +/- 107.3  len = 181  (7.0s)
    seed_3: J = 474.5 +/- 75.7  len = 169  (6.6s)
    seed_4: J = 298.3 +/- 121.0  len = 115  (4.4s)
    >> Aggregated (5 seeds): J = 309.3 +/- 164.1

  Scenario: combined  (50 episodes/seed)
    seed_0: J = 28.5 +/- 3.8  len = 59  (2.2s)
    seed_1: J = 269.1 +/- 98.8  len = 109  (4.1s)
    seed_2: J = 449.5 +/- 121.9  len = 173  (6.6s)
    seed_3: J = 431.5 +/- 178.8  len = 160  (6.1s)
    seed_4: J = 257.8 +/- 127.2  len = 104  (4.0s)
    >> Aggregated (5 seeds): J = 287.3 +/- 151.8

============================================================
  Method: dr
============================================================
  Found 5 seed(s): ['seed_0', 'seed_1', 'seed_2', 'seed_3', 'seed_4']

  Scenario: nominal  (50 episodes/seed)
    seed_0: J = 28.4 +/- 1.1  len = 59  (2.3s)
    seed_1: J = 440.6 +/- 76.4  len = 150  (5.8s)
    seed_2: J = 576.2 +/- 104.4  len = 185  (7.1s)
    seed_3: J = 476.2 +/- 143.6  len = 173  (6.6s)
    seed_4: J = 351.3 +/- 47.3  len = 127  (4.8s)
    >> Aggregated (5 seeds): J = 374.6 +/- 187.5

  Scenario: force  (50 episodes/seed)
    seed_0: J = 28.2 +/- 1.0  len = 58  (2.2s)
    seed_1: J = 427.7 +/- 56.4  len = 147  (5.7s)
    seed_2: J = 581.6 +/- 103.4  len = 187  (7.3s)
    seed_3: J = 479.4 +/- 134.6  len = 174  (6.5s)
    seed_4: J = 354.2 +/- 18.4  len = 127  (4.8s)
    >> Aggregated (5 seeds): J = 374.2 +/- 188.2

  Scenario: params  (50 episodes/seed)
    seed_0: J = 28.1 +/- 3.3  len = 58  (2.4s)
    seed_1: J = 401.0 +/- 200.3  len = 147  (5.8s)
    seed_2: J = 504.8 +/- 116.7  len = 174  (6.9s)
    seed_3: J = 484.5 +/- 220.6  len = 189  (7.4s)
    seed_4: J = 343.9 +/- 71.7  len = 130  (5.5s)
    >> Aggregated (5 seeds): J = 352.5 +/- 172.2

  Scenario: noise  (50 episodes/seed)
    seed_0: J = 28.3 +/- 1.1  len = 58  (2.4s)
    seed_1: J = 359.4 +/- 229.1  len = 130  (5.1s)
    seed_2: J = 487.7 +/- 141.2  len = 166  (6.8s)
    seed_3: J = 386.2 +/- 136.4  len = 153  (6.4s)
    seed_4: J = 324.0 +/- 77.7  len = 126  (5.0s)
    >> Aggregated (5 seeds): J = 317.1 +/- 154.3

  Scenario: combined  (50 episodes/seed)
    seed_0: J = 28.6 +/- 3.8  len = 58  (2.4s)
    seed_1: J = 428.4 +/- 257.4  len = 154  (6.2s)
    seed_2: J = 435.5 +/- 107.2  len = 154  (6.5s)
    seed_3: J = 392.3 +/- 163.0  len = 157  (6.2s)
    seed_4: J = 315.5 +/- 88.5  len = 124  (5.2s)
    >> Aggregated (5 seeds): J = 320.1 +/- 151.8

============================================================
  Method: rzsm
============================================================
  Found 5 seed(s): ['seed_0', 'seed_1', 'seed_2', 'seed_3', 'seed_4']

  Scenario: nominal  (50 episodes/seed)
    seed_0: J = 28.4 +/- 1.0  len = 58  (7.6s)
    seed_1: J = 284.7 +/- 68.0  len = 144  (18.3s)
    seed_2: J = 304.7 +/- 2.6  len = 131  (15.3s)
    seed_3: J = 325.5 +/- 26.4  len = 160  (18.3s)
    seed_4: J = 366.7 +/- 40.3  len = 177  (20.3s)
    >> Aggregated (5 seeds): J = 262.0 +/- 119.9

  Scenario: force  (50 episodes/seed)
    seed_0: J = 28.4 +/- 1.0  len = 58  (6.5s)
    seed_1: J = 279.5 +/- 69.1  len = 142  (15.8s)
    seed_2: J = 304.1 +/- 4.7  len = 131  (14.7s)
    seed_3: J = 324.5 +/- 22.2  len = 168  (18.7s)
    seed_4: J = 360.3 +/- 31.8  len = 175  (19.4s)
    >> Aggregated (5 seeds): J = 259.4 +/- 118.5

  Scenario: params  (50 episodes/seed)
    seed_0: J = 28.8 +/- 3.0  len = 59  (6.5s)
    seed_1: J = 255.8 +/- 74.6  len = 126  (14.9s)
    seed_2: J = 304.0 +/- 31.2  len = 129  (16.2s)
    seed_3: J = 377.4 +/- 86.2  len = 186  (23.2s)
    seed_4: J = 365.7 +/- 58.8  len = 177  (22.2s)
    >> Aggregated (5 seeds): J = 266.3 +/- 126.6

  Scenario: noise  (50 episodes/seed)
    seed_0: J = 28.3 +/- 1.2  len = 58  (7.3s)
    seed_1: J = 300.5 +/- 21.8  len = 147  (18.3s)
    seed_2: J = 301.4 +/- 11.8  len = 128  (15.5s)
    seed_3: J = 329.5 +/- 28.7  len = 146  (18.4s)
    seed_4: J = 337.8 +/- 20.4  len = 149  (20.4s)
    >> Aggregated (5 seeds): J = 259.5 +/- 116.5

  Scenario: combined  (50 episodes/seed)
    seed_0: J = 28.5 +/- 3.2  len = 58  (7.9s)
    seed_1: J = 271.4 +/- 41.2  len = 130  (16.7s)
    seed_2: J = 282.1 +/- 45.8  len = 122  (16.0s)
    seed_3: J = 336.1 +/- 58.2  len = 156  (19.9s)
    seed_4: J = 334.3 +/- 25.0  len = 150  (18.3s)
    >> Aggregated (5 seeds): J = 250.5 +/- 114.1
Saved: results/Hopper_v5/comparison_table.csv
Saved: results/Hopper_v5/per_seed_results.csv
Saved: results/Hopper_v5/detection_metrics.json

======================================================================
  RESULTS: Hopper-v5  (aggregated across seeds)
======================================================================
Method       Scenario           Return   Length  Seeds
--------------------------------------------------------
vanilla      nominal         281.5±149.6     139     5
vanilla      force           286.9±153.9     140     5
vanilla      params          265.4±142.5     131     5
vanilla      noise           234.0±110.2     111     5
vanilla      combined        212.3±96.4     105     5
rarl         nominal         360.9±191.5     139     5
rarl         force           357.1±189.1     138     5
rarl         params          341.7±172.8     135     5
rarl         noise           344.5±181.5     136     5
rarl         combined        327.8±163.4     132     5
sa_mdp       nominal         313.3±177.1     129     5
sa_mdp       force           314.4±177.0     129     5
sa_mdp       params          297.5±151.9     127     5
sa_mdp       noise           309.3±164.1     126     5
sa_mdp       combined        287.3±151.8     121     5
dr           nominal         374.6±187.5     139     5
dr           force           374.2±188.2     139     5
dr           params          352.5±172.2     140     5
dr           noise           317.1±154.3     127     5
dr           combined        320.1±151.8     129     5
rzsm         nominal         262.0±119.9     134     5
rzsm         force           259.4±118.5     135     5
rzsm         params          266.3±126.6     135     5
rzsm         noise           259.5±116.5     126     5
rzsm         combined        250.5±114.1     123     5

  Robustness Ratios (J_rob / J_nom):
Method       Scenario        Ratio
------------------------------------
vanilla      force           1.019
vanilla      params          0.943
vanilla      noise           0.831
vanilla      combined        0.754
rarl         force           0.989
rarl         params          0.947
rarl         noise           0.954
rarl         combined        0.908
sa_mdp       force           1.004
sa_mdp       params          0.950
sa_mdp       noise           0.987
sa_mdp       combined        0.917
dr           force           0.999
dr           params          0.941
dr           noise           0.847
dr           combined        0.854
rzsm         force           0.990
rzsm         params          1.017
rzsm         noise           0.990
rzsm         combined        0.956

Done.

>>> Phase 7: Generating plots...
Loading results for Hopper-v5...
  25 rows: 5 methods x 5 scenarios (5 seeds)

Saved: results/Hopper_v5/figures/fig1_performance_comparison.pdf
Saved: results/Hopper_v5/figures/fig2_robustness_heatmap.pdf
Saved: results/Hopper_v5/figures/fig3_survival.pdf
Saved: results/Hopper_v5/figures/fig4_training_curves.pdf
Saved: results/Hopper_v5/figures/fig5_performance_drop.pdf

======================================================================
  TABLE 1: Performance Comparison (paste into paper.tex)
======================================================================
\begin{table}[!t]
\caption{Mean episode return ($\pm$ std across 5 seeds) across disturbance scenarios on Hopper-v5.}
\label{tab:results}
\centering
\footnotesize
\begin{tabular}{lccccc}
\toprule
Method & Nominal & Ext. Force & Param. Perturb. & Obs. Noise & Combined \\
\midrule
Vanilla DDPG & $282 \pm 150$ & $287 \pm 154$ & $265 \pm 143$ & $234 \pm 110$ & $212 \pm 96$ \\
RARL & $361 \pm 192$ & $357 \pm 189$ & $342 \pm 173$ & $344 \pm 182$ & $328 \pm 163$ \\
SA-MDP & $313 \pm 177$ & $314 \pm 177$ & $297 \pm 152$ & $309 \pm 164$ & $287 \pm 152$ \\
Domain Rand. & $375 \pm 187$ & $374 \pm 188$ & $352 \pm 172$ & $317 \pm 154$ & $320 \pm 152$ \\
\midrule
RZSM (Ours) & $262 \pm 120$ & $259 \pm 118$ & $266 \pm 127$ & $259 \pm 117$ & $250 \pm 114$ \\
\bottomrule
\end{tabular}
\end{table}

======================================================================
  TABLE 2: Robustness Ratios (paste into paper.tex)
======================================================================
\begin{table}[!t]
\caption{Robustness ratio $J_{\text{rob}} / J_{\text{nom}}$ (closer to 1.0 is better).}
\label{tab:robustness}
\centering
\footnotesize
\begin{tabular}{lcccc}
\toprule
Method & Ext. Force & Param. Perturb. & Obs. Noise & Combined \\
\midrule
Vanilla DDPG & 1.02 & 0.94 & 0.83 & 0.75 \\
RARL & 0.99 & 0.95 & 0.95 & 0.91 \\
SA-MDP & 1.00 & 0.95 & 0.99 & 0.92 \\
Domain Rand. & 1.00 & 0.94 & 0.85 & 0.85 \\
\midrule
RZSM (Ours) & 0.99 & 1.02 & 0.99 & 0.96 \\
\bottomrule
\end{tabular}
\end{table}

All figures saved to: results/Hopper_v5/figures/
  fig1_performance_comparison.pdf
  fig1_performance_comparison.png
  fig2_robustness_heatmap.pdf
  fig2_robustness_heatmap.png
  fig3_survival.pdf
  fig3_survival.png
  fig4_training_curves.pdf
  fig4_training_curves.png
  fig5_performance_drop.pdf
  fig5_performance_drop.png

>>> Phase 8: Pushing results to git...
[main bde1db8] Training results: Hopper-v5 1 seeds 1 epochs [2026-02-12_21:49]
 13 files changed, 157 insertions(+), 157 deletions(-)
 rewrite results/Hopper_v5/comparison_table.csv (92%)
 rewrite results/Hopper_v5/figures/fig1_performance_comparison.png (98%)
 rewrite results/Hopper_v5/figures/fig2_robustness_heatmap.png (98%)
 rewrite results/Hopper_v5/figures/fig3_survival.png (61%)
 rewrite results/Hopper_v5/figures/fig4_training_curves.pdf (91%)
 rewrite results/Hopper_v5/figures/fig4_training_curves.png (92%)
 rewrite results/Hopper_v5/figures/fig5_performance_drop.png (99%)
 rewrite results/Hopper_v5/per_seed_results.csv (98%)
To github.com:alibaniasad1999/robust-zero-sum-marl.git
   53d229d..bde1db8  main -> main

==========================================
  All done! Results committed & pushed.
==========================================
