==========================================
  Multi-seed training
  Seeds: 1 | Epochs: 1
  Env: HumanoidStandup-v5 | Parallel envs: 1
  Log base: logs/HumanoidStandup_v5
==========================================

>>> Phase 1: Training vanilla (nominal) policies...
  [vanilla] seed=0
Device is: cuda
[DDPGAgent] device=cuda  num_envs=1  pi_params=159505  q_params=159745

[DDPGAgent] Epoch 1/1  elapsed=3s  buf=4000
  return    33439.7  (episodes=3  mean_len=1001)
  [perf] device=GPU (NVIDIA GeForce RTX 3080)  epoch_time=2.6s  steps/s=1528  updates/s=0
         env_step=2.27s (0.57ms/call x4000)  buf_sample=0.00s (0.00ms/call x0)  update=0.00s (0.00ms/call x0)
         GPU mem: alloc=2MB  reserved=4MB
  [saved] logs/HumanoidStandup_v5/vanilla/seed_0/checkpoints
Done.

>>> Phase 2: Training RARL policies...
  [rarl] seed=0
[AdversarialDDPG] Loaded pi_opt from logs/HumanoidStandup_v5/vanilla/seed_0/checkpoints
[AdversarialDDPG] device=cuda  num_envs=1  pi_rob=159505  pi_adv=159505  q=164097

[AdversarialDDPG] Epoch 1/1  elapsed=2s  buf=4000
  return    38091.2  (episodes=3  dist=0  mean_len=1001)
  [perf] device=GPU (NVIDIA GeForce RTX 3080)  epoch_time=2.0s  steps/s=1998  updates/s=0
         env_step=1.74s (0.43ms/call x4000)  buf_sample=0.00s (0.00ms/call x0)  update=0.00s (0.00ms/call x0)
         GPU mem: alloc=4MB  reserved=6MB
  [saved] logs/HumanoidStandup_v5/rarl/seed_0/checkpoints
Done.

>>> Phase 3: Training SA-MDP policies...
  [sa_mdp] seed=0
<frozen runpy>:128: RuntimeWarning: 'src.baselines.sa_mdp' found in sys.modules after import of package 'src.baselines', but prior to execution of 'src.baselines.sa_mdp'; this may result in unpredictable behaviour
Device is: cuda
[DDPGAgent] device=cuda  num_envs=1  pi_params=159505  q_params=159745
[SA-MDP] eps=0.05
  step=999  ret=36861.2  len=1000
  step=2000  ret=30078.5  len=1001
  step=3001  ret=36465.8  len=1001
[SA-MDP] Epoch 1/1  elapsed=2s
  [saved] logs/HumanoidStandup_v5/sa_mdp/seed_0/checkpoints
Done.

>>> Phase 4: Training Domain Randomization policies...
  [dr] seed=0
<frozen runpy>:128: RuntimeWarning: 'src.baselines.domain_randomization' found in sys.modules after import of package 'src.baselines', but prior to execution of 'src.baselines.domain_randomization'; this may result in unpredictable behaviour
Device is: cuda
[DDPGAgent] device=cuda  num_envs=1  pi_params=159505  q_params=159745

[DDPGAgent] Epoch 1/1  elapsed=2s  buf=4000
  return    32964.6  (episodes=3  mean_len=1001)
  [perf] device=GPU (NVIDIA GeForce RTX 3080)  epoch_time=2.4s  steps/s=1659  updates/s=0
         env_step=2.08s (0.52ms/call x4000)  buf_sample=0.00s (0.00ms/call x0)  update=0.00s (0.00ms/call x0)
         GPU mem: alloc=2MB  reserved=4MB
  [saved] logs/HumanoidStandup_v5/dr/seed_0/checkpoints
Done.

>>> Phase 5: Training RZSM policies...
  [rzsm] seed=0
[AdversarialDDPG] Loaded pi_opt from logs/HumanoidStandup_v5/vanilla/seed_0/checkpoints
[AdversarialDDPG] device=cuda  num_envs=1  pi_rob=159505  pi_adv=159505  q=164097

[AdversarialDDPG] Epoch 1/1  elapsed=3s  buf=4000
  return    32531.2  (episodes=3  dist=0  mean_len=1001)
  [perf] device=GPU (NVIDIA GeForce RTX 3080)  epoch_time=2.7s  steps/s=1490  updates/s=0
         env_step=2.27s (0.57ms/call x4000)  buf_sample=0.00s (0.00ms/call x0)  update=0.00s (0.00ms/call x0)
         GPU mem: alloc=6MB  reserved=8MB
  [saved] logs/HumanoidStandup_v5/rzsm/seed_0/checkpoints
Done.

==========================================
  Training complete!
  Checkpoints: logs/HumanoidStandup_v5/{vanilla,rarl,sa_mdp,dr,rzsm}/seed_*/
==========================================

>>> Phase 6: Running evaluation...
Traceback (most recent call last):
  File "<frozen runpy>", line 198, in _run_module_as_main
  File "<frozen runpy>", line 88, in _run_code
  File "/home/ali/Documents/me/robust-zero-sum-marl/src/eval.py", line 636, in <module>
    main()
    ~~~~^^
  File "/home/ali/Documents/me/robust-zero-sum-marl/src/eval.py", line 631, in main
    run_evaluation(args)
    ~~~~~~~~~~~~~~^^^^^^
  File "/home/ali/Documents/me/robust-zero-sum-marl/src/eval.py", line 487, in run_evaluation
    result = evaluate_policy(
        policy_fn, env, n_episodes=args.episodes,
        rzsm_state=rzsm_state,
    )
  File "/home/ali/Documents/me/robust-zero-sum-marl/src/eval.py", line 243, in evaluate_policy
    obs, rew, term, trunc, info = env.step(action)
                                  ~~~~~~~~^^^^^^^^
  File "/home/ali/Documents/me/robust-zero-sum-marl/src/environments/wrappers.py", line 85, in step
    obs, rew, term, trunc, info = self.env.step(action)
                                  ~~~~~~~~~~~~~^^^^^^^^
  File "/home/ali/Documents/me/robust-zero-sum-marl/.env/lib/python3.13/site-packages/gymnasium/wrappers/common.py", line 125, in step
    observation, reward, terminated, truncated, info = self.env.step(action)
                                                       ~~~~~~~~~~~~~^^^^^^^^
  File "/home/ali/Documents/me/robust-zero-sum-marl/.env/lib/python3.13/site-packages/gymnasium/wrappers/common.py", line 393, in step
    return super().step(action)
           ~~~~~~~~~~~~^^^^^^^^
  File "/home/ali/Documents/me/robust-zero-sum-marl/.env/lib/python3.13/site-packages/gymnasium/core.py", line 327, in step
    return self.env.step(action)
           ~~~~~~~~~~~~~^^^^^^^^
  File "/home/ali/Documents/me/robust-zero-sum-marl/.env/lib/python3.13/site-packages/gymnasium/wrappers/common.py", line 285, in step
    return self.env.step(action)
           ~~~~~~~~~~~~~^^^^^^^^
  File "/home/ali/Documents/me/robust-zero-sum-marl/.env/lib/python3.13/site-packages/gymnasium/envs/mujoco/humanoidstandup_v5.py", line 426, in step
    self.do_simulation(action, self.frame_skip)
    ~~~~~~~~~~~~~~~~~~^^^^^^^^^^^^^^^^^^^^^^^^^
  File "/home/ali/Documents/me/robust-zero-sum-marl/.env/lib/python3.13/site-packages/gymnasium/envs/mujoco/mujoco_env.py", line 199, in do_simulation
    self._step_mujoco_simulation(ctrl, n_frames)
    ~~~~~~~~~~~~~~~~~~~~~~~~~~~~^^^^^^^^^^^^^^^^
  File "/home/ali/Documents/me/robust-zero-sum-marl/.env/lib/python3.13/site-packages/gymnasium/envs/mujoco/mujoco_env.py", line 147, in _step_mujoco_simulation
    mujoco.mj_step(self.model, self.data, nstep=n_frames)
    ~~~~~~~~~~~~~~^^^^^^^^^^^^^^^^^^^^^^^^^^^^^^^^^^^^^^^
KeyboardInterrupt

============================================================
  Method: vanilla
============================================================
  Found 5 seed(s): ['seed_0', 'seed_1', 'seed_2', 'seed_3', 'seed_4']

  Scenario: nominal  (50 episodes/seed)
    seed_0: J = 42175.0 +/- 491.1  len = 1000  (113.8s)
    seed_1: J = 89370.2 +/- 221.1  len = 1000  (83.7s)
    seed_2: J = 69400.3 +/- 533.6  len = 1000  (57.3s)
    seed_3: J = 97137.7 +/- 1730.8  len = 1000  (57.6s)
    seed_4: J = 57801.1 +/- 2468.2  len = 1000  (71.1s)
    >> Aggregated (5 seeds): J = 71176.9 +/- 20140.2

  Scenario: force  (50 episodes/seed)
    seed_0: J = 42320.7 +/- 811.8  len = 1000  (68.4s)
    seed_1: J = 89340.8 +/- 236.7  len = 1000  (65.2s)
    seed_2: J = 69469.7 +/- 506.9  len = 1000  (59.4s)
    seed_3: J = 96890.7 +/- 1996.7  len = 1000  (60.7s)
    seed_4: J = 57579.4 +/- 2038.0  len = 1000  (73.8s)
    >> Aggregated (5 seeds): J = 71120.3 +/- 20057.9

  Scenario: params  (50 episodes/seed)
    seed_0: J = 42546.9 +/- 1248.3  len = 1000  (69.3s)
    seed_1: J = 90151.7 +/- 2334.0  len = 1000  (71.9s)
    seed_2: J = 80689.8 +/- 18229.1  len = 1000  (66.8s)
    seed_3: J = 94271.3 +/- 3722.9  len = 1000  (63.6s)
    seed_4: J = 58936.1 +/- 5151.3  len = 1000  (68.4s)
    >> Aggregated (5 seeds): J = 73319.1 +/- 19649.2

  Scenario: noise  (50 episodes/seed)
    seed_0: J = 42262.3 +/- 699.0  len = 1000  (64.0s)
    seed_1: J = 89325.9 +/- 383.2  len = 1000  (61.8s)
    seed_2: J = 69583.2 +/- 461.7  len = 1000  (49.8s)
    seed_3: J = 96231.3 +/- 2548.4  len = 1000  (48.8s)
    seed_4: J = 57396.5 +/- 1790.6  len = 1000  (69.0s)
    >> Aggregated (5 seeds): J = 70959.8 +/- 19926.7

  Scenario: combined  (50 episodes/seed)
    seed_0: J = 42204.5 +/- 1334.9  len = 1000  (58.4s)
    seed_1: J = 88759.1 +/- 4300.6  len = 1000  (51.1s)
    seed_2: J = 75390.5 +/- 12647.6  len = 1000  (43.5s)
    seed_3: J = 93500.9 +/- 4064.0  len = 1000  (39.4s)
    seed_4: J = 60075.7 +/- 5353.5  len = 1000  (53.7s)
    >> Aggregated (5 seeds): J = 71986.1 +/- 18892.4

============================================================
  Method: rarl
============================================================
  Found 5 seed(s): ['seed_0', 'seed_1', 'seed_2', 'seed_3', 'seed_4']

  Scenario: nominal  (50 episodes/seed)
    seed_0: J = 42117.0 +/- 512.7  len = 1000  (53.1s)
    seed_1: J = 66391.3 +/- 2662.9  len = 1000  (40.4s)
    seed_2: J = 53022.6 +/- 1285.6  len = 1000  (51.4s)
    seed_3: J = 116465.7 +/- 13300.6  len = 1000  (39.5s)
    seed_4: J = 84233.3 +/- 1720.6  len = 1000  (48.2s)
    >> Aggregated (5 seeds): J = 72446.0 +/- 26116.9

  Scenario: force  (50 episodes/seed)
    seed_0: J = 42258.6 +/- 705.2  len = 1000  (49.6s)
    seed_1: J = 65955.9 +/- 2759.6  len = 1000  (35.5s)
    seed_2: J = 52541.4 +/- 871.8  len = 1000  (51.2s)
