==========================================
  Multi-seed training
  Seeds: 1 | Epochs: 1
  Env: Humanoid-v5 | Parallel envs: 1
  Log base: logs/Humanoid_v5
==========================================

>>> Phase 1: Training vanilla (nominal) policies...
  [vanilla] seed=0
Device is: cuda
[DDPGAgent] device=cuda  num_envs=1  pi_params=159505  q_params=159745

[DDPGAgent] Epoch 1/1  elapsed=1s  buf=4000
  return      114.9  (episodes=156  mean_len=26)
  [perf] device=GPU (NVIDIA GeForce RTX 3080)  epoch_time=1.2s  steps/s=3294  updates/s=0
         env_step=1.01s (0.25ms/call x4000)  buf_sample=0.00s (0.00ms/call x0)  update=0.00s (0.00ms/call x0)
         GPU mem: alloc=2MB  reserved=4MB
  [saved] logs/Humanoid_v5/vanilla/seed_0/checkpoints
Done.

>>> Phase 2: Training RARL policies...
  [rarl] seed=0
[AdversarialDDPG] Loaded pi_opt from logs/Humanoid_v5/vanilla/seed_0/checkpoints
[AdversarialDDPG] device=cuda  num_envs=1  pi_rob=159505  pi_adv=159505  q=164097

[AdversarialDDPG] Epoch 1/1  elapsed=2s  buf=4000
  return      114.0  (episodes=157  dist=71  mean_len=25)
  [perf] device=GPU (NVIDIA GeForce RTX 3080)  epoch_time=1.6s  steps/s=2527  updates/s=0
         env_step=1.25s (0.31ms/call x4000)  buf_sample=0.00s (0.00ms/call x0)  update=0.00s (0.00ms/call x0)
         GPU mem: alloc=4MB  reserved=6MB
  [saved] logs/Humanoid_v5/rarl/seed_0/checkpoints
Done.

>>> Phase 3: Training SA-MDP policies...
  [sa_mdp] seed=0
<frozen runpy>:128: RuntimeWarning: 'src.baselines.sa_mdp' found in sys.modules after import of package 'src.baselines', but prior to execution of 'src.baselines.sa_mdp'; this may result in unpredictable behaviour
Device is: cuda
[DDPGAgent] device=cuda  num_envs=1  pi_params=159505  q_params=159745
[SA-MDP] eps=0.05
  step=23  ret=108.5  len=24
  step=58  ret=160.4  len=35
  step=90  ret=144.5  len=32
  step=113  ret=103.5  len=23
  step=132  ret=83.5  len=19
  step=173  ret=194.4  len=41
  step=203  ret=141.4  len=30
  step=225  ret=98.5  len=22
  step=246  ret=92.1  len=21
  step=269  ret=98.6  len=23
  step=298  ret=125.9  len=29
  step=324  ret=117.3  len=26
  step=343  ret=83.5  len=19
  step=381  ret=173.5  len=38
  step=421  ret=179.4  len=40
  step=458  ret=174.5  len=37
  step=477  ret=83.4  len=19
  step=496  ret=83.9  len=19
  step=521  ret=113.9  len=25
  step=541  ret=87.1  len=20
  step=575  ret=149.1  len=34
  step=602  ret=124.5  len=27
  step=620  ret=78.1  len=18
  step=649  ret=119.0  len=29
  step=684  ret=162.0  len=35
  step=707  ret=102.6  len=23
  step=728  ret=94.5  len=21
  step=756  ret=124.1  len=28
  step=776  ret=89.9  len=20
  step=804  ret=127.2  len=28
  step=842  ret=167.9  len=38
  step=872  ret=140.8  len=30
  step=910  ret=173.8  len=38
  step=953  ret=202.7  len=43
  step=976  ret=102.4  len=23
  step=995  ret=83.1  len=19
  step=1026  ret=136.1  len=31
  step=1047  ret=92.0  len=21
  step=1071  ret=102.4  len=24
  step=1089  ret=78.2  len=18
  step=1111  ret=100.1  len=22
  step=1132  ret=93.5  len=21
  step=1155  ret=104.2  len=23
  step=1186  ret=137.2  len=31
  step=1210  ret=107.8  len=24
  step=1232  ret=97.7  len=22
  step=1252  ret=88.1  len=20
  step=1290  ret=175.7  len=38
  step=1312  ret=95.5  len=22
  step=1336  ret=111.8  len=24
  step=1361  ret=113.2  len=25
  step=1380  ret=83.3  len=19
  step=1427  ret=210.3  len=47
  step=1445  ret=78.2  len=18
  step=1469  ret=110.9  len=24
  step=1498  ret=127.8  len=29
  step=1524  ret=117.2  len=26
  step=1544  ret=88.7  len=20
  step=1567  ret=102.7  len=23
  step=1600  ret=155.6  len=33
  step=1622  ret=98.5  len=22
  step=1652  ret=139.5  len=30
  step=1679  ret=122.2  len=27
  step=1699  ret=86.6  len=20
  step=1721  ret=98.1  len=22
  step=1762  ret=203.3  len=41
  step=1784  ret=97.7  len=22
  step=1804  ret=88.7  len=20
  step=1831  ret=126.6  len=27
  step=1854  ret=105.1  len=23
  step=1873  ret=84.1  len=19
  step=1894  ret=94.3  len=21
  step=1919  ret=110.9  len=25
  step=1939  ret=87.1  len=20
  step=1966  ret=126.2  len=27
  step=1987  ret=92.1  len=21
  step=2008  ret=95.1  len=21
  step=2045  ret=164.0  len=37
  step=2078  ret=151.4  len=33
  step=2112  ret=150.4  len=34
  step=2140  ret=126.0  len=28
  step=2159  ret=82.6  len=19
  step=2183  ret=106.1  len=24
  step=2216  ret=155.9  len=33
  step=2235  ret=84.1  len=19
  step=2259  ret=108.2  len=24
  step=2290  ret=135.6  len=31
  step=2311  ret=94.4  len=21
  step=2331  ret=86.2  len=20
  step=2360  ret=134.4  len=29
  step=2382  ret=98.1  len=22
  step=2403  ret=93.7  len=21
  step=2433  ret=134.2  len=30
  step=2465  ret=151.5  len=32
  step=2485  ret=87.9  len=20
  step=2513  ret=122.8  len=28
  step=2538  ret=110.8  len=25
  step=2557  ret=83.0  len=19
  step=2586  ret=136.0  len=29
  step=2613  ret=108.9  len=27
  step=2636  ret=104.8  len=23
  step=2662  ret=103.3  len=26
  step=2683  ret=92.7  len=21
  step=2702  ret=83.4  len=19
  step=2740  ret=175.3  len=38
  step=2760  ret=89.4  len=20
  step=2792  ret=145.1  len=32
  step=2819  ret=120.2  len=27
  step=2838  ret=83.3  len=19
  step=2869  ret=143.2  len=31
  step=2915  ret=212.5  len=46
  step=2946  ret=137.1  len=31
  step=2970  ret=106.2  len=24
  step=3000  ret=139.6  len=30
  step=3020  ret=87.3  len=20
  step=3040  ret=89.6  len=20
  step=3060  ret=87.3  len=20
  step=3091  ret=140.2  len=31
  step=3108  ret=73.4  len=17
  step=3128  ret=87.0  len=20
  step=3149  ret=94.2  len=21
  step=3170  ret=95.1  len=21
  step=3188  ret=78.4  len=18
  step=3209  ret=94.7  len=21
  step=3239  ret=139.1  len=30
  step=3258  ret=83.0  len=19
  step=3282  ret=110.0  len=24
  step=3310  ret=128.5  len=28
  step=3329  ret=82.6  len=19
  step=3355  ret=117.4  len=26
  step=3394  ret=183.9  len=39
  step=3426  ret=143.7  len=32
  step=3445  ret=83.9  len=19
  step=3473  ret=117.4  len=28
  step=3493  ret=89.6  len=20
  step=3513  ret=89.1  len=20
  step=3533  ret=89.2  len=20
  step=3554  ret=90.7  len=21
  step=3573  ret=83.3  len=19
  step=3620  ret=208.8  len=47
  step=3647  ret=121.4  len=27
  step=3668  ret=93.2  len=21
  step=3698  ret=137.7  len=30
  step=3720  ret=99.0  len=22
  step=3749  ret=132.5  len=29
  step=3768  ret=82.2  len=19
  step=3793  ret=116.7  len=25
  step=3816  ret=102.4  len=23
  step=3852  ret=162.6  len=36
  step=3871  ret=81.7  len=19
  step=3889  ret=78.2  len=18
  step=3912  ret=105.4  len=23
  step=3936  ret=106.6  len=24
  step=3960  ret=109.6  len=24
  step=3997  ret=170.9  len=37
[SA-MDP] Epoch 1/1  elapsed=2s
  [saved] logs/Humanoid_v5/sa_mdp/seed_0/checkpoints
Done.

>>> Phase 4: Training Domain Randomization policies...
  [dr] seed=0
<frozen runpy>:128: RuntimeWarning: 'src.baselines.domain_randomization' found in sys.modules after import of package 'src.baselines', but prior to execution of 'src.baselines.domain_randomization'; this may result in unpredictable behaviour
Device is: cuda
[DDPGAgent] device=cuda  num_envs=1  pi_params=159505  q_params=159745

[DDPGAgent] Epoch 1/1  elapsed=2s  buf=4000
  return      115.0  (episodes=156  mean_len=25)
  [perf] device=GPU (NVIDIA GeForce RTX 3080)  epoch_time=1.5s  steps/s=2614  updates/s=0
         env_step=1.29s (0.32ms/call x4000)  buf_sample=0.00s (0.00ms/call x0)  update=0.00s (0.00ms/call x0)
         GPU mem: alloc=2MB  reserved=4MB
  [saved] logs/Humanoid_v5/dr/seed_0/checkpoints
Done.

>>> Phase 5: Training RZSM policies...
  [rzsm] seed=0
[AdversarialDDPG] Loaded pi_opt from logs/Humanoid_v5/vanilla/seed_0/checkpoints
[AdversarialDDPG] device=cuda  num_envs=1  pi_rob=159505  pi_adv=159505  q=164097

[AdversarialDDPG] Epoch 1/1  elapsed=1s  buf=4000
  return      115.5  (episodes=155  dist=71  mean_len=26)
  [perf] device=GPU (NVIDIA GeForce RTX 3080)  epoch_time=1.4s  steps/s=2960  updates/s=0
         env_step=1.07s (0.27ms/call x4000)  buf_sample=0.00s (0.00ms/call x0)  update=0.00s (0.00ms/call x0)
         GPU mem: alloc=6MB  reserved=8MB
  [saved] logs/Humanoid_v5/rzsm/seed_0/checkpoints
Done.

==========================================
  Training complete!
  Checkpoints: logs/Humanoid_v5/{vanilla,rarl,sa_mdp,dr,rzsm}/seed_*/
==========================================

>>> Phase 6: Running evaluation...

============================================================
  Method: vanilla
============================================================
  Found 1 seed(s): ['seed_0']

  Scenario: nominal  (50 episodes/seed)
    seed_0: J = 261.4 +/- 71.2  len = 52  (4.6s)

  Scenario: force  (50 episodes/seed)
    seed_0: J = 272.8 +/- 60.0  len = 54  (5.2s)

  Scenario: params  (50 episodes/seed)
    seed_0: J = 235.2 +/- 73.4  len = 47  (3.9s)

  Scenario: noise  (50 episodes/seed)
    seed_0: J = 227.4 +/- 64.9  len = 46  (3.4s)

  Scenario: combined  (50 episodes/seed)
    seed_0: J = 232.4 +/- 73.9  len = 47  (3.5s)

============================================================
  Method: rarl
============================================================
  Found 1 seed(s): ['seed_0']

  Scenario: nominal  (50 episodes/seed)
    seed_0: J = 264.4 +/- 69.0  len = 53  (3.9s)

  Scenario: force  (50 episodes/seed)
    seed_0: J = 254.1 +/- 71.1  len = 51  (3.7s)

  Scenario: params  (50 episodes/seed)
    seed_0: J = 233.2 +/- 75.2  len = 47  (3.5s)

  Scenario: noise  (50 episodes/seed)
    seed_0: J = 248.6 +/- 67.9  len = 50  (4.0s)

  Scenario: combined  (50 episodes/seed)
    seed_0: J = 211.2 +/- 71.5  len = 43  (3.3s)

============================================================
  Method: sa_mdp
============================================================
  Found 1 seed(s): ['seed_0']

  Scenario: nominal  (50 episodes/seed)
    seed_0: J = 262.5 +/- 62.9  len = 52  (4.1s)

  Scenario: force  (50 episodes/seed)
    seed_0: J = 247.2 +/- 74.8  len = 49  (3.7s)

  Scenario: params  (50 episodes/seed)
    seed_0: J = 229.0 +/- 68.1  len = 46  (3.5s)

  Scenario: noise  (50 episodes/seed)
    seed_0: J = 258.8 +/- 68.6  len = 52  (4.7s)

  Scenario: combined  (50 episodes/seed)
    seed_0: J = 206.9 +/- 70.9  len = 42  (3.5s)

============================================================
  Method: dr
============================================================
  Found 1 seed(s): ['seed_0']

  Scenario: nominal  (50 episodes/seed)
    seed_0: J = 261.5 +/- 66.4  len = 52  (4.0s)

  Scenario: force  (50 episodes/seed)
    seed_0: J = 258.4 +/- 67.7  len = 52  (3.9s)

  Scenario: params  (50 episodes/seed)
    seed_0: J = 214.8 +/- 64.8  len = 43  (3.5s)

  Scenario: noise  (50 episodes/seed)
    seed_0: J = 242.3 +/- 64.2  len = 48  (3.8s)

  Scenario: combined  (50 episodes/seed)
    seed_0: J = 205.0 +/- 66.5  len = 41  (3.3s)

============================================================
  Method: rzsm
============================================================
  Found 1 seed(s): ['seed_0']

  Scenario: nominal  (50 episodes/seed)
    seed_0: J = 235.6 +/- 69.8  len = 47  (10.4s)

  Scenario: force  (50 episodes/seed)
    seed_0: J = 278.8 +/- 68.9  len = 55  (11.5s)

  Scenario: params  (50 episodes/seed)
    seed_0: J = 223.4 +/- 75.1  len = 45  (12.1s)

  Scenario: noise  (50 episodes/seed)
    seed_0: J = 259.5 +/- 67.9  len = 52  (10.7s)

  Scenario: combined  (50 episodes/seed)
    seed_0: J = 244.0 +/- 64.5  len = 49  (9.0s)
Saved: results/Humanoid_v5/comparison_table.csv
Saved: results/Humanoid_v5/per_seed_results.csv
Saved: results/Humanoid_v5/detection_metrics.json

======================================================================
  RESULTS: Humanoid-v5  (aggregated across seeds)
======================================================================
Method       Scenario           Return   Length  Seeds
--------------------------------------------------------
vanilla      nominal         261.4±0.0       52     1
vanilla      force           272.8±0.0       54     1
vanilla      params          235.2±0.0       47     1
vanilla      noise           227.4±0.0       46     1
vanilla      combined        232.4±0.0       47     1
rarl         nominal         264.4±0.0       53     1
rarl         force           254.1±0.0       51     1
rarl         params          233.2±0.0       47     1
rarl         noise           248.6±0.0       50     1
rarl         combined        211.2±0.0       43     1
sa_mdp       nominal         262.5±0.0       52     1
sa_mdp       force           247.2±0.0       49     1
sa_mdp       params          229.0±0.0       46     1
sa_mdp       noise           258.8±0.0       52     1
sa_mdp       combined        206.9±0.0       42     1
dr           nominal         261.5±0.0       52     1
dr           force           258.4±0.0       52     1
dr           params          214.8±0.0       43     1
dr           noise           242.3±0.0       48     1
dr           combined        205.0±0.0       41     1
rzsm         nominal         235.6±0.0       47     1
rzsm         force           278.8±0.0       55     1
rzsm         params          223.4±0.0       45     1
rzsm         noise           259.5±0.0       52     1
rzsm         combined        244.0±0.0       49     1

  Robustness Ratios (J_rob / J_nom):
Method       Scenario        Ratio
------------------------------------
vanilla      force           1.043
vanilla      params          0.900
vanilla      noise           0.870
vanilla      combined        0.889
rarl         force           0.961
rarl         params          0.882
rarl         noise           0.940
rarl         combined        0.799
sa_mdp       force           0.942
sa_mdp       params          0.872
sa_mdp       noise           0.986
sa_mdp       combined        0.788
dr           force           0.988
dr           params          0.821
dr           noise           0.927
dr           combined        0.784
rzsm         force           1.183
rzsm         params          0.948
rzsm         noise           1.101
rzsm         combined        1.035

Done.

>>> Phase 7: Generating plots...
Loading results for Humanoid-v5...
  25 rows: 5 methods x 5 scenarios (1 seed)

Saved: results/Humanoid_v5/figures/fig1_performance_comparison.pdf
Saved: results/Humanoid_v5/figures/fig2_robustness_heatmap.pdf
Saved: results/Humanoid_v5/figures/fig3_survival.pdf
Saved: results/Humanoid_v5/figures/fig4_training_curves.pdf
Saved: results/Humanoid_v5/figures/fig5_performance_drop.pdf

======================================================================
  TABLE 1: Performance Comparison (paste into paper.tex)
======================================================================
\begin{table}[!t]
\caption{Mean episode return ($\pm$ std) across disturbance scenarios on Humanoid-v5.}
\label{tab:results}
\centering
\footnotesize
\begin{tabular}{lccccc}
\toprule
Method & Nominal & Ext. Force & Param. Perturb. & Obs. Noise & Combined \\
\midrule
Vanilla DDPG & $261 \pm 0$ & $273 \pm 0$ & $235 \pm 0$ & $227 \pm 0$ & $232 \pm 0$ \\
RARL & $264 \pm 0$ & $254 \pm 0$ & $233 \pm 0$ & $249 \pm 0$ & $211 \pm 0$ \\
SA-MDP & $263 \pm 0$ & $247 \pm 0$ & $229 \pm 0$ & $259 \pm 0$ & $207 \pm 0$ \\
Domain Rand. & $261 \pm 0$ & $258 \pm 0$ & $215 \pm 0$ & $242 \pm 0$ & $205 \pm 0$ \\
\midrule
RZSM (Ours) & $236 \pm 0$ & $279 \pm 0$ & $223 \pm 0$ & $260 \pm 0$ & $244 \pm 0$ \\
\bottomrule
\end{tabular}
\end{table}

======================================================================
  TABLE 2: Robustness Ratios (paste into paper.tex)
======================================================================
\begin{table}[!t]
\caption{Robustness ratio $J_{\text{rob}} / J_{\text{nom}}$ (closer to 1.0 is better).}
\label{tab:robustness}
\centering
\footnotesize
\begin{tabular}{lcccc}
\toprule
Method & Ext. Force & Param. Perturb. & Obs. Noise & Combined \\
\midrule
Vanilla DDPG & 1.04 & 0.90 & 0.87 & 0.89 \\
RARL & 0.96 & 0.88 & 0.94 & 0.80 \\
SA-MDP & 0.94 & 0.87 & 0.99 & 0.79 \\
Domain Rand. & 0.99 & 0.82 & 0.93 & 0.78 \\
\midrule
RZSM (Ours) & 1.18 & 0.95 & 1.10 & 1.04 \\
\bottomrule
\end{tabular}
\end{table}

All figures saved to: results/Humanoid_v5/figures/
  fig1_performance_comparison.pdf
  fig1_performance_comparison.png
  fig2_robustness_heatmap.pdf
  fig2_robustness_heatmap.png
  fig3_survival.pdf
  fig3_survival.png
  fig4_training_curves.pdf
  fig4_training_curves.png
  fig5_performance_drop.pdf
  fig5_performance_drop.png

>>> Phase 8: Pushing results to git...
[main 0715df2] Training results: Humanoid-v5 1 seeds 1 epochs [2026-02-12_21:34]
 13 files changed, 64 insertions(+)
 create mode 100644 results/Humanoid_v5/comparison_table.csv
 create mode 100644 results/Humanoid_v5/detection_metrics.json
 create mode 100644 results/Humanoid_v5/figures/fig1_performance_comparison.pdf
 create mode 100644 results/Humanoid_v5/figures/fig1_performance_comparison.png
 create mode 100644 results/Humanoid_v5/figures/fig2_robustness_heatmap.pdf
 create mode 100644 results/Humanoid_v5/figures/fig2_robustness_heatmap.png
 create mode 100644 results/Humanoid_v5/figures/fig3_survival.pdf
 create mode 100644 results/Humanoid_v5/figures/fig3_survival.png
 create mode 100644 results/Humanoid_v5/figures/fig4_training_curves.pdf
 create mode 100644 results/Humanoid_v5/figures/fig4_training_curves.png
 create mode 100644 results/Humanoid_v5/figures/fig5_performance_drop.pdf
 create mode 100644 results/Humanoid_v5/figures/fig5_performance_drop.png
 create mode 100644 results/Humanoid_v5/per_seed_results.csv
To github.com:alibaniasad1999/robust-zero-sum-marl.git
   09a1c2e..0715df2  main -> main

==========================================
  All done! Results committed & pushed.
==========================================
