==========================================
  Multi-seed training
  Seeds: 1 | Epochs: 1
  Env: InvertedDoublePendulum-v5 | Parallel envs: 1
  Log base: logs/InvertedDoublePendulum_v5
==========================================

>>> Phase 1: Training vanilla (nominal) policies...
  [vanilla] seed=0
Device is: cuda
[DDPGAgent] device=cuda  num_envs=1  pi_params=68609  q_params=68865

[DDPGAgent] Epoch 1/1  elapsed=0s  buf=4000
  return       47.7  (episodes=545  mean_len=7)
  [perf] device=GPU (NVIDIA GeForce RTX 3080)  epoch_time=0.5s  steps/s=8857  updates/s=0
         env_step=0.27s (0.07ms/call x4000)  buf_sample=0.00s (0.00ms/call x0)  update=0.00s (0.00ms/call x0)
         GPU mem: alloc=1MB  reserved=2MB
  [saved] logs/InvertedDoublePendulum_v5/vanilla/seed_0/checkpoints
Done.

>>> Phase 2: Training RARL policies...
  [rarl] seed=0
[AdversarialDDPG] Loaded pi_opt from logs/InvertedDoublePendulum_v5/vanilla/seed_0/checkpoints
[AdversarialDDPG] device=cuda  num_envs=1  pi_rob=68609  pi_adv=68609  q=69121

[AdversarialDDPG] Epoch 1/1  elapsed=1s  buf=4000
  return       47.5  (episodes=546  dist=277  mean_len=7)
  [perf] device=GPU (NVIDIA GeForce RTX 3080)  epoch_time=0.5s  steps/s=7436  updates/s=0
         env_step=0.28s (0.07ms/call x4000)  buf_sample=0.00s (0.00ms/call x0)  update=0.00s (0.00ms/call x0)
         GPU mem: alloc=2MB  reserved=4MB
  [saved] logs/InvertedDoublePendulum_v5/rarl/seed_0/checkpoints
Done.

>>> Phase 3: Training SA-MDP policies...
  [sa_mdp] seed=0
<frozen runpy>:128: RuntimeWarning: 'src.baselines.sa_mdp' found in sys.modules after import of package 'src.baselines', but prior to execution of 'src.baselines.sa_mdp'; this may result in unpredictable behaviour
Device is: cuda
[DDPGAgent] device=cuda  num_envs=1  pi_params=68609  q_params=68865
[SA-MDP] eps=0.05
  step=5  ret=44.9  len=6
  step=11  ret=35.3  len=6
  step=17  ret=35.4  len=6
  step=22  ret=25.8  len=5
  step=29  ret=44.7  len=7
  step=35  ret=34.8  len=6
  step=40  ret=25.9  len=5
  step=47  ret=44.5  len=7
  step=53  ret=35.5  len=6
  step=61  ret=53.9  len=8
  step=67  ret=35.2  len=6
  step=76  ret=62.9  len=9
  step=83  ret=44.5  len=7
  step=90  ret=44.5  len=7
  step=96  ret=35.6  len=6
  step=102  ret=34.9  len=6
  step=110  ret=53.4  len=8
  step=118  ret=53.9  len=8
  step=125  ret=44.3  len=7
  step=140  ret=118.7  len=15
  step=148  ret=53.4  len=8
  step=158  ret=72.8  len=10
  step=164  ret=35.5  len=6
  step=171  ret=44.4  len=7
  step=179  ret=53.8  len=8
  step=185  ret=35.4  len=6
  step=194  ret=63.5  len=9
  step=200  ret=35.8  len=6
  step=208  ret=54.2  len=8
  step=214  ret=35.5  len=6
  step=219  ret=26.0  len=5
  step=224  ret=26.2  len=5
  step=230  ret=34.8  len=6
  step=239  ret=62.9  len=9
  step=245  ret=35.2  len=6
  step=258  ret=100.4  len=13
  step=264  ret=35.4  len=6
  step=268  ret=16.9  len=4
  step=276  ret=53.9  len=8
  step=283  ret=44.2  len=7
  step=291  ret=53.9  len=8
  step=301  ret=72.4  len=10
  step=307  ret=35.0  len=6
  step=315  ret=53.8  len=8
  step=323  ret=54.1  len=8
  step=331  ret=53.9  len=8
  step=336  ret=25.8  len=5
  step=342  ret=35.2  len=6
  step=348  ret=35.3  len=6
  step=357  ret=63.1  len=9
  step=362  ret=26.0  len=5
  step=370  ret=53.6  len=8
  step=378  ret=53.9  len=8
  step=383  ret=25.9  len=5
  step=389  ret=35.0  len=6
  step=397  ret=53.9  len=8
  step=406  ret=63.3  len=9
  step=412  ret=35.2  len=6
  step=417  ret=25.6  len=5
  step=425  ret=53.9  len=8
  step=431  ret=35.2  len=6
  step=437  ret=34.8  len=6
  step=443  ret=35.5  len=6
  step=452  ret=63.3  len=9
  step=458  ret=35.2  len=6
  step=463  ret=25.8  len=5
  step=468  ret=25.9  len=5
  step=476  ret=53.8  len=8
  step=484  ret=53.9  len=8
  step=490  ret=34.9  len=6
  step=497  ret=44.7  len=7
  step=502  ret=26.1  len=5
  step=509  ret=44.7  len=7
  step=515  ret=35.4  len=6
  step=520  ret=25.9  len=5
  step=527  ret=44.7  len=7
  step=543  ret=128.1  len=16
  step=548  ret=26.1  len=5
  step=555  ret=44.7  len=7
  step=567  ret=91.2  len=12
  step=572  ret=26.0  len=5
  step=581  ret=63.3  len=9
  step=592  ret=81.6  len=11
  step=598  ret=35.2  len=6
  step=603  ret=26.1  len=5
  step=610  ret=44.0  len=7
  step=619  ret=63.2  len=9
  step=625  ret=34.9  len=6
  step=635  ret=72.3  len=10
  step=642  ret=44.3  len=7
  step=648  ret=35.1  len=6
  step=656  ret=53.5  len=8
  step=663  ret=44.2  len=7
  step=671  ret=54.2  len=8
  step=680  ret=62.7  len=9
  step=687  ret=44.4  len=7
  step=694  ret=45.1  len=7
  step=701  ret=44.5  len=7
  step=706  ret=26.1  len=5
  step=714  ret=53.9  len=8
  step=722  ret=53.7  len=8
  step=731  ret=63.1  len=9
  step=738  ret=44.8  len=7
  step=743  ret=25.9  len=5
  step=751  ret=53.8  len=8
  step=758  ret=44.7  len=7
  step=765  ret=44.6  len=7
  step=771  ret=35.4  len=6
  step=779  ret=53.9  len=8
  step=784  ret=26.0  len=5
  step=794  ret=72.2  len=10
  step=801  ret=44.4  len=7
  step=807  ret=35.3  len=6
  step=813  ret=35.3  len=6
  step=820  ret=44.9  len=7
  step=826  ret=35.3  len=6
  step=832  ret=35.3  len=6
  step=839  ret=44.3  len=7
  step=846  ret=44.4  len=7
  step=855  ret=63.4  len=9
  step=863  ret=53.6  len=8
  step=869  ret=35.2  len=6
  step=877  ret=53.8  len=8
  step=885  ret=53.7  len=8
  step=891  ret=34.9  len=6
  step=900  ret=63.2  len=9
  step=907  ret=44.5  len=7
  step=913  ret=34.8  len=6
  step=922  ret=62.8  len=9
  step=930  ret=53.9  len=8
  step=935  ret=26.2  len=5
  step=941  ret=34.9  len=6
  step=948  ret=44.3  len=7
  step=953  ret=25.7  len=5
  step=960  ret=44.2  len=7
  step=969  ret=63.4  len=9
  step=977  ret=53.5  len=8
  step=982  ret=26.2  len=5
  step=991  ret=63.2  len=9
  step=997  ret=35.3  len=6
  step=1005  ret=53.6  len=8
  step=1012  ret=44.8  len=7
  step=1018  ret=34.9  len=6
  step=1025  ret=44.7  len=7
  step=1032  ret=44.5  len=7
  step=1038  ret=35.4  len=6
  step=1049  ret=81.8  len=11
  step=1056  ret=44.1  len=7
  step=1061  ret=26.0  len=5
  step=1070  ret=62.9  len=9
  step=1075  ret=26.3  len=5
  step=1080  ret=26.0  len=5
  step=1087  ret=44.7  len=7
  step=1099  ret=91.1  len=12
  step=1107  ret=54.0  len=8
  step=1114  ret=44.6  len=7
  step=1120  ret=35.2  len=6
  step=1125  ret=25.6  len=5
  step=1133  ret=53.9  len=8
  step=1139  ret=34.9  len=6
  step=1151  ret=91.4  len=12
  step=1160  ret=63.2  len=9
  step=1165  ret=26.1  len=5
  step=1172  ret=44.8  len=7
  step=1180  ret=53.9  len=8
  step=1186  ret=35.3  len=6
  step=1194  ret=53.7  len=8
  step=1200  ret=35.2  len=6
  step=1205  ret=26.1  len=5
  step=1210  ret=26.1  len=5
  step=1218  ret=53.8  len=8
  step=1225  ret=44.4  len=7
  step=1231  ret=35.0  len=6
  step=1239  ret=53.3  len=8
  step=1245  ret=35.5  len=6
  step=1254  ret=62.8  len=9
  step=1265  ret=82.0  len=11
  step=1276  ret=81.9  len=11
  step=1282  ret=35.2  len=6
  step=1288  ret=35.4  len=6
  step=1293  ret=26.1  len=5
  step=1299  ret=35.1  len=6
  step=1306  ret=44.4  len=7
  step=1314  ret=53.6  len=8
  step=1321  ret=44.5  len=7
  step=1331  ret=72.8  len=10
  step=1337  ret=35.2  len=6
  step=1343  ret=35.6  len=6
  step=1348  ret=25.9  len=5
  step=1353  ret=26.0  len=5
  step=1360  ret=44.6  len=7
  step=1372  ret=90.8  len=12
  step=1379  ret=44.5  len=7
  step=1386  ret=44.5  len=7
  step=1392  ret=35.0  len=6
  step=1403  ret=82.1  len=11
  step=1411  ret=54.0  len=8
  step=1417  ret=34.9  len=6
  step=1422  ret=26.2  len=5
  step=1429  ret=44.2  len=7
  step=1436  ret=44.2  len=7
  step=1443  ret=44.3  len=7
  step=1448  ret=26.3  len=5
  step=1454  ret=34.9  len=6
  step=1471  ret=137.7  len=17
  step=1481  ret=72.8  len=10
  step=1488  ret=44.7  len=7
  step=1493  ret=25.9  len=5
  step=1504  ret=81.3  len=11
  step=1510  ret=35.0  len=6
  step=1522  ret=91.4  len=12
  step=1528  ret=35.1  len=6
  step=1536  ret=54.2  len=8
  step=1546  ret=72.6  len=10
  step=1552  ret=35.3  len=6
  step=1558  ret=35.1  len=6
  step=1568  ret=72.5  len=10
  step=1580  ret=90.7  len=12
  step=1585  ret=26.0  len=5
  step=1591  ret=35.4  len=6
  step=1600  ret=62.7  len=9
  step=1607  ret=44.7  len=7
  step=1613  ret=35.1  len=6
  step=1619  ret=35.1  len=6
  step=1630  ret=81.7  len=11
  step=1637  ret=44.6  len=7
  step=1643  ret=35.4  len=6
  step=1649  ret=35.2  len=6
  step=1657  ret=53.7  len=8
  step=1664  ret=44.4  len=7
  step=1672  ret=54.0  len=8
  step=1677  ret=25.8  len=5
  step=1682  ret=25.7  len=5
  step=1691  ret=63.5  len=9
  step=1700  ret=63.0  len=9
  step=1712  ret=91.3  len=12
  step=1723  ret=81.6  len=11
  step=1733  ret=72.8  len=10
  step=1740  ret=44.7  len=7
  step=1746  ret=35.1  len=6
  step=1756  ret=72.5  len=10
  step=1763  ret=44.4  len=7
  step=1770  ret=44.6  len=7
  step=1775  ret=25.9  len=5
  step=1781  ret=35.4  len=6
  step=1787  ret=35.1  len=6
  step=1794  ret=44.6  len=7
  step=1800  ret=35.3  len=6
  step=1810  ret=72.3  len=10
  step=1823  ret=100.6  len=13
  step=1832  ret=63.3  len=9
  step=1837  ret=26.3  len=5
  step=1843  ret=35.1  len=6
  step=1850  ret=44.8  len=7
  step=1857  ret=44.4  len=7
  step=1862  ret=25.9  len=5
  step=1869  ret=44.4  len=7
  step=1875  ret=35.2  len=6
  step=1883  ret=53.9  len=8
  step=1891  ret=53.9  len=8
  step=1897  ret=35.1  len=6
  step=1902  ret=25.9  len=5
  step=1912  ret=72.9  len=10
  step=1920  ret=53.9  len=8
  step=1927  ret=44.5  len=7
  step=1934  ret=44.1  len=7
  step=1942  ret=54.1  len=8
  step=1951  ret=63.1  len=9
  step=1957  ret=35.4  len=6
  step=1965  ret=54.1  len=8
  step=1977  ret=90.6  len=12
  step=1984  ret=44.6  len=7
  step=1989  ret=26.1  len=5
  step=2002  ret=100.5  len=13
  step=2011  ret=63.4  len=9
  step=2021  ret=72.3  len=10
  step=2027  ret=35.3  len=6
  step=2033  ret=34.9  len=6
  step=2041  ret=53.7  len=8
  step=2050  ret=63.0  len=9
  step=2056  ret=35.1  len=6
  step=2063  ret=44.7  len=7
  step=2068  ret=26.3  len=5
  step=2078  ret=71.5  len=10
  step=2084  ret=35.3  len=6
  step=2091  ret=44.6  len=7
  step=2097  ret=35.2  len=6
  step=2103  ret=34.8  len=6
  step=2113  ret=72.1  len=10
  step=2120  ret=44.4  len=7
  step=2126  ret=35.4  len=6
  step=2132  ret=35.3  len=6
  step=2137  ret=26.0  len=5
  step=2144  ret=44.5  len=7
  step=2154  ret=73.1  len=10
  step=2159  ret=25.9  len=5
  step=2166  ret=44.7  len=7
  step=2173  ret=44.6  len=7
  step=2185  ret=91.5  len=12
  step=2193  ret=54.3  len=8
  step=2202  ret=62.8  len=9
  step=2208  ret=35.2  len=6
  step=2216  ret=54.1  len=8
  step=2223  ret=44.6  len=7
  step=2230  ret=44.1  len=7
  step=2235  ret=26.0  len=5
  step=2242  ret=44.3  len=7
  step=2249  ret=44.2  len=7
  step=2260  ret=82.4  len=11
  step=2265  ret=25.9  len=5
  step=2272  ret=44.0  len=7
  step=2277  ret=25.8  len=5
  step=2283  ret=34.9  len=6
  step=2289  ret=35.0  len=6
  step=2294  ret=26.3  len=5
  step=2302  ret=53.7  len=8
  step=2308  ret=35.1  len=6
  step=2316  ret=53.9  len=8
  step=2324  ret=54.1  len=8
  step=2330  ret=35.2  len=6
  step=2338  ret=54.1  len=8
  step=2346  ret=53.8  len=8
  step=2351  ret=26.3  len=5
  step=2358  ret=44.6  len=7
  step=2369  ret=81.7  len=11
  step=2375  ret=35.2  len=6
  step=2382  ret=44.4  len=7
  step=2388  ret=35.2  len=6
  step=2397  ret=63.4  len=9
  step=2406  ret=63.1  len=9
  step=2411  ret=25.5  len=5
  step=2416  ret=25.8  len=5
  step=2424  ret=53.8  len=8
  step=2433  ret=62.6  len=9
  step=2443  ret=72.1  len=10
  step=2448  ret=26.2  len=5
  step=2456  ret=53.8  len=8
  step=2464  ret=53.9  len=8
  step=2472  ret=53.7  len=8
  step=2482  ret=72.8  len=10
  step=2493  ret=82.1  len=11
  step=2499  ret=35.3  len=6
  step=2507  ret=53.5  len=8
  step=2518  ret=82.0  len=11
  step=2523  ret=26.0  len=5
  step=2528  ret=26.0  len=5
  step=2536  ret=53.9  len=8
  step=2543  ret=45.0  len=7
  step=2548  ret=26.1  len=5
  step=2556  ret=54.2  len=8
  step=2564  ret=53.6  len=8
  step=2571  ret=44.8  len=7
  step=2577  ret=35.0  len=6
  step=2586  ret=63.5  len=9
  step=2592  ret=35.4  len=6
  step=2601  ret=63.3  len=9
  step=2608  ret=44.7  len=7
  step=2617  ret=62.8  len=9
  step=2623  ret=35.4  len=6
  step=2632  ret=63.2  len=9
  step=2639  ret=44.1  len=7
  step=2646  ret=44.6  len=7
  step=2653  ret=44.7  len=7
  step=2659  ret=35.2  len=6
  step=2665  ret=35.2  len=6
  step=2672  ret=44.9  len=7
  step=2677  ret=26.0  len=5
  step=2684  ret=44.2  len=7
  step=2690  ret=35.0  len=6
  step=2698  ret=53.6  len=8
  step=2704  ret=35.2  len=6
  step=2711  ret=44.1  len=7
  step=2718  ret=44.6  len=7
  step=2725  ret=44.5  len=7
  step=2733  ret=53.2  len=8
  step=2738  ret=25.9  len=5
  step=2745  ret=44.3  len=7
  step=2750  ret=25.9  len=5
  step=2759  ret=63.3  len=9
  step=2767  ret=53.3  len=8
  step=2774  ret=44.1  len=7
  step=2781  ret=44.8  len=7
  step=2787  ret=35.3  len=6
  step=2795  ret=53.5  len=8
  step=2802  ret=44.3  len=7
  step=2809  ret=44.1  len=7
  step=2816  ret=44.5  len=7
  step=2827  ret=81.6  len=11
  step=2835  ret=53.9  len=8
  step=2840  ret=26.3  len=5
  step=2846  ret=35.2  len=6
  step=2853  ret=44.4  len=7
  step=2859  ret=35.1  len=6
  step=2865  ret=35.5  len=6
  step=2872  ret=44.6  len=7
  step=2879  ret=44.5  len=7
  step=2887  ret=54.3  len=8
  step=2892  ret=25.8  len=5
  step=2898  ret=35.4  len=6
  step=2905  ret=44.5  len=7
  step=2912  ret=43.9  len=7
  step=2920  ret=53.8  len=8
  step=2927  ret=44.9  len=7
  step=2934  ret=44.5  len=7
  step=2941  ret=44.1  len=7
  step=2946  ret=26.2  len=5
  step=2955  ret=63.1  len=9
  step=2962  ret=44.3  len=7
  step=2974  ret=91.4  len=12
  step=2980  ret=35.0  len=6
  step=2988  ret=54.1  len=8
  step=2995  ret=44.3  len=7
  step=3004  ret=63.0  len=9
  step=3011  ret=44.9  len=7
  step=3018  ret=44.4  len=7
  step=3022  ret=16.9  len=4
  step=3030  ret=54.1  len=8
  step=3036  ret=35.4  len=6
  step=3041  ret=26.0  len=5
  step=3050  ret=63.3  len=9
  step=3057  ret=44.5  len=7
  step=3068  ret=82.0  len=11
  step=3076  ret=54.2  len=8
  step=3082  ret=35.0  len=6
  step=3087  ret=25.6  len=5
  step=3092  ret=25.6  len=5
  step=3102  ret=72.6  len=10
  step=3110  ret=53.7  len=8
  step=3116  ret=35.3  len=6
  step=3123  ret=44.0  len=7
  step=3131  ret=53.7  len=8
  step=3142  ret=81.7  len=11
  step=3150  ret=54.0  len=8
  step=3156  ret=35.3  len=6
  step=3163  ret=44.2  len=7
  step=3170  ret=44.8  len=7
  step=3178  ret=53.9  len=8
  step=3184  ret=34.9  len=6
  step=3191  ret=44.3  len=7
  step=3198  ret=44.5  len=7
  step=3206  ret=54.0  len=8
  step=3214  ret=53.7  len=8
  step=3221  ret=44.6  len=7
  step=3227  ret=35.1  len=6
  step=3235  ret=53.9  len=8
  step=3241  ret=35.2  len=6
  step=3250  ret=62.8  len=9
  step=3256  ret=35.1  len=6
  step=3264  ret=53.5  len=8
  step=3270  ret=35.0  len=6
  step=3277  ret=44.0  len=7
  step=3283  ret=35.4  len=6
  step=3291  ret=53.7  len=8
  step=3297  ret=35.4  len=6
  step=3302  ret=26.1  len=5
  step=3311  ret=63.6  len=9
  step=3317  ret=35.6  len=6
  step=3322  ret=26.3  len=5
  step=3331  ret=63.1  len=9
  step=3339  ret=54.0  len=8
  step=3346  ret=44.6  len=7
  step=3353  ret=44.5  len=7
  step=3360  ret=44.4  len=7
  step=3369  ret=63.1  len=9
  step=3377  ret=53.6  len=8
  step=3385  ret=53.9  len=8
  step=3390  ret=25.8  len=5
  step=3398  ret=53.8  len=8
  step=3403  ret=26.0  len=5
  step=3409  ret=35.4  len=6
  step=3415  ret=35.0  len=6
  step=3432  ret=137.6  len=17
  step=3439  ret=44.6  len=7
  step=3444  ret=25.9  len=5
  step=3454  ret=72.8  len=10
  step=3460  ret=35.0  len=6
  step=3468  ret=53.5  len=8
  step=3474  ret=35.0  len=6
  step=3482  ret=54.0  len=8
  step=3490  ret=53.8  len=8
  step=3499  ret=62.9  len=9
  step=3505  ret=34.9  len=6
  step=3513  ret=54.0  len=8
  step=3520  ret=44.3  len=7
  step=3527  ret=44.6  len=7
  step=3534  ret=44.3  len=7
  step=3539  ret=26.1  len=5
  step=3550  ret=82.1  len=11
  step=3555  ret=26.2  len=5
  step=3561  ret=35.3  len=6
  step=3568  ret=44.7  len=7
  step=3574  ret=35.2  len=6
  step=3582  ret=53.8  len=8
  step=3589  ret=44.3  len=7
  step=3594  ret=26.0  len=5
  step=3600  ret=34.9  len=6
  step=3606  ret=35.1  len=6
  step=3617  ret=82.1  len=11
  step=3623  ret=34.8  len=6
  step=3632  ret=63.5  len=9
  step=3640  ret=53.9  len=8
  step=3650  ret=72.5  len=10
  step=3655  ret=25.7  len=5
  step=3667  ret=91.4  len=12
  step=3676  ret=62.8  len=9
  step=3682  ret=34.9  len=6
  step=3692  ret=72.1  len=10
  step=3704  ret=91.0  len=12
  step=3709  ret=26.3  len=5
  step=3716  ret=44.9  len=7
  step=3725  ret=63.1  len=9
  step=3731  ret=35.0  len=6
  step=3738  ret=44.2  len=7
  step=3744  ret=35.3  len=6
  step=3752  ret=53.6  len=8
  step=3760  ret=53.3  len=8
  step=3767  ret=44.4  len=7
  step=3775  ret=53.8  len=8
  step=3779  ret=17.0  len=4
  step=3788  ret=63.2  len=9
  step=3795  ret=44.2  len=7
  step=3803  ret=53.9  len=8
  step=3808  ret=25.6  len=5
  step=3817  ret=63.3  len=9
  step=3822  ret=25.5  len=5
  step=3828  ret=35.2  len=6
  step=3836  ret=54.0  len=8
  step=3845  ret=63.0  len=9
  step=3852  ret=44.7  len=7
  step=3860  ret=53.7  len=8
  step=3867  ret=44.7  len=7
  step=3876  ret=63.1  len=9
  step=3885  ret=63.5  len=9
  step=3892  ret=44.0  len=7
  step=3900  ret=53.6  len=8
  step=3908  ret=53.5  len=8
  step=3915  ret=44.1  len=7
  step=3923  ret=54.1  len=8
  step=3929  ret=35.3  len=6
  step=3937  ret=53.6  len=8
  step=3943  ret=35.4  len=6
  step=3952  ret=62.7  len=9
  step=3962  ret=72.9  len=10
  step=3975  ret=100.8  len=13
  step=3983  ret=53.8  len=8
  step=3991  ret=53.9  len=8
  step=3997  ret=34.9  len=6
[SA-MDP] Epoch 1/1  elapsed=0s
  [saved] logs/InvertedDoublePendulum_v5/sa_mdp/seed_0/checkpoints
Done.

>>> Phase 4: Training Domain Randomization policies...
  [dr] seed=0
<frozen runpy>:128: RuntimeWarning: 'src.baselines.domain_randomization' found in sys.modules after import of package 'src.baselines', but prior to execution of 'src.baselines.domain_randomization'; this may result in unpredictable behaviour
Device is: cuda
[DDPGAgent] device=cuda  num_envs=1  pi_params=68609  q_params=68865

[DDPGAgent] Epoch 1/1  elapsed=1s  buf=4000
  return       47.3  (episodes=548  mean_len=7)
  [perf] device=GPU (NVIDIA GeForce RTX 3080)  epoch_time=0.9s  steps/s=4254  updates/s=0
         env_step=0.56s (0.14ms/call x4000)  buf_sample=0.00s (0.00ms/call x0)  update=0.00s (0.00ms/call x0)
         GPU mem: alloc=1MB  reserved=2MB
  [saved] logs/InvertedDoublePendulum_v5/dr/seed_0/checkpoints
Done.

>>> Phase 5: Training RZSM policies...
  [rzsm] seed=0
[AdversarialDDPG] Loaded pi_opt from logs/InvertedDoublePendulum_v5/vanilla/seed_0/checkpoints
[AdversarialDDPG] device=cuda  num_envs=1  pi_rob=68609  pi_adv=68609  q=69121

[AdversarialDDPG] Epoch 1/1  elapsed=1s  buf=4000
  return       46.6  (episodes=553  dist=280  mean_len=7)
  [perf] device=GPU (NVIDIA GeForce RTX 3080)  epoch_time=0.6s  steps/s=6756  updates/s=0
         env_step=0.31s (0.08ms/call x4000)  buf_sample=0.00s (0.00ms/call x0)  update=0.00s (0.00ms/call x0)
         GPU mem: alloc=3MB  reserved=4MB
  [saved] logs/InvertedDoublePendulum_v5/rzsm/seed_0/checkpoints
Done.

==========================================
  Training complete!
  Checkpoints: logs/InvertedDoublePendulum_v5/{vanilla,rarl,sa_mdp,dr,rzsm}/seed_*/
==========================================

>>> Phase 6: Running evaluation...

============================================================
  Method: vanilla
============================================================
  Found 1 seed(s): ['seed_0']

  Scenario: nominal  (50 episodes/seed)
    seed_0: J = 36.8 +/- 3.3  len = 5  (0.4s)

  Scenario: force  (50 episodes/seed)
    seed_0: J = 36.5 +/- 2.9  len = 5  (0.3s)

  Scenario: params  (50 episodes/seed)
    seed_0: J = 37.4 +/- 4.2  len = 5  (0.3s)

  Scenario: noise  (50 episodes/seed)
    seed_0: J = 36.9 +/- 3.2  len = 5  (0.3s)

  Scenario: combined  (50 episodes/seed)
    seed_0: J = 36.8 +/- 3.8  len = 5  (0.3s)

============================================================
  Method: rarl
============================================================
  Found 1 seed(s): ['seed_0']

  Scenario: nominal  (50 episodes/seed)
    seed_0: J = 37.2 +/- 3.6  len = 5  (0.3s)

  Scenario: force  (50 episodes/seed)
    seed_0: J = 36.3 +/- 2.7  len = 5  (0.4s)

  Scenario: params  (50 episodes/seed)
    seed_0: J = 36.2 +/- 3.8  len = 5  (0.4s)

  Scenario: noise  (50 episodes/seed)
    seed_0: J = 37.0 +/- 3.4  len = 5  (0.4s)

  Scenario: combined  (50 episodes/seed)
    seed_0: J = 37.2 +/- 3.7  len = 5  (0.4s)

============================================================
  Method: sa_mdp
============================================================
  Found 1 seed(s): ['seed_0']

  Scenario: nominal  (50 episodes/seed)
    seed_0: J = 36.7 +/- 3.1  len = 5  (0.4s)

  Scenario: force  (50 episodes/seed)
    seed_0: J = 36.3 +/- 2.7  len = 5  (0.4s)

  Scenario: params  (50 episodes/seed)
    seed_0: J = 37.9 +/- 4.1  len = 5  (0.4s)

  Scenario: noise  (50 episodes/seed)
    seed_0: J = 36.7 +/- 3.1  len = 5  (0.4s)

  Scenario: combined  (50 episodes/seed)
    seed_0: J = 37.2 +/- 4.1  len = 5  (0.5s)

============================================================
  Method: dr
============================================================
  Found 1 seed(s): ['seed_0']

  Scenario: nominal  (50 episodes/seed)
    seed_0: J = 37.4 +/- 3.7  len = 5  (0.5s)

  Scenario: force  (50 episodes/seed)
    seed_0: J = 36.7 +/- 3.1  len = 5  (0.5s)

  Scenario: params  (50 episodes/seed)
    seed_0: J = 36.7 +/- 3.1  len = 5  (0.5s)

  Scenario: noise  (50 episodes/seed)
    seed_0: J = 36.3 +/- 2.7  len = 5  (0.5s)

  Scenario: combined  (50 episodes/seed)
    seed_0: J = 37.8 +/- 4.4  len = 5  (0.5s)

============================================================
  Method: rzsm
============================================================
  Found 1 seed(s): ['seed_0']

  Scenario: nominal  (50 episodes/seed)
    seed_0: J = 36.9 +/- 3.3  len = 5  (1.3s)

  Scenario: force  (50 episodes/seed)
    seed_0: J = 36.0 +/- 2.1  len = 5  (1.2s)

  Scenario: params  (50 episodes/seed)
    seed_0: J = 36.3 +/- 4.2  len = 5  (1.2s)

  Scenario: noise  (50 episodes/seed)
    seed_0: J = 36.1 +/- 2.4  len = 5  (1.1s)

  Scenario: combined  (50 episodes/seed)
    seed_0: J = 37.0 +/- 4.0  len = 5  (1.1s)
Saved: results/InvertedDoublePendulum_v5/comparison_table.csv
Saved: results/InvertedDoublePendulum_v5/per_seed_results.csv
Saved: results/InvertedDoublePendulum_v5/detection_metrics.json

======================================================================
  RESULTS: InvertedDoublePendulum-v5  (aggregated across seeds)
======================================================================
Method       Scenario           Return   Length  Seeds
--------------------------------------------------------
vanilla      nominal          36.8±0.0        5     1
vanilla      force            36.5±0.0        5     1
vanilla      params           37.4±0.0        5     1
vanilla      noise            36.9±0.0        5     1
vanilla      combined         36.8±0.0        5     1
rarl         nominal          37.2±0.0        5     1
rarl         force            36.3±0.0        5     1
rarl         params           36.2±0.0        5     1
rarl         noise            37.0±0.0        5     1
rarl         combined         37.2±0.0        5     1
sa_mdp       nominal          36.7±0.0        5     1
sa_mdp       force            36.3±0.0        5     1
sa_mdp       params           37.9±0.0        5     1
sa_mdp       noise            36.7±0.0        5     1
sa_mdp       combined         37.2±0.0        5     1
dr           nominal          37.4±0.0        5     1
dr           force            36.7±0.0        5     1
dr           params           36.7±0.0        5     1
dr           noise            36.3±0.0        5     1
dr           combined         37.8±0.0        5     1
rzsm         nominal          36.9±0.0        5     1
rzsm         force            36.0±0.0        5     1
rzsm         params           36.3±0.0        5     1
rzsm         noise            36.1±0.0        5     1
rzsm         combined         37.0±0.0        5     1

  Robustness Ratios (J_rob / J_nom):
Method       Scenario        Ratio
------------------------------------
vanilla      force           0.991
vanilla      params          1.014
vanilla      noise           1.000
vanilla      combined        1.000
rarl         force           0.976
rarl         params          0.974
rarl         noise           0.996
rarl         combined        0.999
sa_mdp       force           0.990
sa_mdp       params          1.033
sa_mdp       noise           0.999
sa_mdp       combined        1.013
dr           force           0.981
dr           params          0.981
dr           noise           0.971
dr           combined        1.011
rzsm         force           0.976
rzsm         params          0.984
rzsm         noise           0.981
rzsm         combined        1.004

Done.

>>> Phase 7: Generating plots...
Loading results for InvertedDoublePendulum-v5...
  25 rows: 5 methods x 5 scenarios (1 seed)

Saved: results/InvertedDoublePendulum_v5/figures/fig1_performance_comparison.pdf
Saved: results/InvertedDoublePendulum_v5/figures/fig2_robustness_heatmap.pdf
Saved: results/InvertedDoublePendulum_v5/figures/fig3_survival.pdf
Saved: results/InvertedDoublePendulum_v5/figures/fig4_training_curves.pdf
Saved: results/InvertedDoublePendulum_v5/figures/fig5_performance_drop.pdf

======================================================================
  TABLE 1: Performance Comparison (paste into paper.tex)
======================================================================
\begin{table}[!t]
\caption{Mean episode return ($\pm$ std) across disturbance scenarios on InvertedDoublePendulum-v5.}
\label{tab:results}
\centering
\footnotesize
\begin{tabular}{lccccc}
\toprule
Method & Nominal & Ext. Force & Param. Perturb. & Obs. Noise & Combined \\
\midrule
Vanilla DDPG & $37 \pm 0$ & $37 \pm 0$ & $37 \pm 0$ & $37 \pm 0$ & $37 \pm 0$ \\
RARL & $37 \pm 0$ & $36 \pm 0$ & $36 \pm 0$ & $37 \pm 0$ & $37 \pm 0$ \\
SA-MDP & $37 \pm 0$ & $36 \pm 0$ & $38 \pm 0$ & $37 \pm 0$ & $37 \pm 0$ \\
Domain Rand. & $37 \pm 0$ & $37 \pm 0$ & $37 \pm 0$ & $36 \pm 0$ & $38 \pm 0$ \\
\midrule
RZSM (Ours) & $37 \pm 0$ & $36 \pm 0$ & $36 \pm 0$ & $36 \pm 0$ & $37 \pm 0$ \\
\bottomrule
\end{tabular}
\end{table}

======================================================================
  TABLE 2: Robustness Ratios (paste into paper.tex)
======================================================================
\begin{table}[!t]
\caption{Robustness ratio $J_{\text{rob}} / J_{\text{nom}}$ (closer to 1.0 is better).}
\label{tab:robustness}
\centering
\footnotesize
\begin{tabular}{lcccc}
\toprule
Method & Ext. Force & Param. Perturb. & Obs. Noise & Combined \\
\midrule
Vanilla DDPG & 0.99 & 1.01 & 1.00 & 1.00 \\
RARL & 0.98 & 0.97 & 1.00 & 1.00 \\
SA-MDP & 0.99 & 1.03 & 1.00 & 1.01 \\
Domain Rand. & 0.98 & 0.98 & 0.97 & 1.01 \\
\midrule
RZSM (Ours) & 0.98 & 0.98 & 0.98 & 1.00 \\
\bottomrule
\end{tabular}
\end{table}

All figures saved to: results/InvertedDoublePendulum_v5/figures/
  fig1_performance_comparison.pdf
  fig1_performance_comparison.png
  fig2_robustness_heatmap.pdf
  fig2_robustness_heatmap.png
  fig3_survival.pdf
  fig3_survival.png
  fig4_training_curves.pdf
  fig4_training_curves.png
  fig5_performance_drop.pdf
  fig5_performance_drop.png

>>> Phase 8: Pushing results to git...
[main a3cc5a3] Training results: InvertedDoublePendulum-v5 1 seeds 1 epochs [2026-02-12_21:32]
 10 files changed, 0 insertions(+), 0 deletions(-)
 create mode 100644 results/InvertedDoublePendulum_v5/figures/fig1_performance_comparison.pdf
 create mode 100644 results/InvertedDoublePendulum_v5/figures/fig1_performance_comparison.png
 create mode 100644 results/InvertedDoublePendulum_v5/figures/fig2_robustness_heatmap.pdf
 create mode 100644 results/InvertedDoublePendulum_v5/figures/fig2_robustness_heatmap.png
 create mode 100644 results/InvertedDoublePendulum_v5/figures/fig3_survival.pdf
 create mode 100644 results/InvertedDoublePendulum_v5/figures/fig3_survival.png
 create mode 100644 results/InvertedDoublePendulum_v5/figures/fig4_training_curves.pdf
 create mode 100644 results/InvertedDoublePendulum_v5/figures/fig4_training_curves.png
 create mode 100644 results/InvertedDoublePendulum_v5/figures/fig5_performance_drop.pdf
 create mode 100644 results/InvertedDoublePendulum_v5/figures/fig5_performance_drop.png
To github.com:alibaniasad1999/robust-zero-sum-marl.git
 ! [remote rejected] main -> main (cannot lock ref 'refs/heads/main': is at 11b079cbd0fb231e050c314c38401926bd1121ac but expected dde5922580212bf2856b265028fc19aa54cab6b9)
error: failed to push some refs to 'github.com:alibaniasad1999/robust-zero-sum-marl.git'
  Git push failed — check remote config.

==========================================
  All done! Results committed & pushed.
==========================================
