==========================================
  Multi-seed training
  Seeds: 1 | Epochs: 1
  Env: InvertedPendulum-v5 | Parallel envs: 1
  Log base: logs/InvertedPendulum_v5
==========================================

>>> Phase 1: Training vanilla (nominal) policies...
  [vanilla] seed=0
Device is: cuda
[DDPGAgent] device=cuda  num_envs=1  pi_params=67329  q_params=67585

[DDPGAgent] Epoch 1/1  elapsed=0s  buf=4000
  return        5.2  (episodes=552  mean_len=7)
  [perf] device=GPU (NVIDIA GeForce RTX 3080)  epoch_time=0.4s  steps/s=9982  updates/s=0
         env_step=0.18s (0.05ms/call x4000)  buf_sample=0.00s (0.00ms/call x0)  update=0.00s (0.00ms/call x0)
         GPU mem: alloc=1MB  reserved=2MB
  [saved] logs/InvertedPendulum_v5/vanilla/seed_0/checkpoints
Done.

>>> Phase 2: Training RARL policies...
  [rarl] seed=0
[AdversarialDDPG] Loaded pi_opt from logs/InvertedPendulum_v5/vanilla/seed_0/checkpoints
[AdversarialDDPG] device=cuda  num_envs=1  pi_rob=67329  pi_adv=67329  q=67841

[AdversarialDDPG] Epoch 1/1  elapsed=1s  buf=4000
  return        4.9  (episodes=573  dist=286  mean_len=7)
  [perf] device=GPU (NVIDIA GeForce RTX 3080)  epoch_time=0.5s  steps/s=7922  updates/s=0
         env_step=0.20s (0.05ms/call x4000)  buf_sample=0.00s (0.00ms/call x0)  update=0.00s (0.00ms/call x0)
         GPU mem: alloc=2MB  reserved=4MB
  [saved] logs/InvertedPendulum_v5/rarl/seed_0/checkpoints
Done.

>>> Phase 3: Training SA-MDP policies...
  [sa_mdp] seed=0
<frozen runpy>:128: RuntimeWarning: 'src.baselines.sa_mdp' found in sys.modules after import of package 'src.baselines', but prior to execution of 'src.baselines.sa_mdp'; this may result in unpredictable behaviour
Device is: cuda
[DDPGAgent] device=cuda  num_envs=1  pi_params=67329  q_params=67585
[SA-MDP] eps=0.05
  step=4  ret=4.0  len=5
  step=8  ret=2.0  len=4
  step=12  ret=2.0  len=4
  step=18  ret=4.0  len=6
  step=22  ret=2.0  len=4
  step=26  ret=2.0  len=4
  step=32  ret=4.0  len=6
  step=36  ret=2.0  len=4
  step=41  ret=3.0  len=5
  step=54  ret=11.0  len=13
  step=59  ret=3.0  len=5
  step=63  ret=2.0  len=4
  step=68  ret=3.0  len=5
  step=74  ret=4.0  len=6
  step=79  ret=3.0  len=5
  step=87  ret=6.0  len=8
  step=95  ret=6.0  len=8
  step=102  ret=5.0  len=7
  step=106  ret=2.0  len=4
  step=119  ret=11.0  len=13
  step=127  ret=6.0  len=8
  step=135  ret=6.0  len=8
  step=139  ret=2.0  len=4
  step=144  ret=3.0  len=5
  step=148  ret=2.0  len=4
  step=153  ret=3.0  len=5
  step=157  ret=2.0  len=4
  step=161  ret=2.0  len=4
  step=166  ret=3.0  len=5
  step=180  ret=12.0  len=14
  step=192  ret=10.0  len=12
  step=196  ret=2.0  len=4
  step=201  ret=3.0  len=5
  step=214  ret=11.0  len=13
  step=220  ret=4.0  len=6
  step=227  ret=5.0  len=7
  step=237  ret=8.0  len=10
  step=243  ret=4.0  len=6
  step=248  ret=3.0  len=5
  step=253  ret=3.0  len=5
  step=257  ret=2.0  len=4
  step=263  ret=4.0  len=6
  step=267  ret=2.0  len=4
  step=272  ret=3.0  len=5
  step=281  ret=7.0  len=9
  step=286  ret=3.0  len=5
  step=296  ret=8.0  len=10
  step=302  ret=4.0  len=6
  step=308  ret=4.0  len=6
  step=317  ret=7.0  len=9
  step=333  ret=14.0  len=16
  step=338  ret=3.0  len=5
  step=353  ret=13.0  len=15
  step=358  ret=3.0  len=5
  step=365  ret=5.0  len=7
  step=370  ret=3.0  len=5
  step=383  ret=11.0  len=13
  step=391  ret=6.0  len=8
  step=396  ret=3.0  len=5
  step=400  ret=2.0  len=4
  step=407  ret=5.0  len=7
  step=414  ret=5.0  len=7
  step=426  ret=10.0  len=12
  step=434  ret=6.0  len=8
  step=451  ret=15.0  len=17
  step=456  ret=3.0  len=5
  step=463  ret=5.0  len=7
  step=467  ret=2.0  len=4
  step=485  ret=16.0  len=18
  step=493  ret=6.0  len=8
  step=500  ret=5.0  len=7
  step=509  ret=7.0  len=9
  step=513  ret=2.0  len=4
  step=520  ret=5.0  len=7
  step=526  ret=4.0  len=6
  step=543  ret=15.0  len=17
  step=547  ret=2.0  len=4
  step=552  ret=3.0  len=5
  step=556  ret=2.0  len=4
  step=566  ret=8.0  len=10
  step=573  ret=5.0  len=7
  step=589  ret=14.0  len=16
  step=593  ret=2.0  len=4
  step=598  ret=3.0  len=5
  step=603  ret=3.0  len=5
  step=610  ret=5.0  len=7
  step=616  ret=4.0  len=6
  step=622  ret=4.0  len=6
  step=630  ret=6.0  len=8
  step=634  ret=2.0  len=4
  step=638  ret=2.0  len=4
  step=643  ret=3.0  len=5
  step=648  ret=3.0  len=5
  step=653  ret=3.0  len=5
  step=658  ret=3.0  len=5
  step=663  ret=3.0  len=5
  step=668  ret=3.0  len=5
  step=676  ret=6.0  len=8
  step=688  ret=10.0  len=12
  step=693  ret=3.0  len=5
  step=698  ret=3.0  len=5
  step=702  ret=2.0  len=4
  step=707  ret=3.0  len=5
  step=716  ret=7.0  len=9
  step=725  ret=7.0  len=9
  step=733  ret=6.0  len=8
  step=738  ret=3.0  len=5
  step=742  ret=2.0  len=4
  step=748  ret=4.0  len=6
  step=754  ret=4.0  len=6
  step=761  ret=5.0  len=7
  step=768  ret=5.0  len=7
  step=772  ret=2.0  len=4
  step=782  ret=8.0  len=10
  step=791  ret=7.0  len=9
  step=799  ret=6.0  len=8
  step=803  ret=2.0  len=4
  step=807  ret=2.0  len=4
  step=812  ret=3.0  len=5
  step=816  ret=2.0  len=4
  step=824  ret=6.0  len=8
  step=831  ret=5.0  len=7
  step=835  ret=2.0  len=4
  step=847  ret=10.0  len=12
  step=853  ret=4.0  len=6
  step=859  ret=4.0  len=6
  step=867  ret=6.0  len=8
  step=875  ret=6.0  len=8
  step=880  ret=3.0  len=5
  step=892  ret=10.0  len=12
  step=909  ret=15.0  len=17
  step=915  ret=4.0  len=6
  step=919  ret=2.0  len=4
  step=927  ret=6.0  len=8
  step=932  ret=3.0  len=5
  step=936  ret=2.0  len=4
  step=940  ret=2.0  len=4
  step=955  ret=13.0  len=15
  step=959  ret=2.0  len=4
  step=965  ret=4.0  len=6
  step=976  ret=9.0  len=11
  step=983  ret=5.0  len=7
  step=989  ret=4.0  len=6
  step=1002  ret=11.0  len=13
  step=1008  ret=4.0  len=6
  step=1016  ret=6.0  len=8
  step=1026  ret=8.0  len=10
  step=1048  ret=20.0  len=22
  step=1056  ret=6.0  len=8
  step=1060  ret=2.0  len=4
  step=1064  ret=2.0  len=4
  step=1069  ret=3.0  len=5
  step=1075  ret=4.0  len=6
  step=1080  ret=3.0  len=5
  step=1084  ret=2.0  len=4
  step=1092  ret=6.0  len=8
  step=1097  ret=3.0  len=5
  step=1104  ret=5.0  len=7
  step=1108  ret=2.0  len=4
  step=1115  ret=5.0  len=7
  step=1121  ret=4.0  len=6
  step=1129  ret=6.0  len=8
  step=1134  ret=3.0  len=5
  step=1141  ret=5.0  len=7
  step=1146  ret=3.0  len=5
  step=1157  ret=9.0  len=11
  step=1162  ret=3.0  len=5
  step=1169  ret=5.0  len=7
  step=1175  ret=4.0  len=6
  step=1181  ret=4.0  len=6
  step=1187  ret=4.0  len=6
  step=1191  ret=2.0  len=4
  step=1201  ret=8.0  len=10
  step=1210  ret=7.0  len=9
  step=1214  ret=2.0  len=4
  step=1223  ret=7.0  len=9
  step=1227  ret=2.0  len=4
  step=1232  ret=3.0  len=5
  step=1241  ret=7.0  len=9
  step=1249  ret=6.0  len=8
  step=1256  ret=5.0  len=7
  step=1260  ret=2.0  len=4
  step=1265  ret=3.0  len=5
  step=1273  ret=6.0  len=8
  step=1278  ret=3.0  len=5
  step=1287  ret=7.0  len=9
  step=1295  ret=6.0  len=8
  step=1299  ret=2.0  len=4
  step=1303  ret=2.0  len=4
  step=1309  ret=4.0  len=6
  step=1313  ret=2.0  len=4
  step=1318  ret=3.0  len=5
  step=1331  ret=11.0  len=13
  step=1342  ret=9.0  len=11
  step=1349  ret=5.0  len=7
  step=1353  ret=2.0  len=4
  step=1361  ret=6.0  len=8
  step=1369  ret=6.0  len=8
  step=1380  ret=9.0  len=11
  step=1385  ret=3.0  len=5
  step=1394  ret=7.0  len=9
  step=1399  ret=3.0  len=5
  step=1403  ret=2.0  len=4
  step=1413  ret=8.0  len=10
  step=1432  ret=17.0  len=19
  step=1440  ret=6.0  len=8
  step=1450  ret=8.0  len=10
  step=1456  ret=4.0  len=6
  step=1460  ret=2.0  len=4
  step=1469  ret=7.0  len=9
  step=1473  ret=2.0  len=4
  step=1477  ret=2.0  len=4
  step=1485  ret=6.0  len=8
  step=1489  ret=2.0  len=4
  step=1497  ret=6.0  len=8
  step=1503  ret=4.0  len=6
  step=1510  ret=5.0  len=7
  step=1517  ret=5.0  len=7
  step=1521  ret=2.0  len=4
  step=1526  ret=3.0  len=5
  step=1531  ret=3.0  len=5
  step=1536  ret=3.0  len=5
  step=1544  ret=6.0  len=8
  step=1553  ret=7.0  len=9
  step=1560  ret=5.0  len=7
  step=1567  ret=5.0  len=7
  step=1574  ret=5.0  len=7
  step=1580  ret=4.0  len=6
  step=1584  ret=2.0  len=4
  step=1597  ret=11.0  len=13
  step=1604  ret=5.0  len=7
  step=1611  ret=5.0  len=7
  step=1625  ret=12.0  len=14
  step=1629  ret=2.0  len=4
  step=1633  ret=2.0  len=4
  step=1638  ret=3.0  len=5
  step=1645  ret=5.0  len=7
  step=1651  ret=4.0  len=6
  step=1662  ret=9.0  len=11
  step=1674  ret=10.0  len=12
  step=1680  ret=4.0  len=6
  step=1691  ret=9.0  len=11
  step=1696  ret=3.0  len=5
  step=1705  ret=7.0  len=9
  step=1710  ret=3.0  len=5
  step=1716  ret=4.0  len=6
  step=1723  ret=5.0  len=7
  step=1729  ret=4.0  len=6
  step=1735  ret=4.0  len=6
  step=1740  ret=3.0  len=5
  step=1744  ret=2.0  len=4
  step=1761  ret=15.0  len=17
  step=1776  ret=13.0  len=15
  step=1783  ret=5.0  len=7
  step=1790  ret=5.0  len=7
  step=1796  ret=4.0  len=6
  step=1800  ret=2.0  len=4
  step=1805  ret=3.0  len=5
  step=1810  ret=3.0  len=5
  step=1822  ret=10.0  len=12
  step=1826  ret=2.0  len=4
  step=1830  ret=2.0  len=4
  step=1855  ret=23.0  len=25
  step=1865  ret=8.0  len=10
  step=1873  ret=6.0  len=8
  step=1877  ret=2.0  len=4
  step=1886  ret=7.0  len=9
  step=1890  ret=2.0  len=4
  step=1895  ret=3.0  len=5
  step=1900  ret=3.0  len=5
  step=1905  ret=3.0  len=5
  step=1914  ret=7.0  len=9
  step=1918  ret=2.0  len=4
  step=1927  ret=7.0  len=9
  step=1931  ret=2.0  len=4
  step=1940  ret=7.0  len=9
  step=1944  ret=2.0  len=4
  step=1948  ret=2.0  len=4
  step=1957  ret=7.0  len=9
  step=1964  ret=5.0  len=7
  step=1973  ret=7.0  len=9
  step=1979  ret=4.0  len=6
  step=1990  ret=9.0  len=11
  step=1998  ret=6.0  len=8
  step=2003  ret=3.0  len=5
  step=2009  ret=4.0  len=6
  step=2018  ret=7.0  len=9
  step=2023  ret=3.0  len=5
  step=2027  ret=2.0  len=4
  step=2032  ret=3.0  len=5
  step=2046  ret=12.0  len=14
  step=2056  ret=8.0  len=10
  step=2064  ret=6.0  len=8
  step=2069  ret=3.0  len=5
  step=2075  ret=4.0  len=6
  step=2084  ret=7.0  len=9
  step=2092  ret=6.0  len=8
  step=2099  ret=5.0  len=7
  step=2105  ret=4.0  len=6
  step=2109  ret=2.0  len=4
  step=2113  ret=2.0  len=4
  step=2121  ret=6.0  len=8
  step=2128  ret=5.0  len=7
  step=2132  ret=2.0  len=4
  step=2136  ret=2.0  len=4
  step=2143  ret=5.0  len=7
  step=2153  ret=8.0  len=10
  step=2161  ret=6.0  len=8
  step=2165  ret=2.0  len=4
  step=2171  ret=4.0  len=6
  step=2177  ret=4.0  len=6
  step=2181  ret=2.0  len=4
  step=2186  ret=3.0  len=5
  step=2206  ret=18.0  len=20
  step=2210  ret=2.0  len=4
  step=2215  ret=3.0  len=5
  step=2219  ret=2.0  len=4
  step=2223  ret=2.0  len=4
  step=2230  ret=5.0  len=7
  step=2234  ret=2.0  len=4
  step=2242  ret=6.0  len=8
  step=2248  ret=4.0  len=6
  step=2257  ret=7.0  len=9
  step=2263  ret=4.0  len=6
  step=2272  ret=7.0  len=9
  step=2280  ret=6.0  len=8
  step=2285  ret=3.0  len=5
  step=2290  ret=3.0  len=5
  step=2299  ret=7.0  len=9
  step=2303  ret=2.0  len=4
  step=2307  ret=2.0  len=4
  step=2316  ret=7.0  len=9
  step=2320  ret=2.0  len=4
  step=2325  ret=3.0  len=5
  step=2344  ret=17.0  len=19
  step=2354  ret=8.0  len=10
  step=2359  ret=3.0  len=5
  step=2377  ret=16.0  len=18
  step=2381  ret=2.0  len=4
  step=2393  ret=10.0  len=12
  step=2398  ret=3.0  len=5
  step=2402  ret=2.0  len=4
  step=2406  ret=2.0  len=4
  step=2410  ret=2.0  len=4
  step=2415  ret=3.0  len=5
  step=2428  ret=11.0  len=13
  step=2445  ret=15.0  len=17
  step=2452  ret=5.0  len=7
  step=2458  ret=4.0  len=6
  step=2464  ret=4.0  len=6
  step=2468  ret=2.0  len=4
  step=2473  ret=3.0  len=5
  step=2478  ret=3.0  len=5
  step=2483  ret=3.0  len=5
  step=2488  ret=3.0  len=5
  step=2492  ret=2.0  len=4
  step=2500  ret=6.0  len=8
  step=2507  ret=5.0  len=7
  step=2514  ret=5.0  len=7
  step=2518  ret=2.0  len=4
  step=2523  ret=3.0  len=5
  step=2530  ret=5.0  len=7
  step=2537  ret=5.0  len=7
  step=2546  ret=7.0  len=9
  step=2550  ret=2.0  len=4
  step=2558  ret=6.0  len=8
  step=2567  ret=7.0  len=9
  step=2575  ret=6.0  len=8
  step=2579  ret=2.0  len=4
  step=2584  ret=3.0  len=5
  step=2590  ret=4.0  len=6
  step=2599  ret=7.0  len=9
  step=2611  ret=10.0  len=12
  step=2622  ret=9.0  len=11
  step=2628  ret=4.0  len=6
  step=2634  ret=4.0  len=6
  step=2657  ret=21.0  len=23
  step=2662  ret=3.0  len=5
  step=2671  ret=7.0  len=9
  step=2677  ret=4.0  len=6
  step=2681  ret=2.0  len=4
  step=2688  ret=5.0  len=7
  step=2702  ret=12.0  len=14
  step=2708  ret=4.0  len=6
  step=2712  ret=2.0  len=4
  step=2718  ret=4.0  len=6
  step=2724  ret=4.0  len=6
  step=2731  ret=5.0  len=7
  step=2737  ret=4.0  len=6
  step=2741  ret=2.0  len=4
  step=2749  ret=6.0  len=8
  step=2755  ret=4.0  len=6
  step=2759  ret=2.0  len=4
  step=2763  ret=2.0  len=4
  step=2771  ret=6.0  len=8
  step=2776  ret=3.0  len=5
  step=2784  ret=6.0  len=8
  step=2793  ret=7.0  len=9
  step=2799  ret=4.0  len=6
  step=2803  ret=2.0  len=4
  step=2810  ret=5.0  len=7
  step=2817  ret=5.0  len=7
  step=2825  ret=6.0  len=8
  step=2831  ret=4.0  len=6
  step=2836  ret=3.0  len=5
  step=2840  ret=2.0  len=4
  step=2845  ret=3.0  len=5
  step=2854  ret=7.0  len=9
  step=2860  ret=4.0  len=6
  step=2864  ret=2.0  len=4
  step=2869  ret=3.0  len=5
  step=2876  ret=5.0  len=7
  step=2882  ret=4.0  len=6
  step=2889  ret=5.0  len=7
  step=2897  ret=6.0  len=8
  step=2903  ret=4.0  len=6
  step=2926  ret=21.0  len=23
  step=2950  ret=22.0  len=24
  step=2954  ret=2.0  len=4
  step=2958  ret=2.0  len=4
  step=2962  ret=2.0  len=4
  step=2967  ret=3.0  len=5
  step=2974  ret=5.0  len=7
  step=2990  ret=14.0  len=16
  step=2995  ret=3.0  len=5
  step=3000  ret=3.0  len=5
  step=3007  ret=5.0  len=7
  step=3015  ret=6.0  len=8
  step=3027  ret=10.0  len=12
  step=3032  ret=3.0  len=5
  step=3043  ret=9.0  len=11
  step=3050  ret=5.0  len=7
  step=3058  ret=6.0  len=8
  step=3065  ret=5.0  len=7
  step=3070  ret=3.0  len=5
  step=3079  ret=7.0  len=9
  step=3087  ret=6.0  len=8
  step=3091  ret=2.0  len=4
  step=3095  ret=2.0  len=4
  step=3102  ret=5.0  len=7
  step=3109  ret=5.0  len=7
  step=3113  ret=2.0  len=4
  step=3119  ret=4.0  len=6
  step=3129  ret=8.0  len=10
  step=3134  ret=3.0  len=5
  step=3147  ret=11.0  len=13
  step=3152  ret=3.0  len=5
  step=3159  ret=5.0  len=7
  step=3164  ret=3.0  len=5
  step=3169  ret=3.0  len=5
  step=3174  ret=3.0  len=5
  step=3180  ret=4.0  len=6
  step=3186  ret=4.0  len=6
  step=3190  ret=2.0  len=4
  step=3195  ret=3.0  len=5
  step=3200  ret=3.0  len=5
  step=3212  ret=10.0  len=12
  step=3227  ret=13.0  len=15
  step=3242  ret=13.0  len=15
  step=3265  ret=21.0  len=23
  step=3271  ret=4.0  len=6
  step=3275  ret=2.0  len=4
  step=3283  ret=6.0  len=8
  step=3288  ret=3.0  len=5
  step=3293  ret=3.0  len=5
  step=3307  ret=12.0  len=14
  step=3313  ret=4.0  len=6
  step=3318  ret=3.0  len=5
  step=3324  ret=4.0  len=6
  step=3329  ret=3.0  len=5
  step=3333  ret=2.0  len=4
  step=3343  ret=8.0  len=10
  step=3361  ret=16.0  len=18
  step=3367  ret=4.0  len=6
  step=3373  ret=4.0  len=6
  step=3384  ret=9.0  len=11
  step=3390  ret=4.0  len=6
  step=3401  ret=9.0  len=11
  step=3405  ret=2.0  len=4
  step=3413  ret=6.0  len=8
  step=3418  ret=3.0  len=5
  step=3425  ret=5.0  len=7
  step=3430  ret=3.0  len=5
  step=3434  ret=2.0  len=4
  step=3441  ret=5.0  len=7
  step=3445  ret=2.0  len=4
  step=3453  ret=6.0  len=8
  step=3459  ret=4.0  len=6
  step=3466  ret=5.0  len=7
  step=3473  ret=5.0  len=7
  step=3478  ret=3.0  len=5
  step=3482  ret=2.0  len=4
  step=3489  ret=5.0  len=7
  step=3494  ret=3.0  len=5
  step=3505  ret=9.0  len=11
  step=3510  ret=3.0  len=5
  step=3527  ret=15.0  len=17
  step=3532  ret=3.0  len=5
  step=3539  ret=5.0  len=7
  step=3550  ret=9.0  len=11
  step=3555  ret=3.0  len=5
  step=3560  ret=3.0  len=5
  step=3568  ret=6.0  len=8
  step=3574  ret=4.0  len=6
  step=3582  ret=6.0  len=8
  step=3605  ret=21.0  len=23
  step=3612  ret=5.0  len=7
  step=3619  ret=5.0  len=7
  step=3623  ret=2.0  len=4
  step=3636  ret=11.0  len=13
  step=3640  ret=2.0  len=4
  step=3650  ret=8.0  len=10
  step=3654  ret=2.0  len=4
  step=3658  ret=2.0  len=4
  step=3663  ret=3.0  len=5
  step=3671  ret=6.0  len=8
  step=3676  ret=3.0  len=5
  step=3688  ret=10.0  len=12
  step=3692  ret=2.0  len=4
  step=3701  ret=7.0  len=9
  step=3706  ret=3.0  len=5
  step=3712  ret=4.0  len=6
  step=3724  ret=10.0  len=12
  step=3745  ret=19.0  len=21
  step=3758  ret=11.0  len=13
  step=3763  ret=3.0  len=5
  step=3773  ret=8.0  len=10
  step=3777  ret=2.0  len=4
  step=3783  ret=4.0  len=6
  step=3787  ret=2.0  len=4
  step=3793  ret=4.0  len=6
  step=3806  ret=11.0  len=13
  step=3814  ret=6.0  len=8
  step=3818  ret=2.0  len=4
  step=3828  ret=8.0  len=10
  step=3832  ret=2.0  len=4
  step=3838  ret=4.0  len=6
  step=3842  ret=2.0  len=4
  step=3847  ret=3.0  len=5
  step=3851  ret=2.0  len=4
  step=3859  ret=6.0  len=8
  step=3869  ret=8.0  len=10
  step=3874  ret=3.0  len=5
  step=3878  ret=2.0  len=4
  step=3882  ret=2.0  len=4
  step=3887  ret=3.0  len=5
  step=3891  ret=2.0  len=4
  step=3898  ret=5.0  len=7
  step=3905  ret=5.0  len=7
  step=3909  ret=2.0  len=4
  step=3915  ret=4.0  len=6
  step=3920  ret=3.0  len=5
  step=3926  ret=4.0  len=6
  step=3937  ret=9.0  len=11
  step=3942  ret=3.0  len=5
  step=3949  ret=5.0  len=7
  step=3959  ret=8.0  len=10
  step=3964  ret=3.0  len=5
  step=3969  ret=3.0  len=5
  step=3974  ret=3.0  len=5
  step=3979  ret=3.0  len=5
  step=3988  ret=7.0  len=9
  step=3994  ret=4.0  len=6
  step=3998  ret=2.0  len=4
[SA-MDP] Epoch 1/1  elapsed=1s
  [saved] logs/InvertedPendulum_v5/sa_mdp/seed_0/checkpoints
Done.

>>> Phase 4: Training Domain Randomization policies...
  [dr] seed=0
<frozen runpy>:128: RuntimeWarning: 'src.baselines.domain_randomization' found in sys.modules after import of package 'src.baselines', but prior to execution of 'src.baselines.domain_randomization'; this may result in unpredictable behaviour
Device is: cuda
[DDPGAgent] device=cuda  num_envs=1  pi_params=67329  q_params=67585

[DDPGAgent] Epoch 1/1  elapsed=0s  buf=4000
  return        5.0  (episodes=567  mean_len=7)
  [perf] device=GPU (NVIDIA GeForce RTX 3080)  epoch_time=0.4s  steps/s=8921  updates/s=0
         env_step=0.23s (0.06ms/call x4000)  buf_sample=0.00s (0.00ms/call x0)  update=0.00s (0.00ms/call x0)
         GPU mem: alloc=1MB  reserved=2MB
  [saved] logs/InvertedPendulum_v5/dr/seed_0/checkpoints
Done.

>>> Phase 5: Training RZSM policies...
  [rzsm] seed=0
[AdversarialDDPG] Loaded pi_opt from logs/InvertedPendulum_v5/vanilla/seed_0/checkpoints
[AdversarialDDPG] device=cuda  num_envs=1  pi_rob=67329  pi_adv=67329  q=67841

[AdversarialDDPG] Epoch 1/1  elapsed=0s  buf=4000
  return        5.2  (episodes=554  dist=280  mean_len=7)
  [perf] device=GPU (NVIDIA GeForce RTX 3080)  epoch_time=0.4s  steps/s=8967  updates/s=0
         env_step=0.17s (0.04ms/call x4000)  buf_sample=0.00s (0.00ms/call x0)  update=0.00s (0.00ms/call x0)
         GPU mem: alloc=3MB  reserved=4MB
  [saved] logs/InvertedPendulum_v5/rzsm/seed_0/checkpoints
Done.

==========================================
  Training complete!
  Checkpoints: logs/InvertedPendulum_v5/{vanilla,rarl,sa_mdp,dr,rzsm}/seed_*/
==========================================

>>> Phase 6: Running evaluation...

============================================================
  Method: vanilla
============================================================
  Found 1 seed(s): ['seed_0']

  Scenario: nominal  (50 episodes/seed)
    seed_0: J = 5.8 +/- 0.4  len = 7  (0.2s)

  Scenario: force  (50 episodes/seed)
    seed_0: J = 5.8 +/- 0.4  len = 7  (0.1s)

  Scenario: params  (50 episodes/seed)
    seed_0: J = 5.6 +/- 0.6  len = 7  (0.1s)

  Scenario: noise  (50 episodes/seed)
    seed_0: J = 5.8 +/- 0.4  len = 7  (0.2s)

  Scenario: combined  (50 episodes/seed)
    seed_0: J = 5.7 +/- 0.6  len = 7  (0.2s)

============================================================
  Method: rarl
============================================================
  Found 1 seed(s): ['seed_0']

  Scenario: nominal  (50 episodes/seed)
    seed_0: J = 5.7 +/- 0.5  len = 7  (0.2s)

  Scenario: force  (50 episodes/seed)
    seed_0: J = 5.7 +/- 0.5  len = 7  (0.2s)

  Scenario: params  (50 episodes/seed)
    seed_0: J = 5.5 +/- 0.6  len = 7  (0.2s)

  Scenario: noise  (50 episodes/seed)
    seed_0: J = 5.8 +/- 0.4  len = 7  (0.2s)

  Scenario: combined  (50 episodes/seed)
    seed_0: J = 5.7 +/- 0.5  len = 7  (0.2s)

============================================================
  Method: sa_mdp
============================================================
  Found 1 seed(s): ['seed_0']

  Scenario: nominal  (50 episodes/seed)
    seed_0: J = 5.7 +/- 0.4  len = 7  (0.2s)

  Scenario: force  (50 episodes/seed)
    seed_0: J = 5.8 +/- 0.4  len = 7  (0.3s)

  Scenario: params  (50 episodes/seed)
    seed_0: J = 5.6 +/- 0.7  len = 7  (0.3s)

  Scenario: noise  (50 episodes/seed)
    seed_0: J = 5.6 +/- 0.5  len = 7  (0.3s)

  Scenario: combined  (50 episodes/seed)
    seed_0: J = 5.7 +/- 0.6  len = 7  (0.3s)

============================================================
  Method: dr
============================================================
  Found 1 seed(s): ['seed_0']

  Scenario: nominal  (50 episodes/seed)
    seed_0: J = 5.7 +/- 0.4  len = 7  (0.4s)

  Scenario: force  (50 episodes/seed)
    seed_0: J = 5.7 +/- 0.5  len = 7  (0.5s)

  Scenario: params  (50 episodes/seed)
    seed_0: J = 5.5 +/- 0.6  len = 6  (0.4s)

  Scenario: noise  (50 episodes/seed)
    seed_0: J = 5.6 +/- 0.5  len = 7  (0.4s)

  Scenario: combined  (50 episodes/seed)
    seed_0: J = 5.6 +/- 0.6  len = 7  (0.5s)

============================================================
  Method: rzsm
============================================================
  Found 1 seed(s): ['seed_0']

  Scenario: nominal  (50 episodes/seed)
    seed_0: J = 5.7 +/- 0.5  len = 7  (1.6s)

  Scenario: force  (50 episodes/seed)
    seed_0: J = 5.6 +/- 0.5  len = 7  (1.8s)

  Scenario: params  (50 episodes/seed)
    seed_0: J = 5.6 +/- 0.5  len = 7  (1.8s)

  Scenario: noise  (50 episodes/seed)
    seed_0: J = 5.6 +/- 0.5  len = 7  (1.9s)

  Scenario: combined  (50 episodes/seed)
    seed_0: J = 5.8 +/- 0.7  len = 7  (2.0s)
Saved: results/InvertedPendulum_v5/comparison_table.csv
Saved: results/InvertedPendulum_v5/per_seed_results.csv
Saved: results/InvertedPendulum_v5/detection_metrics.json

======================================================================
  RESULTS: InvertedPendulum-v5  (aggregated across seeds)
======================================================================
Method       Scenario           Return   Length  Seeds
--------------------------------------------------------
vanilla      nominal           5.8±0.0        7     1
vanilla      force             5.8±0.0        7     1
vanilla      params            5.6±0.0        7     1
vanilla      noise             5.8±0.0        7     1
vanilla      combined          5.7±0.0        7     1
rarl         nominal           5.7±0.0        7     1
rarl         force             5.7±0.0        7     1
rarl         params            5.5±0.0        7     1
rarl         noise             5.8±0.0        7     1
rarl         combined          5.7±0.0        7     1
sa_mdp       nominal           5.7±0.0        7     1
sa_mdp       force             5.8±0.0        7     1
sa_mdp       params            5.6±0.0        7     1
sa_mdp       noise             5.6±0.0        7     1
sa_mdp       combined          5.7±0.0        7     1
dr           nominal           5.7±0.0        7     1
dr           force             5.7±0.0        7     1
dr           params            5.5±0.0        6     1
dr           noise             5.6±0.0        7     1
dr           combined          5.6±0.0        7     1
rzsm         nominal           5.7±0.0        7     1
rzsm         force             5.6±0.0        7     1
rzsm         params            5.6±0.0        7     1
rzsm         noise             5.6±0.0        7     1
rzsm         combined          5.8±0.0        7     1

  Robustness Ratios (J_rob / J_nom):
Method       Scenario        Ratio
------------------------------------
vanilla      force           0.997
vanilla      params          0.969
vanilla      noise           0.997
vanilla      combined        0.983
rarl         force           1.004
rarl         params          0.975
rarl         noise           1.014
rarl         combined        1.000
sa_mdp       force           1.010
sa_mdp       params          0.979
sa_mdp       noise           0.983
sa_mdp       combined        1.000
dr           force           0.997
dr           params          0.962
dr           noise           0.979
dr           combined        0.976
rzsm         force           0.993
rzsm         params          0.982
rzsm         noise           0.979
rzsm         combined        1.025

Done.

>>> Phase 7: Generating plots...
Loading results for InvertedPendulum-v5...
  25 rows: 5 methods x 5 scenarios (1 seed)

Saved: results/InvertedPendulum_v5/figures/fig1_performance_comparison.pdf
Saved: results/InvertedPendulum_v5/figures/fig2_robustness_heatmap.pdf
Saved: results/InvertedPendulum_v5/figures/fig3_survival.pdf
Saved: results/InvertedPendulum_v5/figures/fig4_training_curves.pdf
Saved: results/InvertedPendulum_v5/figures/fig5_performance_drop.pdf

======================================================================
  TABLE 1: Performance Comparison (paste into paper.tex)
======================================================================
\begin{table}[!t]
\caption{Mean episode return ($\pm$ std) across disturbance scenarios on InvertedPendulum-v5.}
\label{tab:results}
\centering
\footnotesize
\begin{tabular}{lccccc}
\toprule
Method & Nominal & Ext. Force & Param. Perturb. & Obs. Noise & Combined \\
\midrule
Vanilla DDPG & $6 \pm 0$ & $6 \pm 0$ & $6 \pm 0$ & $6 \pm 0$ & $6 \pm 0$ \\
RARL & $6 \pm 0$ & $6 \pm 0$ & $6 \pm 0$ & $6 \pm 0$ & $6 \pm 0$ \\
SA-MDP & $6 \pm 0$ & $6 \pm 0$ & $6 \pm 0$ & $6 \pm 0$ & $6 \pm 0$ \\
Domain Rand. & $6 \pm 0$ & $6 \pm 0$ & $6 \pm 0$ & $6 \pm 0$ & $6 \pm 0$ \\
\midrule
RZSM (Ours) & $6 \pm 0$ & $6 \pm 0$ & $6 \pm 0$ & $6 \pm 0$ & $6 \pm 0$ \\
\bottomrule
\end{tabular}
\end{table}

======================================================================
  TABLE 2: Robustness Ratios (paste into paper.tex)
======================================================================
\begin{table}[!t]
\caption{Robustness ratio $J_{\text{rob}} / J_{\text{nom}}$ (closer to 1.0 is better).}
\label{tab:robustness}
\centering
\footnotesize
\begin{tabular}{lcccc}
\toprule
Method & Ext. Force & Param. Perturb. & Obs. Noise & Combined \\
\midrule
Vanilla DDPG & 1.00 & 0.97 & 1.00 & 0.98 \\
RARL & 1.00 & 0.98 & 1.01 & 1.00 \\
SA-MDP & 1.01 & 0.98 & 0.98 & 1.00 \\
Domain Rand. & 1.00 & 0.96 & 0.98 & 0.98 \\
\midrule
RZSM (Ours) & 0.99 & 0.98 & 0.98 & 1.02 \\
\bottomrule
\end{tabular}
\end{table}

All figures saved to: results/InvertedPendulum_v5/figures/
  fig1_performance_comparison.pdf
  fig1_performance_comparison.png
  fig2_robustness_heatmap.pdf
  fig2_robustness_heatmap.png
  fig3_survival.pdf
  fig3_survival.png
  fig4_training_curves.pdf
  fig4_training_curves.png
  fig5_performance_drop.pdf
  fig5_performance_drop.png

>>> Phase 8: Pushing results to git...
[main 11b079c] Training results: InvertedPendulum-v5 1 seeds 1 epochs [2026-02-12_21:32]
 16 files changed, 128 insertions(+)
 create mode 100644 results/InvertedDoublePendulum_v5/comparison_table.csv
 create mode 100644 results/InvertedDoublePendulum_v5/detection_metrics.json
 create mode 100644 results/InvertedDoublePendulum_v5/per_seed_results.csv
 create mode 100644 results/InvertedPendulum_v5/comparison_table.csv
 create mode 100644 results/InvertedPendulum_v5/detection_metrics.json
 create mode 100644 results/InvertedPendulum_v5/figures/fig1_performance_comparison.pdf
 create mode 100644 results/InvertedPendulum_v5/figures/fig1_performance_comparison.png
 create mode 100644 results/InvertedPendulum_v5/figures/fig2_robustness_heatmap.pdf
 create mode 100644 results/InvertedPendulum_v5/figures/fig2_robustness_heatmap.png
 create mode 100644 results/InvertedPendulum_v5/figures/fig3_survival.pdf
 create mode 100644 results/InvertedPendulum_v5/figures/fig3_survival.png
 create mode 100644 results/InvertedPendulum_v5/figures/fig4_training_curves.pdf
 create mode 100644 results/InvertedPendulum_v5/figures/fig4_training_curves.png
 create mode 100644 results/InvertedPendulum_v5/figures/fig5_performance_drop.pdf
 create mode 100644 results/InvertedPendulum_v5/figures/fig5_performance_drop.png
 create mode 100644 results/InvertedPendulum_v5/per_seed_results.csv
To github.com:alibaniasad1999/robust-zero-sum-marl.git
   dde5922..11b079c  main -> main

==========================================
  All done! Results committed & pushed.
==========================================
