==========================================
  Multi-seed training
  Seeds: 1 | Epochs: 1
  Env: Pusher-v5 | Parallel envs: 1
  Log base: logs/Pusher_v5
==========================================

>>> Phase 1: Training vanilla (nominal) policies...
  [vanilla] seed=0
Device is: cuda
[DDPGAgent] device=cuda  num_envs=1  pi_params=73735  q_params=73985

[DDPGAgent] Epoch 1/1  elapsed=0s  buf=4000
  return     -149.9  (episodes=39  mean_len=101)
  [perf] device=GPU (NVIDIA GeForce RTX 3080)  epoch_time=0.4s  steps/s=9030  updates/s=0
         env_step=0.28s (0.07ms/call x4000)  buf_sample=0.00s (0.00ms/call x0)  update=0.00s (0.00ms/call x0)
         GPU mem: alloc=1MB  reserved=2MB
  [saved] logs/Pusher_v5/vanilla/seed_0/checkpoints
Done.

>>> Phase 2: Training RARL policies...
  [rarl] seed=0
[AdversarialDDPG] Loaded pi_opt from logs/Pusher_v5/vanilla/seed_0/checkpoints
[AdversarialDDPG] device=cuda  num_envs=1  pi_rob=73735  pi_adv=73735  q=75777

[AdversarialDDPG] Epoch 1/1  elapsed=1s  buf=4000
  return     -149.1  (episodes=39  dist=13  mean_len=101)
  [perf] device=GPU (NVIDIA GeForce RTX 3080)  epoch_time=0.9s  steps/s=4619  updates/s=0
         env_step=0.49s (0.12ms/call x4000)  buf_sample=0.00s (0.00ms/call x0)  update=0.00s (0.00ms/call x0)
         GPU mem: alloc=2MB  reserved=4MB
  [saved] logs/Pusher_v5/rarl/seed_0/checkpoints
Done.

>>> Phase 3: Training SA-MDP policies...
  [sa_mdp] seed=0
<frozen runpy>:128: RuntimeWarning: 'src.baselines.sa_mdp' found in sys.modules after import of package 'src.baselines', but prior to execution of 'src.baselines.sa_mdp'; this may result in unpredictable behaviour
Device is: cuda
[DDPGAgent] device=cuda  num_envs=1  pi_params=73735  q_params=73985
[SA-MDP] eps=0.05
  step=99  ret=-143.5  len=100
  step=200  ret=-152.2  len=101
  step=301  ret=-147.1  len=101
  step=402  ret=-153.6  len=101
  step=503  ret=-152.2  len=101
  step=604  ret=-145.4  len=101
  step=705  ret=-133.3  len=101
  step=806  ret=-156.4  len=101
  step=907  ret=-145.8  len=101
  step=1008  ret=-147.9  len=101
  step=1109  ret=-152.1  len=101
  step=1210  ret=-151.0  len=101
  step=1311  ret=-150.3  len=101
  step=1412  ret=-153.5  len=101
  step=1513  ret=-146.7  len=101
  step=1614  ret=-154.0  len=101
  step=1715  ret=-150.5  len=101
  step=1816  ret=-145.7  len=101
  step=1917  ret=-153.8  len=101
  step=2018  ret=-134.1  len=101
  step=2119  ret=-158.0  len=101
  step=2220  ret=-159.8  len=101
  step=2321  ret=-146.3  len=101
  step=2422  ret=-171.5  len=101
  step=2523  ret=-148.0  len=101
  step=2624  ret=-145.5  len=101
  step=2725  ret=-162.1  len=101
  step=2826  ret=-141.4  len=101
  step=2927  ret=-153.1  len=101
  step=3028  ret=-138.5  len=101
  step=3129  ret=-140.2  len=101
  step=3230  ret=-145.4  len=101
  step=3331  ret=-163.5  len=101
  step=3432  ret=-147.0  len=101
  step=3533  ret=-150.9  len=101
  step=3634  ret=-145.3  len=101
  step=3735  ret=-154.4  len=101
  step=3836  ret=-144.8  len=101
  step=3937  ret=-146.9  len=101
[SA-MDP] Epoch 1/1  elapsed=1s
  [saved] logs/Pusher_v5/sa_mdp/seed_0/checkpoints
Done.

>>> Phase 4: Training Domain Randomization policies...
  [dr] seed=0
<frozen runpy>:128: RuntimeWarning: 'src.baselines.domain_randomization' found in sys.modules after import of package 'src.baselines', but prior to execution of 'src.baselines.domain_randomization'; this may result in unpredictable behaviour
Device is: cuda
[DDPGAgent] device=cuda  num_envs=1  pi_params=73735  q_params=73985

[DDPGAgent] Epoch 1/1  elapsed=1s  buf=4000
  return     -150.0  (episodes=39  mean_len=101)
  [perf] device=GPU (NVIDIA GeForce RTX 3080)  epoch_time=0.6s  steps/s=6925  updates/s=0
         env_step=0.35s (0.09ms/call x4000)  buf_sample=0.00s (0.00ms/call x0)  update=0.00s (0.00ms/call x0)
         GPU mem: alloc=1MB  reserved=2MB
  [saved] logs/Pusher_v5/dr/seed_0/checkpoints
Done.

>>> Phase 5: Training RZSM policies...
  [rzsm] seed=0
[AdversarialDDPG] Loaded pi_opt from logs/Pusher_v5/vanilla/seed_0/checkpoints
[AdversarialDDPG] device=cuda  num_envs=1  pi_rob=73735  pi_adv=73735  q=75777

[AdversarialDDPG] Epoch 1/1  elapsed=1s  buf=4000
  return     -148.2  (episodes=39  dist=13  mean_len=101)
  [perf] device=GPU (NVIDIA GeForce RTX 3080)  epoch_time=0.6s  steps/s=7160  updates/s=0
         env_step=0.32s (0.08ms/call x4000)  buf_sample=0.00s (0.00ms/call x0)  update=0.00s (0.00ms/call x0)
         GPU mem: alloc=4MB  reserved=4MB
  [saved] logs/Pusher_v5/rzsm/seed_0/checkpoints
Done.

==========================================
  Training complete!
  Checkpoints: logs/Pusher_v5/{vanilla,rarl,sa_mdp,dr,rzsm}/seed_*/
==========================================

>>> Phase 6: Running evaluation...

============================================================
  Method: vanilla
============================================================
  Found 1 seed(s): ['seed_0']

  Scenario: nominal  (50 episodes/seed)
    seed_0: J = -51.8 +/- 3.4  len = 100  (5.5s)

  Scenario: force  (50 episodes/seed)
    seed_0: J = -54.3 +/- 4.2  len = 100  (9.0s)

  Scenario: params  (50 episodes/seed)
    seed_0: J = -53.8 +/- 3.5  len = 100  (7.7s)

  Scenario: noise  (50 episodes/seed)
    seed_0: J = -53.9 +/- 3.9  len = 100  (7.4s)

  Scenario: combined  (50 episodes/seed)
    seed_0: J = -54.0 +/- 4.4  len = 100  (7.4s)

============================================================
  Method: rarl
============================================================
  Found 1 seed(s): ['seed_0']

  Scenario: nominal  (50 episodes/seed)
    seed_0: J = -53.1 +/- 4.5  len = 100  (7.7s)

  Scenario: force  (50 episodes/seed)
    seed_0: J = -53.5 +/- 4.5  len = 100  (7.4s)

  Scenario: params  (50 episodes/seed)
    seed_0: J = -53.2 +/- 4.1  len = 100  (7.5s)

  Scenario: noise  (50 episodes/seed)
    seed_0: J = -53.7 +/- 4.5  len = 100  (7.7s)

  Scenario: combined  (50 episodes/seed)
    seed_0: J = -53.8 +/- 4.2  len = 100  (7.7s)

============================================================
  Method: sa_mdp
============================================================
  Found 1 seed(s): ['seed_0']

  Scenario: nominal  (50 episodes/seed)
    seed_0: J = -54.3 +/- 4.3  len = 100  (8.1s)

  Scenario: force  (50 episodes/seed)
    seed_0: J = -53.5 +/- 3.3  len = 100  (8.3s)

  Scenario: params  (50 episodes/seed)
    seed_0: J = -53.5 +/- 4.0  len = 100  (8.3s)

  Scenario: noise  (50 episodes/seed)
    seed_0: J = -53.3 +/- 3.8  len = 100  (8.2s)

  Scenario: combined  (50 episodes/seed)
    seed_0: J = -54.2 +/- 3.7  len = 100  (8.4s)

============================================================
  Method: dr
============================================================
  Found 1 seed(s): ['seed_0']

  Scenario: nominal  (50 episodes/seed)
    seed_0: J = -53.9 +/- 4.3  len = 100  (8.3s)

  Scenario: force  (50 episodes/seed)
    seed_0: J = -53.0 +/- 3.8  len = 100  (7.3s)

  Scenario: params  (50 episodes/seed)
    seed_0: J = -53.4 +/- 4.6  len = 100  (6.6s)

  Scenario: noise  (50 episodes/seed)
    seed_0: J = -53.5 +/- 3.6  len = 100  (6.0s)

  Scenario: combined  (50 episodes/seed)
    seed_0: J = -52.6 +/- 4.6  len = 100  (6.0s)

============================================================
  Method: rzsm
============================================================
  Found 1 seed(s): ['seed_0']

  Scenario: nominal  (50 episodes/seed)
    seed_0: J = -52.4 +/- 3.6  len = 100  (16.4s)

  Scenario: force  (50 episodes/seed)
    seed_0: J = -53.5 +/- 3.9  len = 100  (13.1s)

  Scenario: params  (50 episodes/seed)
    seed_0: J = -53.3 +/- 4.1  len = 100  (13.0s)

  Scenario: noise  (50 episodes/seed)
    seed_0: J = -53.0 +/- 3.8  len = 100  (13.1s)

  Scenario: combined  (50 episodes/seed)
    seed_0: J = -53.4 +/- 3.7  len = 100  (13.4s)
Saved: results/Pusher_v5/comparison_table.csv
Saved: results/Pusher_v5/per_seed_results.csv
Saved: results/Pusher_v5/detection_metrics.json

======================================================================
  RESULTS: Pusher-v5  (aggregated across seeds)
======================================================================
Method       Scenario           Return   Length  Seeds
--------------------------------------------------------
vanilla      nominal         -51.8±0.0      100     1
vanilla      force           -54.3±0.0      100     1
vanilla      params          -53.8±0.0      100     1
vanilla      noise           -53.9±0.0      100     1
vanilla      combined        -54.0±0.0      100     1
rarl         nominal         -53.1±0.0      100     1
rarl         force           -53.5±0.0      100     1
rarl         params          -53.2±0.0      100     1
rarl         noise           -53.7±0.0      100     1
rarl         combined        -53.8±0.0      100     1
sa_mdp       nominal         -54.3±0.0      100     1
sa_mdp       force           -53.5±0.0      100     1
sa_mdp       params          -53.5±0.0      100     1
sa_mdp       noise           -53.3±0.0      100     1
sa_mdp       combined        -54.2±0.0      100     1
dr           nominal         -53.9±0.0      100     1
dr           force           -53.0±0.0      100     1
dr           params          -53.4±0.0      100     1
dr           noise           -53.5±0.0      100     1
dr           combined        -52.6±0.0      100     1
rzsm         nominal         -52.4±0.0      100     1
rzsm         force           -53.5±0.0      100     1
rzsm         params          -53.3±0.0      100     1
rzsm         noise           -53.0±0.0      100     1
rzsm         combined        -53.4±0.0      100     1

  Robustness Ratios (J_rob / J_nom):
Method       Scenario        Ratio
------------------------------------
vanilla      force           1.047
vanilla      params          1.037
vanilla      noise           1.040
vanilla      combined        1.041
rarl         force           1.008
rarl         params          1.002
rarl         noise           1.011
rarl         combined        1.012
sa_mdp       force           0.986
sa_mdp       params          0.985
sa_mdp       noise           0.981
sa_mdp       combined        0.998
dr           force           0.983
dr           params          0.990
dr           noise           0.992
dr           combined        0.976
rzsm         force           1.021
rzsm         params          1.018
rzsm         noise           1.011
rzsm         combined        1.019

Done.

>>> Phase 7: Generating plots...
Loading results for Pusher-v5...
  25 rows: 5 methods x 5 scenarios (1 seed)

Saved: results/Pusher_v5/figures/fig1_performance_comparison.pdf
Saved: results/Pusher_v5/figures/fig2_robustness_heatmap.pdf
Saved: results/Pusher_v5/figures/fig3_survival.pdf
Saved: results/Pusher_v5/figures/fig4_training_curves.pdf
Saved: results/Pusher_v5/figures/fig5_performance_drop.pdf

======================================================================
  TABLE 1: Performance Comparison (paste into paper.tex)
======================================================================
\begin{table}[!t]
\caption{Mean episode return ($\pm$ std) across disturbance scenarios on Pusher-v5.}
\label{tab:results}
\centering
\footnotesize
\begin{tabular}{lccccc}
\toprule
Method & Nominal & Ext. Force & Param. Perturb. & Obs. Noise & Combined \\
\midrule
Vanilla DDPG & $-52 \pm 0$ & $-54 \pm 0$ & $-54 \pm 0$ & $-54 \pm 0$ & $-54 \pm 0$ \\
RARL & $-53 \pm 0$ & $-54 \pm 0$ & $-53 \pm 0$ & $-54 \pm 0$ & $-54 \pm 0$ \\
SA-MDP & $-54 \pm 0$ & $-54 \pm 0$ & $-53 \pm 0$ & $-53 \pm 0$ & $-54 \pm 0$ \\
Domain Rand. & $-54 \pm 0$ & $-53 \pm 0$ & $-53 \pm 0$ & $-54 \pm 0$ & $-53 \pm 0$ \\
\midrule
RZSM (Ours) & $-52 \pm 0$ & $-53 \pm 0$ & $-53 \pm 0$ & $-53 \pm 0$ & $-53 \pm 0$ \\
\bottomrule
\end{tabular}
\end{table}

======================================================================
  TABLE 2: Robustness Ratios (paste into paper.tex)
======================================================================
\begin{table}[!t]
\caption{Robustness ratio $J_{\text{rob}} / J_{\text{nom}}$ (closer to 1.0 is better).}
\label{tab:robustness}
\centering
\footnotesize
\begin{tabular}{lcccc}
\toprule
Method & Ext. Force & Param. Perturb. & Obs. Noise & Combined \\
\midrule
Vanilla DDPG & 1.05 & 1.04 & 1.04 & 1.04 \\
RARL & 1.01 & 1.00 & 1.01 & 1.01 \\
SA-MDP & 0.99 & 0.98 & 0.98 & 1.00 \\
Domain Rand. & 0.98 & 0.99 & 0.99 & 0.98 \\
\midrule
RZSM (Ours) & 1.02 & 1.02 & 1.01 & 1.02 \\
\bottomrule
\end{tabular}
\end{table}

All figures saved to: results/Pusher_v5/figures/
  fig1_performance_comparison.pdf
  fig1_performance_comparison.png
  fig2_robustness_heatmap.pdf
  fig2_robustness_heatmap.png
  fig3_survival.pdf
  fig3_survival.png
  fig4_training_curves.pdf
  fig4_training_curves.png
  fig5_performance_drop.pdf
  fig5_performance_drop.png

>>> Phase 8: Pushing results to git...
[main 53d229d] Training results: Pusher-v5 1 seeds 1 epochs [2026-02-12_21:36]
 13 files changed, 64 insertions(+)
 create mode 100644 results/Pusher_v5/comparison_table.csv
 create mode 100644 results/Pusher_v5/detection_metrics.json
 create mode 100644 results/Pusher_v5/figures/fig1_performance_comparison.pdf
 create mode 100644 results/Pusher_v5/figures/fig1_performance_comparison.png
 create mode 100644 results/Pusher_v5/figures/fig2_robustness_heatmap.pdf
 create mode 100644 results/Pusher_v5/figures/fig2_robustness_heatmap.png
 create mode 100644 results/Pusher_v5/figures/fig3_survival.pdf
 create mode 100644 results/Pusher_v5/figures/fig3_survival.png
 create mode 100644 results/Pusher_v5/figures/fig4_training_curves.pdf
 create mode 100644 results/Pusher_v5/figures/fig4_training_curves.png
 create mode 100644 results/Pusher_v5/figures/fig5_performance_drop.pdf
 create mode 100644 results/Pusher_v5/figures/fig5_performance_drop.png
 create mode 100644 results/Pusher_v5/per_seed_results.csv
To github.com:alibaniasad1999/robust-zero-sum-marl.git
   8093c93..53d229d  main -> main

==========================================
  All done! Results committed & pushed.
==========================================
