==========================================
  Multi-seed training
  Seeds: 1 | Epochs: 1
  Env: Walker2d-v5 | Parallel envs: 1
  Log base: logs/Walker2d_v5
==========================================

>>> Phase 1: Training vanilla (nominal) policies...
  [vanilla] seed=0
Device is: cuda
[DDPGAgent] device=cuda  num_envs=1  pi_params=71942  q_params=72193

[DDPGAgent] Epoch 1/1  elapsed=1s  buf=4000
  return        1.5  (episodes=182  mean_len=22)
  [perf] device=GPU (NVIDIA GeForce RTX 3080)  epoch_time=1.2s  steps/s=3430  updates/s=0
         env_step=0.82s (0.21ms/call x4000)  buf_sample=0.00s (0.00ms/call x0)  update=0.00s (0.00ms/call x0)
         GPU mem: alloc=1MB  reserved=2MB
  [saved] logs/Walker2d_v5/vanilla/seed_0/checkpoints
Done.

>>> Phase 2: Training RARL policies...
  [rarl] seed=0
[AdversarialDDPG] Loaded pi_opt from logs/Walker2d_v5/vanilla/seed_0/checkpoints
[AdversarialDDPG] device=cuda  num_envs=1  pi_rob=71942  pi_adv=71942  q=73729

[AdversarialDDPG] Epoch 1/1  elapsed=1s  buf=4000
  return        1.9  (episodes=184  dist=85  mean_len=22)
  [perf] device=GPU (NVIDIA GeForce RTX 3080)  epoch_time=1.2s  steps/s=3272  updates/s=0
         env_step=0.80s (0.20ms/call x4000)  buf_sample=0.00s (0.00ms/call x0)  update=0.00s (0.00ms/call x0)
         GPU mem: alloc=2MB  reserved=4MB
  [saved] logs/Walker2d_v5/rarl/seed_0/checkpoints
Done.

>>> Phase 3: Training SA-MDP policies...
  [sa_mdp] seed=0
<frozen runpy>:128: RuntimeWarning: 'src.baselines.sa_mdp' found in sys.modules after import of package 'src.baselines', but prior to execution of 'src.baselines.sa_mdp'; this may result in unpredictable behaviour
Device is: cuda
[DDPGAgent] device=cuda  num_envs=1  pi_params=71942  q_params=72193
[SA-MDP] eps=0.05
  step=24  ret=0.3  len=25
  step=40  ret=-1.9  len=16
  step=57  ret=4.7  len=17
  step=97  ret=-2.5  len=40
  step=133  ret=7.9  len=36
  step=158  ret=-0.2  len=25
  step=180  ret=-5.2  len=22
  step=203  ret=2.1  len=23
  step=215  ret=-4.5  len=12
  step=230  ret=-4.4  len=15
  step=254  ret=1.2  len=24
  step=263  ret=-2.9  len=9
  step=277  ret=-7.9  len=14
  step=290  ret=-3.1  len=13
  step=309  ret=0.3  len=19
  step=323  ret=-0.3  len=14
  step=343  ret=-2.1  len=20
  step=370  ret=11.4  len=27
  step=388  ret=-4.3  len=18
  step=411  ret=-3.2  len=23
  step=431  ret=3.6  len=20
  step=443  ret=-0.8  len=12
  step=461  ret=-2.8  len=18
  step=480  ret=-3.2  len=19
  step=506  ret=8.3  len=26
  step=528  ret=4.1  len=22
  step=544  ret=-3.7  len=16
  step=574  ret=4.3  len=30
  step=590  ret=1.5  len=16
  step=609  ret=-6.0  len=19
  step=623  ret=-3.1  len=14
  step=641  ret=-3.9  len=18
  step=669  ret=3.0  len=28
  step=703  ret=-0.8  len=34
  step=720  ret=2.7  len=17
  step=746  ret=3.0  len=26
  step=775  ret=-0.1  len=29
  step=790  ret=-3.0  len=15
  step=816  ret=7.4  len=26
  step=835  ret=3.7  len=19
  step=849  ret=-4.1  len=14
  step=878  ret=13.7  len=29
  step=894  ret=1.6  len=16
  step=914  ret=-0.8  len=20
  step=937  ret=-3.8  len=23
  step=959  ret=2.0  len=22
  step=971  ret=-1.5  len=12
  step=1000  ret=7.0  len=29
  step=1013  ret=-3.1  len=13
  step=1024  ret=-0.2  len=11
  step=1053  ret=9.4  len=29
  step=1068  ret=1.1  len=15
  step=1086  ret=-3.3  len=18
  step=1098  ret=-4.0  len=12
  step=1108  ret=-2.6  len=10
  step=1123  ret=0.6  len=15
  step=1141  ret=6.0  len=18
  step=1176  ret=-0.9  len=35
  step=1200  ret=-5.7  len=24
  step=1216  ret=0.9  len=16
  step=1240  ret=-6.8  len=24
  step=1264  ret=-5.5  len=24
  step=1288  ret=5.5  len=24
  step=1322  ret=3.6  len=34
  step=1335  ret=-3.8  len=13
  step=1364  ret=7.5  len=29
  step=1385  ret=-2.7  len=21
  step=1422  ret=-4.8  len=37
  step=1449  ret=8.6  len=27
  step=1469  ret=-3.2  len=20
  step=1485  ret=-2.6  len=16
  step=1508  ret=3.3  len=23
  step=1525  ret=-5.2  len=17
  step=1536  ret=-3.5  len=11
  step=1566  ret=0.4  len=30
  step=1584  ret=5.5  len=18
  step=1601  ret=1.8  len=17
  step=1633  ret=5.0  len=32
  step=1646  ret=-0.5  len=13
  step=1659  ret=-2.9  len=13
  step=1684  ret=2.0  len=25
  step=1697  ret=-1.2  len=13
  step=1715  ret=2.9  len=18
  step=1735  ret=1.5  len=20
  step=1759  ret=0.4  len=24
  step=1773  ret=-1.0  len=14
  step=1796  ret=10.5  len=23
  step=1837  ret=9.2  len=41
  step=1856  ret=2.4  len=19
  step=1883  ret=-1.0  len=27
  step=1904  ret=-0.8  len=21
  step=1936  ret=5.9  len=32
  step=1963  ret=2.6  len=27
  step=1984  ret=-9.0  len=21
  step=2009  ret=-0.7  len=25
  step=2041  ret=11.4  len=32
  step=2065  ret=14.6  len=24
  step=2088  ret=2.7  len=23
  step=2123  ret=19.4  len=35
  step=2134  ret=-4.9  len=11
  step=2162  ret=4.4  len=28
  step=2207  ret=19.8  len=45
  step=2222  ret=1.9  len=15
  step=2243  ret=8.8  len=21
  step=2268  ret=-3.1  len=25
  step=2281  ret=2.4  len=13
  step=2315  ret=9.4  len=34
  step=2330  ret=-0.5  len=15
  step=2344  ret=-1.2  len=14
  step=2398  ret=8.0  len=54
  step=2409  ret=-3.8  len=11
  step=2420  ret=-2.4  len=11
  step=2437  ret=0.3  len=17
  step=2481  ret=4.8  len=44
  step=2506  ret=6.2  len=25
  step=2528  ret=9.4  len=22
  step=2544  ret=-3.9  len=16
  step=2569  ret=-2.0  len=25
  step=2600  ret=-0.4  len=31
  step=2623  ret=-0.1  len=23
  step=2658  ret=5.1  len=35
  step=2698  ret=-0.3  len=40
  step=2717  ret=-2.5  len=19
  step=2737  ret=5.3  len=20
  step=2759  ret=8.3  len=22
  step=2797  ret=11.2  len=38
  step=2839  ret=10.0  len=42
  step=2873  ret=14.5  len=34
  step=2885  ret=-3.1  len=12
  step=2900  ret=1.2  len=15
  step=2911  ret=-3.6  len=11
  step=2935  ret=3.8  len=24
  step=2950  ret=1.7  len=15
  step=2963  ret=-2.6  len=13
  step=2985  ret=1.3  len=22
  step=3016  ret=6.1  len=31
  step=3029  ret=-3.9  len=13
  step=3045  ret=-4.3  len=16
  step=3058  ret=1.1  len=13
  step=3081  ret=6.6  len=23
  step=3094  ret=-0.8  len=13
  step=3143  ret=8.0  len=49
  step=3175  ret=8.7  len=32
  step=3197  ret=-1.7  len=22
  step=3214  ret=1.8  len=17
  step=3239  ret=3.5  len=25
  step=3262  ret=4.7  len=23
  step=3279  ret=0.3  len=17
  step=3294  ret=0.9  len=15
  step=3320  ret=-6.0  len=26
  step=3330  ret=-1.7  len=10
  step=3350  ret=2.9  len=20
  step=3374  ret=1.9  len=24
  step=3392  ret=3.0  len=18
  step=3412  ret=-1.3  len=20
  step=3424  ret=-1.4  len=12
  step=3445  ret=-2.5  len=21
  step=3479  ret=10.5  len=34
  step=3498  ret=-3.5  len=19
  step=3528  ret=14.2  len=30
  step=3553  ret=0.8  len=25
  step=3583  ret=0.9  len=30
  step=3597  ret=3.3  len=14
  step=3625  ret=14.4  len=28
  step=3657  ret=8.8  len=32
  step=3696  ret=22.0  len=39
  step=3719  ret=-5.5  len=23
  step=3738  ret=3.8  len=19
  step=3753  ret=-0.4  len=15
  step=3774  ret=4.5  len=21
  step=3789  ret=0.7  len=15
  step=3808  ret=-1.2  len=19
  step=3839  ret=-1.3  len=31
  step=3860  ret=6.8  len=21
  step=3887  ret=4.6  len=27
  step=3915  ret=13.8  len=28
  step=3938  ret=-6.0  len=23
  step=3973  ret=3.2  len=35
[SA-MDP] Epoch 1/1  elapsed=1s
  [saved] logs/Walker2d_v5/sa_mdp/seed_0/checkpoints
Done.

>>> Phase 4: Training Domain Randomization policies...
  [dr] seed=0
<frozen runpy>:128: RuntimeWarning: 'src.baselines.domain_randomization' found in sys.modules after import of package 'src.baselines', but prior to execution of 'src.baselines.domain_randomization'; this may result in unpredictable behaviour
Device is: cuda
[DDPGAgent] device=cuda  num_envs=1  pi_params=71942  q_params=72193

[DDPGAgent] Epoch 1/1  elapsed=1s  buf=4000
  return        1.9  (episodes=188  mean_len=21)
  [perf] device=GPU (NVIDIA GeForce RTX 3080)  epoch_time=0.8s  steps/s=4847  updates/s=0
         env_step=0.61s (0.15ms/call x4000)  buf_sample=0.00s (0.00ms/call x0)  update=0.00s (0.00ms/call x0)
         GPU mem: alloc=1MB  reserved=2MB
  [saved] logs/Walker2d_v5/dr/seed_0/checkpoints
Done.

>>> Phase 5: Training RZSM policies...
  [rzsm] seed=0
[AdversarialDDPG] Loaded pi_opt from logs/Walker2d_v5/vanilla/seed_0/checkpoints
[AdversarialDDPG] device=cuda  num_envs=1  pi_rob=71942  pi_adv=71942  q=73729

[AdversarialDDPG] Epoch 1/1  elapsed=1s  buf=4000
  return        1.4  (episodes=182  dist=84  mean_len=22)
  [perf] device=GPU (NVIDIA GeForce RTX 3080)  epoch_time=0.8s  steps/s=5081  updates/s=0
         env_step=0.53s (0.13ms/call x4000)  buf_sample=0.00s (0.00ms/call x0)  update=0.00s (0.00ms/call x0)
         GPU mem: alloc=4MB  reserved=4MB
  [saved] logs/Walker2d_v5/rzsm/seed_0/checkpoints
Done.

==========================================
  Training complete!
  Checkpoints: logs/Walker2d_v5/{vanilla,rarl,sa_mdp,dr,rzsm}/seed_*/
==========================================

>>> Phase 6: Running evaluation...

============================================================
  Method: vanilla
============================================================
  Found 1 seed(s): ['seed_0']

  Scenario: nominal  (50 episodes/seed)
    seed_0: J = 49.2 +/- 1.3  len = 65  (5.1s)

  Scenario: force  (50 episodes/seed)
    seed_0: J = 49.3 +/- 1.4  len = 65  (6.2s)

  Scenario: params  (50 episodes/seed)
    seed_0: J = 48.9 +/- 2.1  len = 65  (5.2s)

  Scenario: noise  (50 episodes/seed)
    seed_0: J = 49.0 +/- 1.4  len = 65  (4.8s)

  Scenario: combined  (50 episodes/seed)
    seed_0: J = 48.7 +/- 3.0  len = 64  (4.8s)

============================================================
  Method: rarl
============================================================
  Found 1 seed(s): ['seed_0']

  Scenario: nominal  (50 episodes/seed)
    seed_0: J = 49.2 +/- 1.5  len = 65  (4.8s)

  Scenario: force  (50 episodes/seed)
    seed_0: J = 49.2 +/- 1.5  len = 65  (5.0s)

  Scenario: params  (50 episodes/seed)
    seed_0: J = 49.3 +/- 2.4  len = 65  (5.0s)

  Scenario: noise  (50 episodes/seed)
    seed_0: J = 49.3 +/- 1.1  len = 65  (4.8s)

  Scenario: combined  (50 episodes/seed)
    seed_0: J = 48.8 +/- 3.1  len = 65  (4.8s)

============================================================
  Method: sa_mdp
============================================================
  Found 1 seed(s): ['seed_0']

  Scenario: nominal  (50 episodes/seed)
    seed_0: J = 49.1 +/- 1.4  len = 65  (4.9s)

  Scenario: force  (50 episodes/seed)
    seed_0: J = 49.0 +/- 1.4  len = 65  (5.1s)

  Scenario: params  (50 episodes/seed)
    seed_0: J = 48.5 +/- 2.2  len = 65  (4.9s)

  Scenario: noise  (50 episodes/seed)
    seed_0: J = 49.1 +/- 1.4  len = 65  (5.0s)

  Scenario: combined  (50 episodes/seed)
    seed_0: J = 49.4 +/- 2.3  len = 65  (5.1s)

============================================================
  Method: dr
============================================================
  Found 1 seed(s): ['seed_0']

  Scenario: nominal  (50 episodes/seed)
    seed_0: J = 48.8 +/- 1.4  len = 65  (5.3s)

  Scenario: force  (50 episodes/seed)
    seed_0: J = 49.1 +/- 1.2  len = 65  (5.5s)

  Scenario: params  (50 episodes/seed)
    seed_0: J = 49.0 +/- 2.6  len = 65  (5.3s)

  Scenario: noise  (50 episodes/seed)
    seed_0: J = 49.6 +/- 1.5  len = 65  (5.5s)

  Scenario: combined  (50 episodes/seed)
    seed_0: J = 49.1 +/- 2.7  len = 64  (5.3s)

============================================================
  Method: rzsm
============================================================
  Found 1 seed(s): ['seed_0']

  Scenario: nominal  (50 episodes/seed)
    seed_0: J = 49.5 +/- 1.3  len = 65  (14.3s)

  Scenario: force  (50 episodes/seed)
    seed_0: J = 48.9 +/- 1.4  len = 65  (12.7s)

  Scenario: params  (50 episodes/seed)
    seed_0: J = 48.5 +/- 2.6  len = 65  (10.5s)

  Scenario: noise  (50 episodes/seed)
    seed_0: J = 49.1 +/- 1.4  len = 65  (10.0s)

  Scenario: combined  (50 episodes/seed)
    seed_0: J = 49.5 +/- 2.2  len = 65  (12.6s)
Saved: results/Walker2d_v5/comparison_table.csv
Saved: results/Walker2d_v5/per_seed_results.csv
Saved: results/Walker2d_v5/detection_metrics.json

======================================================================
  RESULTS: Walker2d-v5  (aggregated across seeds)
======================================================================
Method       Scenario           Return   Length  Seeds
--------------------------------------------------------
vanilla      nominal          49.2±0.0       65     1
vanilla      force            49.3±0.0       65     1
vanilla      params           48.9±0.0       65     1
vanilla      noise            49.0±0.0       65     1
vanilla      combined         48.7±0.0       64     1
rarl         nominal          49.2±0.0       65     1
rarl         force            49.2±0.0       65     1
rarl         params           49.3±0.0       65     1
rarl         noise            49.3±0.0       65     1
rarl         combined         48.8±0.0       65     1
sa_mdp       nominal          49.1±0.0       65     1
sa_mdp       force            49.0±0.0       65     1
sa_mdp       params           48.5±0.0       65     1
sa_mdp       noise            49.1±0.0       65     1
sa_mdp       combined         49.4±0.0       65     1
dr           nominal          48.8±0.0       65     1
dr           force            49.1±0.0       65     1
dr           params           49.0±0.0       65     1
dr           noise            49.6±0.0       65     1
dr           combined         49.1±0.0       64     1
rzsm         nominal          49.5±0.0       65     1
rzsm         force            48.9±0.0       65     1
rzsm         params           48.5±0.0       65     1
rzsm         noise            49.1±0.0       65     1
rzsm         combined         49.5±0.0       65     1

  Robustness Ratios (J_rob / J_nom):
Method       Scenario        Ratio
------------------------------------
vanilla      force           1.001
vanilla      params          0.993
vanilla      noise           0.996
vanilla      combined        0.989
rarl         force           0.999
rarl         params          1.002
rarl         noise           1.001
rarl         combined        0.992
sa_mdp       force           0.998
sa_mdp       params          0.987
sa_mdp       noise           1.001
sa_mdp       combined        1.006
dr           force           1.006
dr           params          1.004
dr           noise           1.016
dr           combined        1.006
rzsm         force           0.987
rzsm         params          0.980
rzsm         noise           0.991
rzsm         combined        1.001

Done.

>>> Phase 7: Generating plots...
Loading results for Walker2d-v5...
  25 rows: 5 methods x 5 scenarios (1 seed)

Saved: results/Walker2d_v5/figures/fig1_performance_comparison.pdf
Saved: results/Walker2d_v5/figures/fig2_robustness_heatmap.pdf
Saved: results/Walker2d_v5/figures/fig3_survival.pdf
Saved: results/Walker2d_v5/figures/fig4_training_curves.pdf
Saved: results/Walker2d_v5/figures/fig5_performance_drop.pdf

======================================================================
  TABLE 1: Performance Comparison (paste into paper.tex)
======================================================================
\begin{table}[!t]
\caption{Mean episode return ($\pm$ std) across disturbance scenarios on Walker2d-v5.}
\label{tab:results}
\centering
\footnotesize
\begin{tabular}{lccccc}
\toprule
Method & Nominal & Ext. Force & Param. Perturb. & Obs. Noise & Combined \\
\midrule
Vanilla DDPG & $49 \pm 0$ & $49 \pm 0$ & $49 \pm 0$ & $49 \pm 0$ & $49 \pm 0$ \\
RARL & $49 \pm 0$ & $49 \pm 0$ & $49 \pm 0$ & $49 \pm 0$ & $49 \pm 0$ \\
SA-MDP & $49 \pm 0$ & $49 \pm 0$ & $48 \pm 0$ & $49 \pm 0$ & $49 \pm 0$ \\
Domain Rand. & $49 \pm 0$ & $49 \pm 0$ & $49 \pm 0$ & $50 \pm 0$ & $49 \pm 0$ \\
\midrule
RZSM (Ours) & $50 \pm 0$ & $49 \pm 0$ & $49 \pm 0$ & $49 \pm 0$ & $50 \pm 0$ \\
\bottomrule
\end{tabular}
\end{table}

======================================================================
  TABLE 2: Robustness Ratios (paste into paper.tex)
======================================================================
\begin{table}[!t]
\caption{Robustness ratio $J_{\text{rob}} / J_{\text{nom}}$ (closer to 1.0 is better).}
\label{tab:robustness}
\centering
\footnotesize
\begin{tabular}{lcccc}
\toprule
Method & Ext. Force & Param. Perturb. & Obs. Noise & Combined \\
\midrule
Vanilla DDPG & 1.00 & 0.99 & 1.00 & 0.99 \\
RARL & 1.00 & 1.00 & 1.00 & 0.99 \\
SA-MDP & 1.00 & 0.99 & 1.00 & 1.01 \\
Domain Rand. & 1.01 & 1.00 & 1.02 & 1.01 \\
\midrule
RZSM (Ours) & 0.99 & 0.98 & 0.99 & 1.00 \\
\bottomrule
\end{tabular}
\end{table}

All figures saved to: results/Walker2d_v5/figures/
  fig1_performance_comparison.pdf
  fig1_performance_comparison.png
  fig2_robustness_heatmap.pdf
  fig2_robustness_heatmap.png
  fig3_survival.pdf
  fig3_survival.png
  fig4_training_curves.pdf
  fig4_training_curves.png
  fig5_performance_drop.pdf
  fig5_performance_drop.png

>>> Phase 8: Pushing results to git...
[main 8093c93] Training results: Walker2d-v5 1 seeds 1 epochs [2026-02-12_21:35]
 13 files changed, 64 insertions(+)
 create mode 100644 results/Walker2d_v5/comparison_table.csv
 create mode 100644 results/Walker2d_v5/detection_metrics.json
 create mode 100644 results/Walker2d_v5/figures/fig1_performance_comparison.pdf
 create mode 100644 results/Walker2d_v5/figures/fig1_performance_comparison.png
 create mode 100644 results/Walker2d_v5/figures/fig2_robustness_heatmap.pdf
 create mode 100644 results/Walker2d_v5/figures/fig2_robustness_heatmap.png
 create mode 100644 results/Walker2d_v5/figures/fig3_survival.pdf
 create mode 100644 results/Walker2d_v5/figures/fig3_survival.png
 create mode 100644 results/Walker2d_v5/figures/fig4_training_curves.pdf
 create mode 100644 results/Walker2d_v5/figures/fig4_training_curves.png
 create mode 100644 results/Walker2d_v5/figures/fig5_performance_drop.pdf
 create mode 100644 results/Walker2d_v5/figures/fig5_performance_drop.png
 create mode 100644 results/Walker2d_v5/per_seed_results.csv
To github.com:alibaniasad1999/robust-zero-sum-marl.git
   0715df2..8093c93  main -> main

==========================================
  All done! Results committed & pushed.
==========================================
